Archive member included to satisfy reference by file (symbol)

d:/stm32cubeide/stm32cubeide_1.0.0/stm32cubeide/plugins/com.st.stm32cube.ide.mcu.externaltools.gnu-tools-for-stm32.9-2020-q2-update.win32_1.5.0.202011040924/tools/bin/../lib/gcc/arm-none-eabi/9.3.1/../../../../arm-none-eabi/lib/thumb/v7-m/nofp\libc_nano.a(lib_a-errno.o)
                              Core/Src/syscalls.o (__errno)
d:/stm32cubeide/stm32cubeide_1.0.0/stm32cubeide/plugins/com.st.stm32cube.ide.mcu.externaltools.gnu-tools-for-stm32.9-2020-q2-update.win32_1.5.0.202011040924/tools/bin/../lib/gcc/arm-none-eabi/9.3.1/../../../../arm-none-eabi/lib/thumb/v7-m/nofp\libc_nano.a(lib_a-exit.o)
                              d:/stm32cubeide/stm32cubeide_1.0.0/stm32cubeide/plugins/com.st.stm32cube.ide.mcu.externaltools.gnu-tools-for-stm32.9-2020-q2-update.win32_1.5.0.202011040924/tools/bin/../lib/gcc/arm-none-eabi/9.3.1/../../../../arm-none-eabi/lib/thumb/v7-m/nofp/crt0.o (exit)
d:/stm32cubeide/stm32cubeide_1.0.0/stm32cubeide/plugins/com.st.stm32cube.ide.mcu.externaltools.gnu-tools-for-stm32.9-2020-q2-update.win32_1.5.0.202011040924/tools/bin/../lib/gcc/arm-none-eabi/9.3.1/../../../../arm-none-eabi/lib/thumb/v7-m/nofp\libc_nano.a(lib_a-impure.o)
                              d:/stm32cubeide/stm32cubeide_1.0.0/stm32cubeide/plugins/com.st.stm32cube.ide.mcu.externaltools.gnu-tools-for-stm32.9-2020-q2-update.win32_1.5.0.202011040924/tools/bin/../lib/gcc/arm-none-eabi/9.3.1/../../../../arm-none-eabi/lib/thumb/v7-m/nofp\libc_nano.a(lib_a-exit.o) (_global_impure_ptr)
d:/stm32cubeide/stm32cubeide_1.0.0/stm32cubeide/plugins/com.st.stm32cube.ide.mcu.externaltools.gnu-tools-for-stm32.9-2020-q2-update.win32_1.5.0.202011040924/tools/bin/../lib/gcc/arm-none-eabi/9.3.1/../../../../arm-none-eabi/lib/thumb/v7-m/nofp\libc_nano.a(lib_a-init.o)
                              d:/stm32cubeide/stm32cubeide_1.0.0/stm32cubeide/plugins/com.st.stm32cube.ide.mcu.externaltools.gnu-tools-for-stm32.9-2020-q2-update.win32_1.5.0.202011040924/tools/bin/../lib/gcc/arm-none-eabi/9.3.1/../../../../arm-none-eabi/lib/thumb/v7-m/nofp/crt0.o (__libc_init_array)
d:/stm32cubeide/stm32cubeide_1.0.0/stm32cubeide/plugins/com.st.stm32cube.ide.mcu.externaltools.gnu-tools-for-stm32.9-2020-q2-update.win32_1.5.0.202011040924/tools/bin/../lib/gcc/arm-none-eabi/9.3.1/../../../../arm-none-eabi/lib/thumb/v7-m/nofp\libc_nano.a(lib_a-malloc.o)
                              Core/Src/main.o (malloc)
d:/stm32cubeide/stm32cubeide_1.0.0/stm32cubeide/plugins/com.st.stm32cube.ide.mcu.externaltools.gnu-tools-for-stm32.9-2020-q2-update.win32_1.5.0.202011040924/tools/bin/../lib/gcc/arm-none-eabi/9.3.1/../../../../arm-none-eabi/lib/thumb/v7-m/nofp\libc_nano.a(lib_a-memcpy-stub.o)
                              Core/Src/gui.o (memcpy)
d:/stm32cubeide/stm32cubeide_1.0.0/stm32cubeide/plugins/com.st.stm32cube.ide.mcu.externaltools.gnu-tools-for-stm32.9-2020-q2-update.win32_1.5.0.202011040924/tools/bin/../lib/gcc/arm-none-eabi/9.3.1/../../../../arm-none-eabi/lib/thumb/v7-m/nofp\libc_nano.a(lib_a-memset.o)
                              d:/stm32cubeide/stm32cubeide_1.0.0/stm32cubeide/plugins/com.st.stm32cube.ide.mcu.externaltools.gnu-tools-for-stm32.9-2020-q2-update.win32_1.5.0.202011040924/tools/bin/../lib/gcc/arm-none-eabi/9.3.1/../../../../arm-none-eabi/lib/thumb/v7-m/nofp/crt0.o (memset)
d:/stm32cubeide/stm32cubeide_1.0.0/stm32cubeide/plugins/com.st.stm32cube.ide.mcu.externaltools.gnu-tools-for-stm32.9-2020-q2-update.win32_1.5.0.202011040924/tools/bin/../lib/gcc/arm-none-eabi/9.3.1/../../../../arm-none-eabi/lib/thumb/v7-m/nofp\libc_nano.a(lib_a-nano-freer.o)
                              d:/stm32cubeide/stm32cubeide_1.0.0/stm32cubeide/plugins/com.st.stm32cube.ide.mcu.externaltools.gnu-tools-for-stm32.9-2020-q2-update.win32_1.5.0.202011040924/tools/bin/../lib/gcc/arm-none-eabi/9.3.1/../../../../arm-none-eabi/lib/thumb/v7-m/nofp\libc_nano.a(lib_a-malloc.o) (_free_r)
d:/stm32cubeide/stm32cubeide_1.0.0/stm32cubeide/plugins/com.st.stm32cube.ide.mcu.externaltools.gnu-tools-for-stm32.9-2020-q2-update.win32_1.5.0.202011040924/tools/bin/../lib/gcc/arm-none-eabi/9.3.1/../../../../arm-none-eabi/lib/thumb/v7-m/nofp\libc_nano.a(lib_a-nano-mallocr.o)
                              d:/stm32cubeide/stm32cubeide_1.0.0/stm32cubeide/plugins/com.st.stm32cube.ide.mcu.externaltools.gnu-tools-for-stm32.9-2020-q2-update.win32_1.5.0.202011040924/tools/bin/../lib/gcc/arm-none-eabi/9.3.1/../../../../arm-none-eabi/lib/thumb/v7-m/nofp\libc_nano.a(lib_a-malloc.o) (_malloc_r)
d:/stm32cubeide/stm32cubeide_1.0.0/stm32cubeide/plugins/com.st.stm32cube.ide.mcu.externaltools.gnu-tools-for-stm32.9-2020-q2-update.win32_1.5.0.202011040924/tools/bin/../lib/gcc/arm-none-eabi/9.3.1/../../../../arm-none-eabi/lib/thumb/v7-m/nofp\libc_nano.a(lib_a-sbrkr.o)
[...]
Memory Configuration

Name             Origin             Length             Attributes
RAM              0x0000000020000000 0x0000000000010000 xrw
FLASH            0x0000000008000000 0x0000000000040000 xr
*default*        0x0000000000000000 0xffffffffffffffff

Linker script and memory map

LOAD d:/stm32cubeide/stm32cubeide_1.0.0/stm32cubeide/plugins/com.st.stm32cube.ide.mcu.externaltools.gnu-tools-for-stm32.9-2020-q2-update.win32_1.5.0.202011040924/tools/bin/../lib/gcc/arm-none-eabi/9.3.1/thumb/v7-m/nofp/crti.o
LOAD d:/stm32cubeide/stm32cubeide_1.0.0/stm32cubeide/plugins/com.st.stm32cube.ide.mcu.externaltools.gnu-tools-for-stm32.9-2020-q2-update.win32_1.5.0.202011040924/tools/bin/../lib/gcc/arm-none-eabi/9.3.1/thumb/v7-m/nofp/crtbegin.o
LOAD d:/stm32cubeide/stm32cubeide_1.0.0/stm32cubeide/plugins/com.st.stm32cube.ide.mcu.externaltools.gnu-tools-for-stm32.9-2020-q2-update.win32_1.5.0.202011040924/tools/bin/../lib/gcc/arm-none-eabi/9.3.1/../../../../arm-none-eabi/lib/thumb/v7-m/nofp/crt0.o
LOAD Core/Src/USAGE_EXAMPLE.o
LOAD Core/Src/XPT2046_touch.o
LOAD Core/Src/expmenu.o
LOAD Core/Src/fatfs_sd.o
LOAD Core/Src/fonts.o
LOAD Core/Src/gui.o
LOAD Core/Src/ili9163.o
LOAD Core/Src/main.o
LOAD Core/Src/mainmenu.o
LOAD Core/Src/numpad.o
LOAD Core/Src/read_screen_sd.o
LOAD Core/Src/selection.o
LOAD Core/Src/stm32f1xx_hal_msp.o
LOAD Core/Src/stm32f1xx_it.o
LOAD Core/Src/syscalls.o
LOAD Core/Src/sysmem.o
LOAD Core/Src/system_stm32f1xx.o
LOAD Core/Startup/startup_stm32f107vctx.o
LOAD Drivers/STM32F1xx_HAL_Driver/Src/stm32f1xx_hal.o
LOAD Drivers/STM32F1xx_HAL_Driver/Src/stm32f1xx_hal_adc.o
LOAD Drivers/STM32F1xx_HAL_Driver/Src/stm32f1xx_hal_adc_ex.o
LOAD Drivers/STM32F1xx_HAL_Driver/Src/stm32f1xx_hal_cortex.o
LOAD Drivers/STM32F1xx_HAL_Driver/Src/stm32f1xx_hal_dma.o
LOAD Drivers/STM32F1xx_HAL_Driver/Src/stm32f1xx_hal_exti.o
LOAD Drivers/STM32F1xx_HAL_Driver/Src/stm32f1xx_hal_flash.o
LOAD Drivers/STM32F1xx_HAL_Driver/Src/stm32f1xx_hal_flash_ex.o
LOAD Drivers/STM32F1xx_HAL_Driver/Src/stm32f1xx_hal_gpio.o
LOAD Drivers/STM32F1xx_HAL_Driver/Src/stm32f1xx_hal_gpio_ex.o
LOAD Drivers/STM32F1xx_HAL_Driver/Src/stm32f1xx_hal_hcd.o
LOAD Drivers/STM32F1xx_HAL_Driver/Src/stm32f1xx_hal_pwr.o
LOAD Drivers/STM32F1xx_HAL_Driver/Src/stm32f1xx_hal_rcc.o
LOAD Drivers/STM32F1xx_HAL_Driver/Src/stm32f1xx_hal_rcc_ex.o
LOAD Drivers/STM32F1xx_HAL_Driver/Src/stm32f1xx_hal_rtc.o
LOAD Drivers/STM32F1xx_HAL_Driver/Src/stm32f1xx_hal_rtc_ex.o
LOAD Drivers/STM32F1xx_HAL_Driver/Src/stm32f1xx_hal_spi.o
LOAD Drivers/STM32F1xx_HAL_Driver/Src/stm32f1xx_hal_tim.o
LOAD Drivers/STM32F1xx_HAL_Driver/Src/stm32f1xx_hal_tim_ex.o
LOAD Drivers/STM32F1xx_HAL_Driver/Src/stm32f1xx_hal_uart.o
LOAD Drivers/STM32F1xx_HAL_Driver/Src/stm32f1xx_ll_usb.o
LOAD FATFS/App/fatfs.o
LOAD FATFS/Target/user_diskio.o
LOAD Middlewares/ST/STM32_USB_Host_Library/Class/CDC/Src/usbh_cdc.o
LOAD Middlewares/ST/STM32_USB_Host_Library/Core/Src/usbh_core.o
LOAD Middlewares/ST/STM32_USB_Host_Library/Core/Src/usbh_ctlreq.o
LOAD Middlewares/ST/STM32_USB_Host_Library/Core/Src/usbh_ioreq.o
LOAD Middlewares/ST/STM32_USB_Host_Library/Core/Src/usbh_pipes.o
LOAD Middlewares/Third_Party/FatFs/src/diskio.o
LOAD Middlewares/Third_Party/FatFs/src/ff.o
LOAD Middlewares/Third_Party/FatFs/src/ff_gen_drv.o
LOAD Middlewares/Third_Party/FatFs/src/option/ccsbcs.o
LOAD Middlewares/Third_Party/FatFs/src/option/syscall.o
LOAD USB_HOST/App/usb_host.o
LOAD USB_HOST/Target/usbh_conf.o
LOAD USB_HOST/Target/usbh_platform.o
START GROUP
LOAD d:/stm32cubeide/stm32cubeide_1.0.0/stm32cubeide/plugins/com.st.stm32cube.ide.mcu.externaltools.gnu-tools-for-stm32.9-2020-q2-update.win32_1.5.0.202011040924/tools/bin/../lib/gcc/arm-none-eabi/9.3.1/../../../../arm-none-eabi/lib/thumb/v7-m/nofp\libc_nano.a
LOAD d:/stm32cubeide/stm32cubeide_1.0.0/stm32cubeide/plugins/com.st.stm32cube.ide.mcu.externaltools.gnu-tools-for-stm32.9-2020-q2-update.win32_1.5.0.202011040924/tools/bin/../lib/gcc/arm-none-eabi/9.3.1/../../../../arm-none-eabi/lib/thumb/v7-m/nofp\libm.a
END GROUP
START GROUP
LOAD d:/stm32cubeide/stm32cubeide_1.0.0/stm32cubeide/plugins/com.st.stm32cube.ide.mcu.externaltools.gnu-tools-for-stm32.9-2020-q2-update.win32_1.5.0.202011040924/tools/bin/../lib/gcc/arm-none-eabi/9.3.1/thumb/v7-m/nofp\libgcc.a
LOAD d:/stm32cubeide/stm32cubeide_1.0.0/stm32cubeide/plugins/com.st.stm32cube.ide.mcu.externaltools.gnu-tools-for-stm32.9-2020-q2-update.win32_1.5.0.202011040924/tools/bin/../lib/gcc/arm-none-eabi/9.3.1/../../../../arm-none-eabi/lib/thumb/v7-m/nofp\libc_nano.a
END GROUP
START GROUP
LOAD d:/stm32cubeide/stm32cubeide_1.0.0/stm32cubeide/plugins/com.st.stm32cube.ide.mcu.externaltools.gnu-tools-for-stm32.9-2020-q2-update.win32_1.5.0.202011040924/tools/bin/../lib/gcc/arm-none-eabi/9.3.1/thumb/v7-m/nofp\libgcc.a
LOAD d:/stm32cubeide/stm32cubeide_1.0.0/stm32cubeide/plugins/com.st.stm32cube.ide.mcu.externaltools.gnu-tools-for-stm32.9-2020-q2-update.win32_1.5.0.202011040924/tools/bin/../lib/gcc/arm-none-eabi/9.3.1/../../../../arm-none-eabi/lib/thumb/v7-m/nofp\libc_nano.a
LOAD d:/stm32cubeide/stm32cubeide_1.0.0/stm32cubeide/plugins/com.st.stm32cube.ide.mcu.externaltools.gnu-tools-for-stm32.9-2020-q2-update.win32_1.5.0.202011040924/tools/bin/../lib/gcc/arm-none-eabi/9.3.1/../../../../arm-none-eabi/lib/thumb/v7-m/nofp\libnosys.a
END GROUP
START GROUP
LOAD d:/stm32cubeide/stm32cubeide_1.0.0/stm32cubeide/plugins/com.st.stm32cube.ide.mcu.externaltools.gnu-tools-for-stm32.9-2020-q2-update.win32_1.5.0.202011040924/tools/bin/../lib/gcc/arm-none-eabi/9.3.1/thumb/v7-m/nofp\libgcc.a
LOAD d:/stm32cubeide/stm32cubeide_1.0.0/stm32cubeide/plugins/com.st.stm32cube.ide.mcu.externaltools.gnu-tools-for-stm32.9-2020-q2-update.win32_1.5.0.202011040924/tools/bin/../lib/gcc/arm-none-eabi/9.3.1/../../../../arm-none-eabi/lib/thumb/v7-m/nofp\libc_nano.a
LOAD d:/stm32cubeide/stm32cubeide_1.0.0/stm32cubeide/plugins/com.st.stm32cube.ide.mcu.externaltools.gnu-tools-for-stm32.9-2020-q2-update.win32_1.5.0.202011040924/tools/bin/../lib/gcc/arm-none-eabi/9.3.1/../../../../arm-none-eabi/lib/thumb/v7-m/nofp\libnosys.a
END GROUP
LOAD d:/stm32cubeide/stm32cubeide_1.0.0/stm32cubeide/plugins/com.st.stm32cube.ide.mcu.externaltools.gnu-tools-for-stm32.9-2020-q2-update.win32_1.5.0.202011040924/tools/bin/../lib/gcc/arm-none-eabi/9.3.1/thumb/v7-m/nofp/crtend.o
LOAD d:/stm32cubeide/stm32cubeide_1.0.0/stm32cubeide/plugins/com.st.stm32cube.ide.mcu.externaltools.gnu-tools-for-stm32.9-2020-q2-update.win32_1.5.0.202011040924/tools/bin/../lib/gcc/arm-none-eabi/9.3.1/thumb/v7-m/nofp/crtn.o
                0x0000000020010000                _estack = (ORIGIN (RAM) + LENGTH (RAM))
                0x0000000000000200                _Min_Heap_Size = 0x200
                0x0000000000000400                _Min_Stack_Size = 0x400

.isr_vector     0x0000000008000000      0x1e4
                0x0000000008000000                . = ALIGN (0x4)
 *(.isr_vector)
 .isr_vector    0x0000000008000000      0x1e4 Core/Startup/startup_stm32f107vctx.o
                0x0000000008000000                g_pfnVectors
                0x00000000080001e4                . = ALIGN (0x4)

.text           0x00000000080001e8    0x10104
                0x00000000080001e8                . = ALIGN (0x4)
 *(.text)
 .text          0x00000000080001e8       0x40 d:/stm32cubeide/stm32cubeide_1.0.0/stm32cubeide/plugins/com.st.stm32cube.ide.mcu.externaltools.gnu-tools-for-stm32.9-2020-q2-update.win32_1.5.0.202011040924/tools/bin/../lib/gcc/arm-none-eabi/9.3.1/thumb/v7-m/nofp/crtbegin.o
 .text          0x0000000008000228       0x10 d:/stm32cubeide/stm32cubeide_1.0.0/stm32cubeide/plugins/com.st.stm32cube.ide.mcu.externaltools.gnu-tools-for-stm32.9-2020-q2-update.win32_1.5.0.202011040924/tools/bin/../lib/gcc/arm-none-eabi/9.3.1/../../../../arm-none-eabi/lib/thumb/v7-m/nofp\libc_nano.a(lib_a-strlen.o)
                0x0000000008000228                strlen
 .text          0x0000000008000238      0x378 d:/stm32cubeide/stm32cubeide_1.0.0/stm32cubeide/plugins/com.st.stm32cube.ide.mcu.externaltools.gnu-tools-for-stm32.9-2020-q2-update.win32_1.5.0.202011040924/tools/bin/../lib/gcc/arm-none-eabi/9.3.1/thumb/v7-m/nofp\libgcc.a(_arm_addsubdf3.o)
                0x0000000008000238                __aeabi_drsub
                0x0000000008000240                __aeabi_dsub
                0x0000000008000240                __subdf3
                0x0000000008000244                __aeabi_dadd
                0x0000000008000244                __adddf3
                0x00000000080004bc                __floatunsidf
                0x00000000080004bc                __aeabi_ui2d
                0x00000000080004dc                __floatsidf
                0x00000000080004dc                __aeabi_i2d
                0x0000000008000500                __aeabi_f2d
                0x0000000008000500                __extendsfdf2
                0x0000000008000544                __floatundidf
                0x0000000008000544                __aeabi_ul2d
                0x0000000008000554                __floatdidf
                0x0000000008000554                __aeabi_l2d
 .text          0x00000000080005b0      0x424 d:/stm32cubeide/stm32cubeide_1.0.0/stm32cubeide/plugins/com.st.stm32cube.ide.mcu.externaltools.gnu-tools-for-stm32.9-2020-q2-update.win32_1.5.0.202011040924/tools/bin/../lib/gcc/arm-none-eabi/9.3.1/thumb/v7-m/nofp\libgcc.a(_arm_muldivdf3.o)
                0x00000000080005b0                __aeabi_dmul
                0x00000000080005b0                __muldf3
                0x0000000008000804                __divdf3
                0x0000000008000804                __aeabi_ddiv
 .text          0x00000000080009d4      0x110 d:/stm32cubeide/stm32cubeide_1.0.0/stm32cubeide/plugins/com.st.stm32cube.ide.mcu.externaltools.gnu-tools-for-stm32.9-2020-q2-update.win32_1.5.0.202011040924/tools/bin/../lib/gcc/arm-none-eabi/9.3.1/thumb/v7-m/nofp\libgcc.a(_arm_cmpdf2.o)
                0x00000000080009d4                __gtdf2
                0x00000000080009d4                __gedf2
                0x00000000080009dc                __ltdf2
                0x00000000080009dc                __ledf2
                0x00000000080009e4                __nedf2
                0x00000000080009e4                __eqdf2
                0x00000000080009e4                __cmpdf2
                0x0000000008000a60                __aeabi_cdrcmple
                0x0000000008000a70                __aeabi_cdcmpeq
                0x0000000008000a70                __aeabi_cdcmple
                0x0000000008000a80                __aeabi_dcmpeq
                0x0000000008000a94                __aeabi_dcmplt
                0x0000000008000aa8                __aeabi_dcmple
                0x0000000008000abc                __aeabi_dcmpge
                0x0000000008000ad0                __aeabi_dcmpgt
 .text          0x0000000008000ae4       0x2c d:/stm32cubeide/stm32cubeide_1.0.0/stm32cubeide/plugins/com.st.stm32cube.ide.mcu.externaltools.gnu-tools-for-stm32.9-2020-q2-update.win32_1.5.0.202011040924/tools/bin/../lib/gcc/arm-none-eabi/9.3.1/thumb/v7-m/nofp\libgcc.a(_arm_unorddf2.o)
                0x0000000008000ae4                __unorddf2
                0x0000000008000ae4                __aeabi_dcmpun
 .text          0x0000000008000b10       0x50 d:/stm32cubeide/stm32cubeide_1.0.0/stm32cubeide/plugins/com.st.stm32cube.ide.mcu.externaltools.gnu-tools-for-stm32.9-2020-q2-update.win32_1.5.0.202011040924/tools/bin/../lib/gcc/arm-none-eabi/9.3.1/thumb/v7-m/nofp\libgcc.a(_arm_fixdfsi.o)
                0x0000000008000b10                __aeabi_d2iz
                0x0000000008000b10                __fixdfsi
 .text          0x0000000008000b60       0xa0 d:/stm32cubeide/stm32cubeide_1.0.0/stm32cubeide/plugins/com.st.stm32cube.ide.mcu.externaltools.gnu-tools-for-stm32.9-2020-q2-update.win32_1.5.0.202011040924/tools/bin/../lib/gcc/arm-none-eabi/9.3.1/thumb/v7-m/nofp\libgcc.a(_arm_truncdfsf2.o)
                0x0000000008000b60                __truncdfsf2
                0x0000000008000b60                __aeabi_d2f
 .text          0x0000000008000c00      0x21c d:/stm32cubeide/stm32cubeide_1.0.0/stm32cubeide/plugins/com.st.stm32cube.ide.mcu.externaltools.gnu-tools-for-stm32.9-2020-q2-update.win32_1.5.0.202011040924/tools/bin/../lib/gcc/arm-none-eabi/9.3.1/thumb/v7-m/nofp\libgcc.a(_arm_addsubsf3.o)
                0x0000000008000c00                __aeabi_frsub
                0x0000000008000c08                __subsf3
                0x0000000008000c08                __aeabi_fsub
                0x0000000008000c0c                __aeabi_fadd
                0x0000000008000c0c                __addsf3
                0x0000000008000d6c                __aeabi_ui2f
                0x0000000008000d6c                __floatunsisf
                0x0000000008000d74                __aeabi_i2f
                0x0000000008000d74                __floatsisf
                0x0000000008000d90                __aeabi_ul2f
                0x0000000008000d90                __floatundisf
                0x0000000008000da0                __aeabi_l2f
                0x0000000008000da0                __floatdisf
 .text          0x0000000008000e1c      0x2a0 d:/stm32cubeide/stm32cubeide_1.0.0/stm32cubeide/plugins/com.st.stm32cube.ide.mcu.externaltools.gnu-tools-for-stm32.9-2020-q2-update.win32_1.5.0.202011040924/tools/bin/../lib/gcc/arm-none-eabi/9.3.1/thumb/v7-m/nofp\libgcc.a(_arm_muldivsf3.o)
                0x0000000008000e1c                __mulsf3
                0x0000000008000e1c                __aeabi_fmul
                0x0000000008000f84                __aeabi_fdiv
                0x0000000008000f84                __divsf3
 .text          0x00000000080010bc       0xec d:/stm32cubeide/stm32cubeide_1.0.0/stm32cubeide/plugins/com.st.stm32cube.ide.mcu.externaltools.gnu-tools-for-stm32.9-2020-q2-update.win32_1.5.0.202011040924/tools/bin/../lib/gcc/arm-none-eabi/9.3.1/thumb/v7-m/nofp\libgcc.a(_arm_cmpsf2.o)
                0x00000000080010bc                __gesf2
                0x00000000080010bc                __gtsf2
                0x00000000080010c4                __lesf2
                0x00000000080010c4                __ltsf2
                0x00000000080010cc                __nesf2
                0x00000000080010cc                __eqsf2
                0x00000000080010cc                __cmpsf2
                0x000000000800112c                __aeabi_cfrcmple
                0x0000000008001134                __aeabi_cfcmpeq
                0x0000000008001134                __aeabi_cfcmple
                0x0000000008001144                __aeabi_fcmpeq
                0x0000000008001158                __aeabi_fcmplt
                0x000000000800116c                __aeabi_fcmple
                0x0000000008001180                __aeabi_fcmpge
                0x0000000008001194                __aeabi_fcmpgt
 .text          0x00000000080011a8       0x4c d:/stm32cubeide/stm32cubeide_1.0.0/stm32cubeide/plugins/com.st.stm32cube.ide.mcu.externaltools.gnu-tools-for-stm32.9-2020-q2-update.win32_1.5.0.202011040924/tools/bin/../lib/gcc/arm-none-eabi/9.3.1/thumb/v7-m/nofp\libgcc.a(_arm_fixsfsi.o)
                0x00000000080011a8                __aeabi_f2iz
                0x00000000080011a8                __fixsfsi
 .text          0x00000000080011f4       0x40 d:/stm32cubeide/stm32cubeide_1.0.0/stm32cubeide/plugins/com.st.stm32cube.ide.mcu.externaltools.gnu-tools-for-stm32.9-2020-q2-update.win32_1.5.0.202011040924/tools/bin/../lib/gcc/arm-none-eabi/9.3.1/thumb/v7-m/nofp\libgcc.a(_arm_fixunssfsi.o)
                0x00000000080011f4                __fixunssfsi
                0x00000000080011f4                __aeabi_f2uiz
 .text          0x0000000008001234       0x30 d:/stm32cubeide/stm32cubeide_1.0.0/stm32cubeide/plugins/com.st.stm32cube.ide.mcu.externaltools.gnu-tools-for-stm32.9-2020-q2-update.win32_1.5.0.202011040924/tools/bin/../lib/gcc/arm-none-eabi/9.3.1/thumb/v7-m/nofp\libgcc.a(_aeabi_uldivmod.o)
                0x0000000008001234                __aeabi_uldivmod
 .text          0x0000000008001264      0x2c4 d:/stm32cubeide/stm32cubeide_1.0.0/stm32cubeide/plugins/com.st.stm32cube.ide.mcu.externaltools.gnu-tools-for-stm32.9-2020-q2-update.win32_1.5.0.202011040924/tools/bin/../lib/gcc/arm-none-eabi/9.3.1/thumb/v7-m/nofp\libgcc.a(_udivmoddi4.o)
                0x0000000008001264                __udivmoddi4
 .text          0x0000000008001528        0x4 d:/stm32cubeide/stm32cubeide_1.0.0/stm32cubeide/plugins/com.st.stm32cube.ide.mcu.externaltools.gnu-tools-for-stm32.9-2020-q2-update.win32_1.5.0.202011040924/tools/bin/../lib/gcc/arm-none-eabi/9.3.1/thumb/v7-m/nofp\libgcc.a(_dvmd_tls.o)
                0x0000000008001528                __aeabi_idiv0
                0x0000000008001528                __aeabi_ldiv0
 *(.text*)
 .text.XPT2046_TouchSelect
                0x000000000800152c       0x18 Core/Src/XPT2046_touch.o
 .text.XPT2046_TouchUnselect
                0x0000000008001544       0x18 Core/Src/XPT2046_touch.o
 .text.XPT2046_TouchGetCoordinates
                0x000000000800155c      0x148 Core/Src/XPT2046_touch.o
                0x000000000800155c                XPT2046_TouchGetCoordinates
 .text.drawExperimentMenu
                0x00000000080016a4       0x20 Core/Src/expmenu.o
                0x00000000080016a4                drawExperimentMenu
 .text.SELECT   0x00000000080016c4       0x18 Core/Src/fatfs_sd.o
 .text.DESELECT
                0x00000000080016dc       0x18 Core/Src/fatfs_sd.o
 .text.SPI_TxByte
                0x00000000080016f4       0x34 Core/Src/fatfs_sd.o
 .text.SPI_RxByte
                0x0000000008001728       0x3c Core/Src/fatfs_sd.o
 .text.SPI_RxBytePtr
                0x0000000008001764       0x1c Core/Src/fatfs_sd.o
 .text.SD_ReadyWait
                0x0000000008001780       0x38 Core/Src/fatfs_sd.o
 .text.SD_PowerOn
                0x00000000080017b8       0x98 Core/Src/fatfs_sd.o
 .text.SD_PowerOff
                0x0000000008001850       0x18 Core/Src/fatfs_sd.o
 .text.SD_CheckPower
                0x0000000008001868       0x14 Core/Src/fatfs_sd.o
 .text.SD_RxDataBlock
                0x000000000800187c       0x6c Core/Src/fatfs_sd.o
 .text.SD_TxDataBlock
                0x00000000080018e8       0xa8 Core/Src/fatfs_sd.o
 .text.SD_SendCmd
                0x0000000008001990       0xa4 Core/Src/fatfs_sd.o
 .text.SD_disk_initialize
                0x0000000008001a34      0x1d4 Core/Src/fatfs_sd.o
                0x0000000008001a34                SD_disk_initialize
 .text.SD_disk_status
                0x0000000008001c08       0x28 Core/Src/fatfs_sd.o
                0x0000000008001c08                SD_disk_status
 .text.SD_disk_read
                0x0000000008001c30       0xdc Core/Src/fatfs_sd.o
                0x0000000008001c30                SD_disk_read
 .text.SD_disk_write
                0x0000000008001d0c      0x114 Core/Src/fatfs_sd.o
                0x0000000008001d0c                SD_disk_write
 .text.SD_disk_ioctl
                0x0000000008001e20      0x264 Core/Src/fatfs_sd.o
                0x0000000008001e20                SD_disk_ioctl
 .text.GUI_init
                0x0000000008002084       0x24 Core/Src/gui.o
                0x0000000008002084                GUI_init
 .text.EXTI15_10_IRQHandler
                0x00000000080020a8      0x150 Core/Src/gui.o
                0x00000000080020a8                EXTI15_10_IRQHandler
 .text.GUI_drawGUI
                0x00000000080021f8       0x18 Core/Src/gui.o
                0x00000000080021f8                GUI_drawGUI
 .text.drawGraph
                0x0000000008002210      0x1b8 Core/Src/gui.o
                0x0000000008002210                drawGraph
 .text.isPressed
                0x00000000080023c8       0x64 Core/Src/gui.o
                0x00000000080023c8                isPressed
 .text.get_buffer
                0x000000000800242c       0x14 Core/Src/ili9163.o
                0x000000000800242c                get_buffer
 .text.drawImage
                0x0000000008002440       0x8c Core/Src/ili9163.o
                0x0000000008002440                drawImage
 .text.ILI9163_writeCommand
                0x00000000080024cc       0x48 Core/Src/ili9163.o
                0x00000000080024cc                ILI9163_writeCommand
 .text.ILI9163_writeData
                0x0000000008002514       0x48 Core/Src/ili9163.o
                0x0000000008002514                ILI9163_writeData
 .text.ILI9163_writeData16
                0x000000000800255c       0x58 Core/Src/ili9163.o
                0x000000000800255c                ILI9163_writeData16
 .text.ILI9163_setAddress
                0x00000000080025b4       0x58 Core/Src/ili9163.o
                0x00000000080025b4                ILI9163_setAddress
 .text.ILI9163_reset
                0x000000000800260c       0x30 Core/Src/ili9163.o
                0x000000000800260c                ILI9163_reset
 .text.ILI9163_init
                0x000000000800263c      0x1d4 Core/Src/ili9163.o
                0x000000000800263c                ILI9163_init
 .text.ILI9163_render
                0x0000000008002810       0x4c Core/Src/ili9163.o
                0x0000000008002810                ILI9163_render
 .text.ILI9163_drawPixel
                0x000000000800285c       0x40 Core/Src/ili9163.o
                0x000000000800285c                ILI9163_drawPixel
 .text.ILI9163_fillRect
                0x000000000800289c       0x5c Core/Src/ili9163.o
                0x000000000800289c                ILI9163_fillRect
 .text.ILI9163_drawRect
                0x00000000080028f8       0x86 Core/Src/ili9163.o
                0x00000000080028f8                ILI9163_drawRect
 .text.ILI9163_drawLine
                0x000000000800297e      0x11c Core/Src/ili9163.o
                0x000000000800297e                ILI9163_drawLine
 .text.ILI9163_drawChar
                0x0000000008002a9a       0x96 Core/Src/ili9163.o
                0x0000000008002a9a                ILI9163_drawChar
 .text.ILI9163_drawString
                0x0000000008002b30       0x82 Core/Src/ili9163.o
                0x0000000008002b30                ILI9163_drawString
 *fill*         0x0000000008002bb2        0x2 
 .text.ILI9163_drawButton
                0x0000000008002bb4       0x90 Core/Src/ili9163.o
                0x0000000008002bb4                ILI9163_drawButton
 .text.main     0x0000000008002c44       0x94 Core/Src/main.o
                0x0000000008002c44                main
 .text.SystemClock_Config
                0x0000000008002cd8       0xf0 Core/Src/main.o
                0x0000000008002cd8                SystemClock_Config
 .text.MX_ADC1_Init
                0x0000000008002dc8       0x7c Core/Src/main.o
 .text.MX_RTC_Init
                0x0000000008002e44       0x60 Core/Src/main.o
 .text.MX_SPI1_Init
                0x0000000008002ea4       0x6c Core/Src/main.o
 .text.MX_SPI3_Init
                0x0000000008002f10       0x6c Core/Src/main.o
 .text.MX_USART2_UART_Init
                0x0000000008002f7c       0x54 Core/Src/main.o
 .text.MX_DMA_Init
                0x0000000008002fd0       0x4c Core/Src/main.o
 .text.MX_GPIO_Init
                0x000000000800301c      0x2f0 Core/Src/main.o
 .text.HAL_SPI_TxCpltCallback
                0x000000000800330c       0x40 Core/Src/main.o
                0x000000000800330c                HAL_SPI_TxCpltCallback
 .text.Error_Handler
                0x000000000800334c        0xc Core/Src/main.o
                0x000000000800334c                Error_Handler
 .text.expHandler
                0x0000000008003358       0x18 Core/Src/mainmenu.o
                0x0000000008003358                expHandler
 .text.expplotHandler
                0x0000000008003370       0x18 Core/Src/mainmenu.o
                0x0000000008003370                expplotHandler
 .text.aboutHandler
                0x0000000008003388        0xc Core/Src/mainmenu.o
                0x0000000008003388                aboutHandler
 .text.checkMainButtons
                0x0000000008003394       0x54 Core/Src/mainmenu.o
                0x0000000008003394                checkMainButtons
 .text.drawMainButtons
                0x00000000080033e8       0x28 Core/Src/mainmenu.o
                0x00000000080033e8                drawMainButtons
 .text.oneHandler
                0x0000000008003410       0xbc Core/Src/numpad.o
                0x0000000008003410                oneHandler
 .text.twoHandler
                0x00000000080034cc       0xc4 Core/Src/numpad.o
                0x00000000080034cc                twoHandler
 .text.threeHandler
                0x0000000008003590       0xc8 Core/Src/numpad.o
                0x0000000008003590                threeHandler
 .text.fourHandler
                0x0000000008003658       0xc8 Core/Src/numpad.o
                0x0000000008003658                fourHandler
 .text.fiveHandler
                0x0000000008003720       0xc8 Core/Src/numpad.o
                0x0000000008003720                fiveHandler
 .text.sixHandler
                0x00000000080037e8       0xc8 Core/Src/numpad.o
                0x00000000080037e8                sixHandler
 .text.sevenHandler
                0x00000000080038b0       0xc8 Core/Src/numpad.o
                0x00000000080038b0                sevenHandler
 .text.eightHandler
                0x0000000008003978       0xc8 Core/Src/numpad.o
                0x0000000008003978                eightHandler
 .text.nineHandler
                0x0000000008003a40       0xc8 Core/Src/numpad.o
                0x0000000008003a40                nineHandler
 .text.dotHandler
                0x0000000008003b08       0x2c Core/Src/numpad.o
                0x0000000008003b08                dotHandler
 .text.zeroHandler
                0x0000000008003b34       0x64 Core/Src/numpad.o
                0x0000000008003b34                zeroHandler
 .text.enterHandler
                0x0000000008003b98       0x40 Core/Src/numpad.o
                0x0000000008003b98                enterHandler
 .text.checkNumpadButtons
                0x0000000008003bd8      0x140 Core/Src/numpad.o
                0x0000000008003bd8                checkNumpadButtons
 .text.drawNumpad
                0x0000000008003d18      0x13c Core/Src/numpad.o
                0x0000000008003d18                drawNumpad
 .text.read_plot
                0x0000000008003e54       0x4c Core/Src/read_screen_sd.o
                0x0000000008003e54                read_plot
 .text.HAL_MspInit
                0x0000000008003ea0       0x64 Core/Src/stm32f1xx_hal_msp.o
                0x0000000008003ea0                HAL_MspInit
 .text.HAL_ADC_MspInit
                0x0000000008003f04       0xa8 Core/Src/stm32f1xx_hal_msp.o
                0x0000000008003f04                HAL_ADC_MspInit
 .text.HAL_RTC_MspInit
                0x0000000008003fac       0x48 Core/Src/stm32f1xx_hal_msp.o
                0x0000000008003fac                HAL_RTC_MspInit
 .text.HAL_SPI_MspInit
                0x0000000008003ff4      0x1fc Core/Src/stm32f1xx_hal_msp.o
                0x0000000008003ff4                HAL_SPI_MspInit
 .text.HAL_UART_MspInit
                0x00000000080041f0       0x9c Core/Src/stm32f1xx_hal_msp.o
                0x00000000080041f0                HAL_UART_MspInit
 .text.SDTimer_Handler
                0x000000000800428c       0x44 Core/Src/stm32f1xx_it.o
                0x000000000800428c                SDTimer_Handler
 .text.NMI_Handler
                0x00000000080042d0        0x6 Core/Src/stm32f1xx_it.o
                0x00000000080042d0                NMI_Handler
 .text.HardFault_Handler
                0x00000000080042d6        0x6 Core/Src/stm32f1xx_it.o
                0x00000000080042d6                HardFault_Handler
 .text.MemManage_Handler
                0x00000000080042dc        0x6 Core/Src/stm32f1xx_it.o
                0x00000000080042dc                MemManage_Handler
 .text.BusFault_Handler
                0x00000000080042e2        0x6 Core/Src/stm32f1xx_it.o
                0x00000000080042e2                BusFault_Handler
 .text.UsageFault_Handler
                0x00000000080042e8        0x6 Core/Src/stm32f1xx_it.o
                0x00000000080042e8                UsageFault_Handler
 .text.SVC_Handler
                0x00000000080042ee        0xc Core/Src/stm32f1xx_it.o
                0x00000000080042ee                SVC_Handler
 .text.DebugMon_Handler
                0x00000000080042fa        0xc Core/Src/stm32f1xx_it.o
                0x00000000080042fa                DebugMon_Handler
 .text.PendSV_Handler
                0x0000000008004306        0xc Core/Src/stm32f1xx_it.o
                0x0000000008004306                PendSV_Handler
 *fill*         0x0000000008004312        0x2 
 .text.SysTick_Handler
                0x0000000008004314       0x34 Core/Src/stm32f1xx_it.o
                0x0000000008004314                SysTick_Handler
 .text.DMA1_Channel2_IRQHandler
                0x0000000008004348       0x14 Core/Src/stm32f1xx_it.o
                0x0000000008004348                DMA1_Channel2_IRQHandler
 .text.DMA1_Channel3_IRQHandler
                0x000000000800435c       0x14 Core/Src/stm32f1xx_it.o
                0x000000000800435c                DMA1_Channel3_IRQHandler
 .text.OTG_FS_IRQHandler
                0x0000000008004370       0x14 Core/Src/stm32f1xx_it.o
                0x0000000008004370                OTG_FS_IRQHandler
 .text._sbrk    0x0000000008004384       0x6c Core/Src/sysmem.o
                0x0000000008004384                _sbrk
 .text.SystemInit
                0x00000000080043f0        0xc Core/Src/system_stm32f1xx.o
                0x00000000080043f0                SystemInit
 .text.Reset_Handler
                0x00000000080043fc       0x48 Core/Startup/startup_stm32f107vctx.o
                0x00000000080043fc                Reset_Handler
 .text.Default_Handler
                0x0000000008004444        0x2 Core/Startup/startup_stm32f107vctx.o
                0x0000000008004444                RTC_Alarm_IRQHandler
                0x0000000008004444                EXTI2_IRQHandler
                0x0000000008004444                TIM1_CC_IRQHandler
                0x0000000008004444                TIM6_IRQHandler
                0x0000000008004444                PVD_IRQHandler
                0x0000000008004444                CAN2_RX1_IRQHandler
                0x0000000008004444                EXTI3_IRQHandler
                0x0000000008004444                EXTI0_IRQHandler
                0x0000000008004444                I2C2_EV_IRQHandler
                0x0000000008004444                CAN1_RX0_IRQHandler
                0x0000000008004444                CAN2_SCE_IRQHandler
                0x0000000008004444                ADC1_2_IRQHandler
                0x0000000008004444                SPI1_IRQHandler
                0x0000000008004444                TAMPER_IRQHandler
                0x0000000008004444                CAN2_RX0_IRQHandler
                0x0000000008004444                DMA2_Channel2_IRQHandler
                0x0000000008004444                DMA1_Channel4_IRQHandler
                0x0000000008004444                USART3_IRQHandler
                0x0000000008004444                RTC_IRQHandler
                0x0000000008004444                DMA1_Channel7_IRQHandler
                0x0000000008004444                CAN1_RX1_IRQHandler
                0x0000000008004444                UART5_IRQHandler
                0x0000000008004444                TIM4_IRQHandler
                0x0000000008004444                DMA2_Channel1_IRQHandler
                0x0000000008004444                I2C1_EV_IRQHandler
                0x0000000008004444                DMA1_Channel6_IRQHandler
                0x0000000008004444                UART4_IRQHandler
                0x0000000008004444                DMA2_Channel4_IRQHandler
                0x0000000008004444                TIM3_IRQHandler
                0x0000000008004444                RCC_IRQHandler
                0x0000000008004444                TIM1_TRG_COM_IRQHandler
                0x0000000008004444                DMA1_Channel1_IRQHandler
                0x0000000008004444                Default_Handler
                0x0000000008004444                TIM7_IRQHandler
                0x0000000008004444                CAN2_TX_IRQHandler
                0x0000000008004444                TIM5_IRQHandler
                0x0000000008004444                EXTI9_5_IRQHandler
                0x0000000008004444                ETH_WKUP_IRQHandler
                0x0000000008004444                SPI2_IRQHandler
                0x0000000008004444                CAN1_TX_IRQHandler
                0x0000000008004444                DMA2_Channel5_IRQHandler
                0x0000000008004444                DMA1_Channel5_IRQHandler
                0x0000000008004444                EXTI4_IRQHandler
                0x0000000008004444                ETH_IRQHandler
                0x0000000008004444                TIM1_UP_IRQHandler
                0x0000000008004444                WWDG_IRQHandler
                0x0000000008004444                TIM2_IRQHandler
                0x0000000008004444                OTG_FS_WKUP_IRQHandler
                0x0000000008004444                TIM1_BRK_IRQHandler
                0x0000000008004444                EXTI1_IRQHandler
                0x0000000008004444                USART2_IRQHandler
                0x0000000008004444                I2C2_ER_IRQHandler
                0x0000000008004444                CAN1_SCE_IRQHandler
                0x0000000008004444                FLASH_IRQHandler
                0x0000000008004444                USART1_IRQHandler
                0x0000000008004444                SPI3_IRQHandler
                0x0000000008004444                I2C1_ER_IRQHandler
                0x0000000008004444                DMA2_Channel3_IRQHandler
 *fill*         0x0000000008004446        0x2 
 .text.HAL_Init
                0x0000000008004448       0x2c Drivers/STM32F1xx_HAL_Driver/Src/stm32f1xx_hal.o
                0x0000000008004448                HAL_Init
 .text.HAL_InitTick
                0x0000000008004474       0x60 Drivers/STM32F1xx_HAL_Driver/Src/stm32f1xx_hal.o
                0x0000000008004474                HAL_InitTick
 .text.HAL_IncTick
                0x00000000080044d4       0x24 Drivers/STM32F1xx_HAL_Driver/Src/stm32f1xx_hal.o
                0x00000000080044d4                HAL_IncTick
 .text.HAL_GetTick
                0x00000000080044f8       0x14 Drivers/STM32F1xx_HAL_Driver/Src/stm32f1xx_hal.o
                0x00000000080044f8                HAL_GetTick
 .text.HAL_Delay
                0x000000000800450c       0x48 Drivers/STM32F1xx_HAL_Driver/Src/stm32f1xx_hal.o
                0x000000000800450c                HAL_Delay
 .text.HAL_ADC_Init
                0x0000000008004554      0x1b0 Drivers/STM32F1xx_HAL_Driver/Src/stm32f1xx_hal_adc.o
                0x0000000008004554                HAL_ADC_Init
 .text.HAL_ADC_ConfigChannel
                0x0000000008004704      0x1f0 Drivers/STM32F1xx_HAL_Driver/Src/stm32f1xx_hal_adc.o
                0x0000000008004704                HAL_ADC_ConfigChannel
 .text.ADC_ConversionStop_Disable
                0x00000000080048f4       0x74 Drivers/STM32F1xx_HAL_Driver/Src/stm32f1xx_hal_adc.o
                0x00000000080048f4                ADC_ConversionStop_Disable
 .text.__NVIC_SetPriorityGrouping
                0x0000000008004968       0x48 Drivers/STM32F1xx_HAL_Driver/Src/stm32f1xx_hal_cortex.o
 .text.__NVIC_GetPriorityGrouping
                0x00000000080049b0       0x1c Drivers/STM32F1xx_HAL_Driver/Src/stm32f1xx_hal_cortex.o
 .text.__NVIC_EnableIRQ
                0x00000000080049cc       0x38 Drivers/STM32F1xx_HAL_Driver/Src/stm32f1xx_hal_cortex.o
 .text.__NVIC_SetPriority
                0x0000000008004a04       0x54 Drivers/STM32F1xx_HAL_Driver/Src/stm32f1xx_hal_cortex.o
 .text.NVIC_EncodePriority
                0x0000000008004a58       0x64 Drivers/STM32F1xx_HAL_Driver/Src/stm32f1xx_hal_cortex.o
 .text.SysTick_Config
                0x0000000008004abc       0x44 Drivers/STM32F1xx_HAL_Driver/Src/stm32f1xx_hal_cortex.o
 .text.HAL_NVIC_SetPriorityGrouping
                0x0000000008004b00       0x16 Drivers/STM32F1xx_HAL_Driver/Src/stm32f1xx_hal_cortex.o
                0x0000000008004b00                HAL_NVIC_SetPriorityGrouping
 .text.HAL_NVIC_SetPriority
                0x0000000008004b16       0x38 Drivers/STM32F1xx_HAL_Driver/Src/stm32f1xx_hal_cortex.o
                0x0000000008004b16                HAL_NVIC_SetPriority
 .text.HAL_NVIC_EnableIRQ
                0x0000000008004b4e       0x1c Drivers/STM32F1xx_HAL_Driver/Src/stm32f1xx_hal_cortex.o
                0x0000000008004b4e                HAL_NVIC_EnableIRQ
 .text.HAL_SYSTICK_Config
                0x0000000008004b6a       0x18 Drivers/STM32F1xx_HAL_Driver/Src/stm32f1xx_hal_cortex.o
                0x0000000008004b6a                HAL_SYSTICK_Config
 *fill*         0x0000000008004b82        0x2 
 .text.HAL_DMA_Init
                0x0000000008004b84       0xec Drivers/STM32F1xx_HAL_Driver/Src/stm32f1xx_hal_dma.o
                0x0000000008004b84                HAL_DMA_Init
 .text.HAL_DMA_Start_IT
                0x0000000008004c70       0xbe Drivers/STM32F1xx_HAL_Driver/Src/stm32f1xx_hal_dma.o
                0x0000000008004c70                HAL_DMA_Start_IT
 .text.HAL_DMA_Abort
                0x0000000008004d2e       0x74 Drivers/STM32F1xx_HAL_Driver/Src/stm32f1xx_hal_dma.o
                0x0000000008004d2e                HAL_DMA_Abort
 *fill*         0x0000000008004da2        0x2 
 .text.HAL_DMA_IRQHandler
                0x0000000008004da4      0x478 Drivers/STM32F1xx_HAL_Driver/Src/stm32f1xx_hal_dma.o
                0x0000000008004da4                HAL_DMA_IRQHandler
 .text.DMA_SetConfig
                0x000000000800521c       0x5a Drivers/STM32F1xx_HAL_Driver/Src/stm32f1xx_hal_dma.o
 *fill*         0x0000000008005276        0x2 
 .text.HAL_GPIO_Init
                0x0000000008005278      0x308 Drivers/STM32F1xx_HAL_Driver/Src/stm32f1xx_hal_gpio.o
                0x0000000008005278                HAL_GPIO_Init
 .text.HAL_GPIO_ReadPin
                0x0000000008005580       0x2e Drivers/STM32F1xx_HAL_Driver/Src/stm32f1xx_hal_gpio.o
                0x0000000008005580                HAL_GPIO_ReadPin
 .text.HAL_GPIO_WritePin
                0x00000000080055ae       0x30 Drivers/STM32F1xx_HAL_Driver/Src/stm32f1xx_hal_gpio.o
                0x00000000080055ae                HAL_GPIO_WritePin
 *fill*         0x00000000080055de        0x2 
 .text.HAL_GPIO_EXTI_IRQHandler
                0x00000000080055e0       0x30 Drivers/STM32F1xx_HAL_Driver/Src/stm32f1xx_hal_gpio.o
                0x00000000080055e0                HAL_GPIO_EXTI_IRQHandler
 .text.HAL_GPIO_EXTI_Callback
                0x0000000008005610       0x14 Drivers/STM32F1xx_HAL_Driver/Src/stm32f1xx_hal_gpio.o
                0x0000000008005610                HAL_GPIO_EXTI_Callback
 .text.HAL_HCD_Init
                0x0000000008005624       0xc4 Drivers/STM32F1xx_HAL_Driver/Src/stm32f1xx_hal_hcd.o
                0x0000000008005624                HAL_HCD_Init
 .text.HAL_HCD_HC_Init
                0x00000000080056e8      0x130 Drivers/STM32F1xx_HAL_Driver/Src/stm32f1xx_hal_hcd.o
                0x00000000080056e8                HAL_HCD_HC_Init
 .text.HAL_HCD_HC_Halt
                0x0000000008005818       0x46 Drivers/STM32F1xx_HAL_Driver/Src/stm32f1xx_hal_hcd.o
                0x0000000008005818                HAL_HCD_HC_Halt
 *fill*         0x000000000800585e        0x2 
 .text.HAL_HCD_HC_SubmitRequest
                0x0000000008005860      0x2dc Drivers/STM32F1xx_HAL_Driver/Src/stm32f1xx_hal_hcd.o
                0x0000000008005860                HAL_HCD_HC_SubmitRequest
 .text.HAL_HCD_IRQHandler
                0x0000000008005b3c      0x208 Drivers/STM32F1xx_HAL_Driver/Src/stm32f1xx_hal_hcd.o
                0x0000000008005b3c                HAL_HCD_IRQHandler
 .text.HAL_HCD_Start
                0x0000000008005d44       0x46 Drivers/STM32F1xx_HAL_Driver/Src/stm32f1xx_hal_hcd.o
                0x0000000008005d44                HAL_HCD_Start
 .text.HAL_HCD_Stop
                0x0000000008005d8a       0x3a Drivers/STM32F1xx_HAL_Driver/Src/stm32f1xx_hal_hcd.o
                0x0000000008005d8a                HAL_HCD_Stop
 .text.HAL_HCD_HC_GetURBState
                0x0000000008005dc4       0x28 Drivers/STM32F1xx_HAL_Driver/Src/stm32f1xx_hal_hcd.o
                0x0000000008005dc4                HAL_HCD_HC_GetURBState
 .text.HAL_HCD_HC_GetXferCount
                0x0000000008005dec       0x28 Drivers/STM32F1xx_HAL_Driver/Src/stm32f1xx_hal_hcd.o
                0x0000000008005dec                HAL_HCD_HC_GetXferCount
 .text.HAL_HCD_GetCurrentFrame
                0x0000000008005e14       0x1c Drivers/STM32F1xx_HAL_Driver/Src/stm32f1xx_hal_hcd.o
                0x0000000008005e14                HAL_HCD_GetCurrentFrame
 .text.HCD_HC_IN_IRQHandler
                0x0000000008005e30      0x822 Drivers/STM32F1xx_HAL_Driver/Src/stm32f1xx_hal_hcd.o
 .text.HCD_HC_OUT_IRQHandler
                0x0000000008006652      0x6aa Drivers/STM32F1xx_HAL_Driver/Src/stm32f1xx_hal_hcd.o
 .text.HCD_RXQLVL_IRQHandler
                0x0000000008006cfc      0x15c Drivers/STM32F1xx_HAL_Driver/Src/stm32f1xx_hal_hcd.o
 .text.HCD_Port_IRQHandler
                0x0000000008006e58       0xe6 Drivers/STM32F1xx_HAL_Driver/Src/stm32f1xx_hal_hcd.o
 *fill*         0x0000000008006f3e        0x2 
 .text.HAL_PWR_EnableBkUpAccess
                0x0000000008006f40       0x18 Drivers/STM32F1xx_HAL_Driver/Src/stm32f1xx_hal_pwr.o
                0x0000000008006f40                HAL_PWR_EnableBkUpAccess
 .text.HAL_RCC_OscConfig
                0x0000000008006f58      0x62c Drivers/STM32F1xx_HAL_Driver/Src/stm32f1xx_hal_rcc.o
                0x0000000008006f58                HAL_RCC_OscConfig
 .text.HAL_RCC_ClockConfig
                0x0000000008007584      0x1d4 Drivers/STM32F1xx_HAL_Driver/Src/stm32f1xx_hal_rcc.o
                0x0000000008007584                HAL_RCC_ClockConfig
 .text.HAL_RCC_MCOConfig
                0x0000000008007758       0x70 Drivers/STM32F1xx_HAL_Driver/Src/stm32f1xx_hal_rcc.o
                0x0000000008007758                HAL_RCC_MCOConfig
 .text.HAL_RCC_GetSysClockFreq
                0x00000000080077c8      0x178 Drivers/STM32F1xx_HAL_Driver/Src/stm32f1xx_hal_rcc.o
                0x00000000080077c8                HAL_RCC_GetSysClockFreq
 .text.HAL_RCC_GetHCLKFreq
                0x0000000008007940       0x14 Drivers/STM32F1xx_HAL_Driver/Src/stm32f1xx_hal_rcc.o
                0x0000000008007940                HAL_RCC_GetHCLKFreq
 .text.HAL_RCC_GetPCLK1Freq
                0x0000000008007954       0x28 Drivers/STM32F1xx_HAL_Driver/Src/stm32f1xx_hal_rcc.o
                0x0000000008007954                HAL_RCC_GetPCLK1Freq
 .text.HAL_RCC_GetPCLK2Freq
                0x000000000800797c       0x28 Drivers/STM32F1xx_HAL_Driver/Src/stm32f1xx_hal_rcc.o
                0x000000000800797c                HAL_RCC_GetPCLK2Freq
 .text.RCC_Delay
                0x00000000080079a4       0x3c Drivers/STM32F1xx_HAL_Driver/Src/stm32f1xx_hal_rcc.o
 .text.HAL_RCCEx_PeriphCLKConfig
                0x00000000080079e0      0x264 Drivers/STM32F1xx_HAL_Driver/Src/stm32f1xx_hal_rcc_ex.o
                0x00000000080079e0                HAL_RCCEx_PeriphCLKConfig
 .text.HAL_RCCEx_GetPeriphCLKFreq
                0x0000000008007c44      0x2c8 Drivers/STM32F1xx_HAL_Driver/Src/stm32f1xx_hal_rcc_ex.o
                0x0000000008007c44                HAL_RCCEx_GetPeriphCLKFreq
 .text.HAL_RTC_Init
                0x0000000008007f0c      0x12c Drivers/STM32F1xx_HAL_Driver/Src/stm32f1xx_hal_rtc.o
                0x0000000008007f0c                HAL_RTC_Init
 .text.HAL_RTC_WaitForSynchro
                0x0000000008008038       0x5a Drivers/STM32F1xx_HAL_Driver/Src/stm32f1xx_hal_rtc.o
                0x0000000008008038                HAL_RTC_WaitForSynchro
 .text.RTC_EnterInitMode
                0x0000000008008092       0x50 Drivers/STM32F1xx_HAL_Driver/Src/stm32f1xx_hal_rtc.o
 .text.RTC_ExitInitMode
                0x00000000080080e2       0x50 Drivers/STM32F1xx_HAL_Driver/Src/stm32f1xx_hal_rtc.o
 *fill*         0x0000000008008132        0x2 
 .text.HAL_RTCEx_SetTamper
                0x0000000008008134       0x84 Drivers/STM32F1xx_HAL_Driver/Src/stm32f1xx_hal_rtc_ex.o
                0x0000000008008134                HAL_RTCEx_SetTamper
 .text.HAL_SPI_Init
                0x00000000080081b8      0x108 Drivers/STM32F1xx_HAL_Driver/Src/stm32f1xx_hal_spi.o
                0x00000000080081b8                HAL_SPI_Init
 .text.HAL_SPI_Transmit
                0x00000000080082c0      0x278 Drivers/STM32F1xx_HAL_Driver/Src/stm32f1xx_hal_spi.o
                0x00000000080082c0                HAL_SPI_Transmit
 .text.HAL_SPI_TransmitReceive
                0x0000000008008538      0x344 Drivers/STM32F1xx_HAL_Driver/Src/stm32f1xx_hal_spi.o
                0x0000000008008538                HAL_SPI_TransmitReceive
 .text.HAL_SPI_Transmit_DMA
                0x000000000800887c      0x16c Drivers/STM32F1xx_HAL_Driver/Src/stm32f1xx_hal_spi.o
                0x000000000800887c                HAL_SPI_Transmit_DMA
 .text.HAL_SPI_DMAStop
                0x00000000080089e8       0x7e Drivers/STM32F1xx_HAL_Driver/Src/stm32f1xx_hal_spi.o
                0x00000000080089e8                HAL_SPI_DMAStop
 .text.HAL_SPI_TxHalfCpltCallback
                0x0000000008008a66       0x12 Drivers/STM32F1xx_HAL_Driver/Src/stm32f1xx_hal_spi.o
                0x0000000008008a66                HAL_SPI_TxHalfCpltCallback
 .text.HAL_SPI_ErrorCallback
                0x0000000008008a78       0x12 Drivers/STM32F1xx_HAL_Driver/Src/stm32f1xx_hal_spi.o
                0x0000000008008a78                HAL_SPI_ErrorCallback
 .text.HAL_SPI_GetState
                0x0000000008008a8a       0x1a Drivers/STM32F1xx_HAL_Driver/Src/stm32f1xx_hal_spi.o
                0x0000000008008a8a                HAL_SPI_GetState
 .text.SPI_DMATransmitCplt
                0x0000000008008aa4       0xa6 Drivers/STM32F1xx_HAL_Driver/Src/stm32f1xx_hal_spi.o
 .text.SPI_DMAHalfTransmitCplt
                0x0000000008008b4a       0x1c Drivers/STM32F1xx_HAL_Driver/Src/stm32f1xx_hal_spi.o
 .text.SPI_DMAError
                0x0000000008008b66       0x40 Drivers/STM32F1xx_HAL_Driver/Src/stm32f1xx_hal_spi.o
 *fill*         0x0000000008008ba6        0x2 
 .text.SPI_WaitFlagStateUntilTimeout
                0x0000000008008ba8      0x110 Drivers/STM32F1xx_HAL_Driver/Src/stm32f1xx_hal_spi.o
 .text.SPI_EndRxTxTransaction
                0x0000000008008cb8       0x3c Drivers/STM32F1xx_HAL_Driver/Src/stm32f1xx_hal_spi.o
 .text.HAL_UART_Init
                0x0000000008008cf4       0x9a Drivers/STM32F1xx_HAL_Driver/Src/stm32f1xx_hal_uart.o
                0x0000000008008cf4                HAL_UART_Init
 *fill*         0x0000000008008d8e        0x2 
 .text.UART_SetConfig
                0x0000000008008d90      0x11c Drivers/STM32F1xx_HAL_Driver/Src/stm32f1xx_hal_uart.o
 .text.USB_CoreInit
                0x0000000008008eac       0x90 Drivers/STM32F1xx_HAL_Driver/Src/stm32f1xx_ll_usb.o
                0x0000000008008eac                USB_CoreInit
 .text.USB_EnableGlobalInt
                0x0000000008008f3c       0x20 Drivers/STM32F1xx_HAL_Driver/Src/stm32f1xx_ll_usb.o
                0x0000000008008f3c                USB_EnableGlobalInt
 .text.USB_DisableGlobalInt
                0x0000000008008f5c       0x20 Drivers/STM32F1xx_HAL_Driver/Src/stm32f1xx_ll_usb.o
                0x0000000008008f5c                USB_DisableGlobalInt
 .text.USB_SetCurrentMode
                0x0000000008008f7c       0x54 Drivers/STM32F1xx_HAL_Driver/Src/stm32f1xx_ll_usb.o
                0x0000000008008f7c                USB_SetCurrentMode
 .text.USB_FlushTxFifo
                0x0000000008008fd0       0x48 Drivers/STM32F1xx_HAL_Driver/Src/stm32f1xx_ll_usb.o
                0x0000000008008fd0                USB_FlushTxFifo
 .text.USB_FlushRxFifo
                0x0000000008009018       0x40 Drivers/STM32F1xx_HAL_Driver/Src/stm32f1xx_ll_usb.o
                0x0000000008009018                USB_FlushRxFifo
 .text.USB_WritePacket
                0x0000000008009058       0x60 Drivers/STM32F1xx_HAL_Driver/Src/stm32f1xx_ll_usb.o
                0x0000000008009058                USB_WritePacket
 .text.USB_ReadPacket
                0x00000000080090b8       0x50 Drivers/STM32F1xx_HAL_Driver/Src/stm32f1xx_ll_usb.o
                0x00000000080090b8                USB_ReadPacket
 .text.USB_ReadInterrupts
                0x0000000008009108       0x24 Drivers/STM32F1xx_HAL_Driver/Src/stm32f1xx_ll_usb.o
                0x0000000008009108                USB_ReadInterrupts
 .text.USB_GetMode
                0x000000000800912c       0x1a Drivers/STM32F1xx_HAL_Driver/Src/stm32f1xx_ll_usb.o
                0x000000000800912c                USB_GetMode
 *fill*         0x0000000008009146        0x2 
 .text.USB_CoreReset
                0x0000000008009148       0x64 Drivers/STM32F1xx_HAL_Driver/Src/stm32f1xx_ll_usb.o
 .text.USB_HostInit
                0x00000000080091ac       0xfc Drivers/STM32F1xx_HAL_Driver/Src/stm32f1xx_ll_usb.o
                0x00000000080091ac                USB_HostInit
 .text.USB_InitFSLSPClkSel
                0x00000000080092a8       0x72 Drivers/STM32F1xx_HAL_Driver/Src/stm32f1xx_ll_usb.o
                0x00000000080092a8                USB_InitFSLSPClkSel
 .text.USB_DriveVbus
                0x000000000800931a       0x70 Drivers/STM32F1xx_HAL_Driver/Src/stm32f1xx_ll_usb.o
                0x000000000800931a                USB_DriveVbus
 .text.USB_GetCurrentFrame
                0x000000000800938a       0x20 Drivers/STM32F1xx_HAL_Driver/Src/stm32f1xx_ll_usb.o
                0x000000000800938a                USB_GetCurrentFrame
 *fill*         0x00000000080093aa        0x2 
 .text.USB_HC_Init
                0x00000000080093ac      0x1e4 Drivers/STM32F1xx_HAL_Driver/Src/stm32f1xx_ll_usb.o
                0x00000000080093ac                USB_HC_Init
 .text.USB_HC_StartXfer
                0x0000000008009590      0x200 Drivers/STM32F1xx_HAL_Driver/Src/stm32f1xx_ll_usb.o
                0x0000000008009590                USB_HC_StartXfer
 .text.USB_HC_ReadInterrupt
                0x0000000008009790       0x20 Drivers/STM32F1xx_HAL_Driver/Src/stm32f1xx_ll_usb.o
                0x0000000008009790                USB_HC_ReadInterrupt
 .text.USB_HC_Halt
                0x00000000080097b0      0x1fc Drivers/STM32F1xx_HAL_Driver/Src/stm32f1xx_ll_usb.o
                0x00000000080097b0                USB_HC_Halt
 .text.USB_StopHost
                0x00000000080099ac      0x10c Drivers/STM32F1xx_HAL_Driver/Src/stm32f1xx_ll_usb.o
                0x00000000080099ac                USB_StopHost
 .text.MX_FATFS_Init
                0x0000000008009ab8       0x24 FATFS/App/fatfs.o
                0x0000000008009ab8                MX_FATFS_Init
 .text.get_fattime
                0x0000000008009adc        0xe FATFS/App/fatfs.o
                0x0000000008009adc                get_fattime
 .text.USER_initialize
                0x0000000008009aea       0x1e FATFS/Target/user_diskio.o
                0x0000000008009aea                USER_initialize
 .text.USER_status
                0x0000000008009b08       0x1e FATFS/Target/user_diskio.o
                0x0000000008009b08                USER_status
 .text.USER_read
                0x0000000008009b26       0x28 FATFS/Target/user_diskio.o
                0x0000000008009b26                USER_read
 .text.USER_write
                0x0000000008009b4e       0x28 FATFS/Target/user_diskio.o
                0x0000000008009b4e                USER_write
 .text.USER_ioctl
                0x0000000008009b76       0x2c FATFS/Target/user_diskio.o
                0x0000000008009b76                USER_ioctl
 .text.USBH_CDC_InterfaceInit
                0x0000000008009ba2      0x2ac Middlewares/ST/STM32_USB_Host_Library/Class/CDC/Src/usbh_cdc.o
 .text.USBH_CDC_InterfaceDeInit
                0x0000000008009e4e       0xb2 Middlewares/ST/STM32_USB_Host_Library/Class/CDC/Src/usbh_cdc.o
 .text.USBH_CDC_ClassRequest
                0x0000000008009f00       0x42 Middlewares/ST/STM32_USB_Host_Library/Class/CDC/Src/usbh_cdc.o
 *fill*         0x0000000008009f42        0x2 
 .text.USBH_CDC_Process
                0x0000000008009f44      0x12c Middlewares/ST/STM32_USB_Host_Library/Class/CDC/Src/usbh_cdc.o
 .text.USBH_CDC_SOFProcess
                0x000000000800a070       0x14 Middlewares/ST/STM32_USB_Host_Library/Class/CDC/Src/usbh_cdc.o
 .text.GetLineCoding
                0x000000000800a084       0x3e Middlewares/ST/STM32_USB_Host_Library/Class/CDC/Src/usbh_cdc.o
 .text.SetLineCoding
                0x000000000800a0c2       0x3e Middlewares/ST/STM32_USB_Host_Library/Class/CDC/Src/usbh_cdc.o
 .text.CDC_ProcessTransmission
                0x000000000800a100       0xec Middlewares/ST/STM32_USB_Host_Library/Class/CDC/Src/usbh_cdc.o
 .text.CDC_ProcessReception
                0x000000000800a1ec       0xb6 Middlewares/ST/STM32_USB_Host_Library/Class/CDC/Src/usbh_cdc.o
 .text.USBH_CDC_TransmitCallback
                0x000000000800a2a2       0x12 Middlewares/ST/STM32_USB_Host_Library/Class/CDC/Src/usbh_cdc.o
                0x000000000800a2a2                USBH_CDC_TransmitCallback
 .text.USBH_CDC_ReceiveCallback
                0x000000000800a2b4       0x12 Middlewares/ST/STM32_USB_Host_Library/Class/CDC/Src/usbh_cdc.o
                0x000000000800a2b4                USBH_CDC_ReceiveCallback
 .text.USBH_CDC_LineCodingChanged
                0x000000000800a2c6       0x12 Middlewares/ST/STM32_USB_Host_Library/Class/CDC/Src/usbh_cdc.o
                0x000000000800a2c6                USBH_CDC_LineCodingChanged
 .text.USBH_Init
                0x000000000800a2d8       0x74 Middlewares/ST/STM32_USB_Host_Library/Core/Src/usbh_core.o
                0x000000000800a2d8                USBH_Init
 .text.DeInitStateMachine
                0x000000000800a34c       0x94 Middlewares/ST/STM32_USB_Host_Library/Core/Src/usbh_core.o
 .text.USBH_RegisterClass
                0x000000000800a3e0       0x54 Middlewares/ST/STM32_USB_Host_Library/Core/Src/usbh_core.o
                0x000000000800a3e0                USBH_RegisterClass
 .text.USBH_SelectInterface
                0x000000000800a434       0x36 Middlewares/ST/STM32_USB_Host_Library/Core/Src/usbh_core.o
                0x000000000800a434                USBH_SelectInterface
 .text.USBH_FindInterface
                0x000000000800a46a       0x8a Middlewares/ST/STM32_USB_Host_Library/Core/Src/usbh_core.o
                0x000000000800a46a                USBH_FindInterface
 .text.USBH_Start
                0x000000000800a4f4       0x20 Middlewares/ST/STM32_USB_Host_Library/Core/Src/usbh_core.o
                0x000000000800a4f4                USBH_Start
 .text.USBH_LL_SetTimer
                0x000000000800a514       0x1c Middlewares/ST/STM32_USB_Host_Library/Core/Src/usbh_core.o
                0x000000000800a514                USBH_LL_SetTimer
 .text.USBH_LL_IncTimer
                0x000000000800a530       0x24 Middlewares/ST/STM32_USB_Host_Library/Core/Src/usbh_core.o
                0x000000000800a530                USBH_LL_IncTimer
 .text.USBH_HandleSof
                0x000000000800a554       0x30 Middlewares/ST/STM32_USB_Host_Library/Core/Src/usbh_core.o
 .text.USBH_LL_PortEnabled
                0x000000000800a584       0x1a Middlewares/ST/STM32_USB_Host_Library/Core/Src/usbh_core.o
                0x000000000800a584                USBH_LL_PortEnabled
 .text.USBH_LL_PortDisabled
                0x000000000800a59e       0x1a Middlewares/ST/STM32_USB_Host_Library/Core/Src/usbh_core.o
                0x000000000800a59e                USBH_LL_PortDisabled
 .text.USBH_LL_Connect
                0x000000000800a5b8       0x2c Middlewares/ST/STM32_USB_Host_Library/Core/Src/usbh_core.o
                0x000000000800a5b8                USBH_LL_Connect
 .text.USBH_LL_Disconnect
                0x000000000800a5e4       0x48 Middlewares/ST/STM32_USB_Host_Library/Core/Src/usbh_core.o
                0x000000000800a5e4                USBH_LL_Disconnect
 .text.USBH_ClrFeature
                0x000000000800a62c       0x48 Middlewares/ST/STM32_USB_Host_Library/Core/Src/usbh_ctlreq.o
                0x000000000800a62c                USBH_ClrFeature
 .text.USBH_CtlReq
                0x000000000800a674       0x94 Middlewares/ST/STM32_USB_Host_Library/Core/Src/usbh_ctlreq.o
                0x000000000800a674                USBH_CtlReq
 .text.USBH_HandleControl
                0x000000000800a708      0x2d0 Middlewares/ST/STM32_USB_Host_Library/Core/Src/usbh_ctlreq.o
 .text.USBH_CtlSendSetup
                0x000000000800a9d8       0x34 Middlewares/ST/STM32_USB_Host_Library/Core/Src/usbh_ioreq.o
                0x000000000800a9d8                USBH_CtlSendSetup
 .text.USBH_CtlSendData
                0x000000000800aa0c       0x4a Middlewares/ST/STM32_USB_Host_Library/Core/Src/usbh_ioreq.o
                0x000000000800aa0c                USBH_CtlSendData
 .text.USBH_CtlReceiveData
                0x000000000800aa56       0x3c Middlewares/ST/STM32_USB_Host_Library/Core/Src/usbh_ioreq.o
                0x000000000800aa56                USBH_CtlReceiveData
 .text.USBH_BulkSendData
                0x000000000800aa92       0x4a Middlewares/ST/STM32_USB_Host_Library/Core/Src/usbh_ioreq.o
                0x000000000800aa92                USBH_BulkSendData
 .text.USBH_BulkReceiveData
                0x000000000800aadc       0x3c Middlewares/ST/STM32_USB_Host_Library/Core/Src/usbh_ioreq.o
                0x000000000800aadc                USBH_BulkReceiveData
 .text.USBH_OpenPipe
                0x000000000800ab18       0x3e Middlewares/ST/STM32_USB_Host_Library/Core/Src/usbh_pipes.o
                0x000000000800ab18                USBH_OpenPipe
 .text.USBH_ClosePipe
                0x000000000800ab56       0x20 Middlewares/ST/STM32_USB_Host_Library/Core/Src/usbh_pipes.o
                0x000000000800ab56                USBH_ClosePipe
 .text.USBH_AllocPipe
                0x000000000800ab76       0x40 Middlewares/ST/STM32_USB_Host_Library/Core/Src/usbh_pipes.o
                0x000000000800ab76                USBH_AllocPipe
 .text.USBH_FreePipe
                0x000000000800abb6       0x36 Middlewares/ST/STM32_USB_Host_Library/Core/Src/usbh_pipes.o
                0x000000000800abb6                USBH_FreePipe
 .text.USBH_GetFreePipe
                0x000000000800abec       0x44 Middlewares/ST/STM32_USB_Host_Library/Core/Src/usbh_pipes.o
 .text.disk_status
                0x000000000800ac30       0x34 Middlewares/Third_Party/FatFs/src/diskio.o
                0x000000000800ac30                disk_status
 .text.disk_initialize
                0x000000000800ac64       0x4c Middlewares/Third_Party/FatFs/src/diskio.o
                0x000000000800ac64                disk_initialize
 .text.disk_read
                0x000000000800acb0       0x40 Middlewares/Third_Party/FatFs/src/diskio.o
                0x000000000800acb0                disk_read
 .text.disk_write
                0x000000000800acf0       0x40 Middlewares/Third_Party/FatFs/src/diskio.o
                0x000000000800acf0                disk_write
 .text.disk_ioctl
                0x000000000800ad30       0x3c Middlewares/Third_Party/FatFs/src/diskio.o
                0x000000000800ad30                disk_ioctl
 .text.mem_cpy  0x000000000800ad6c       0x3c Middlewares/Third_Party/FatFs/src/ff.o
 .text.mem_set  0x000000000800ada8       0x34 Middlewares/Third_Party/FatFs/src/ff.o
 .text.mem_cmp  0x000000000800addc       0x4c Middlewares/Third_Party/FatFs/src/ff.o
 .text.chk_chr  0x000000000800ae28       0x34 Middlewares/Third_Party/FatFs/src/ff.o
 .text.chk_lock
                0x000000000800ae5c       0xe4 Middlewares/Third_Party/FatFs/src/ff.o
 .text.enq_lock
                0x000000000800af40       0x48 Middlewares/Third_Party/FatFs/src/ff.o
 .text.inc_lock
                0x000000000800af88      0x180 Middlewares/Third_Party/FatFs/src/ff.o
 .text.dec_lock
                0x000000000800b108       0x88 Middlewares/Third_Party/FatFs/src/ff.o
 .text.clear_lock
                0x000000000800b190       0x54 Middlewares/Third_Party/FatFs/src/ff.o
 .text.sync_window
                0x000000000800b1e4       0xb4 Middlewares/Third_Party/FatFs/src/ff.o
 .text.move_window
                0x000000000800b298       0x68 Middlewares/Third_Party/FatFs/src/ff.o
 .text.sync_fs  0x000000000800b300      0x19e Middlewares/Third_Party/FatFs/src/ff.o
 .text.clust2sect
                0x000000000800b49e       0x4e Middlewares/Third_Party/FatFs/src/ff.o
                0x000000000800b49e                clust2sect
 .text.get_fat  0x000000000800b4ec      0x20a Middlewares/Third_Party/FatFs/src/ff.o
                0x000000000800b4ec                get_fat
 .text.put_fat  0x000000000800b6f6      0x2c0 Middlewares/Third_Party/FatFs/src/ff.o
                0x000000000800b6f6                put_fat
 .text.remove_chain
                0x000000000800b9b6       0xd0 Middlewares/Third_Party/FatFs/src/ff.o
 .text.create_chain
                0x000000000800ba86      0x162 Middlewares/Third_Party/FatFs/src/ff.o
 .text.clmt_clust
                0x000000000800bbe8       0x86 Middlewares/Third_Party/FatFs/src/ff.o
 .text.dir_sdi  0x000000000800bc6e      0x1b6 Middlewares/Third_Party/FatFs/src/ff.o
 .text.dir_next
                0x000000000800be24      0x2c4 Middlewares/Third_Party/FatFs/src/ff.o
 .text.dir_alloc
                0x000000000800c0e8       0xa2 Middlewares/Third_Party/FatFs/src/ff.o
 .text.ld_clust
                0x000000000800c18a       0x5c Middlewares/Third_Party/FatFs/src/ff.o
 .text.st_clust
                0x000000000800c1e6       0x4c Middlewares/Third_Party/FatFs/src/ff.o
 *fill*         0x000000000800c232        0x2 
 .text.cmp_lfn  0x000000000800c234       0xdc Middlewares/Third_Party/FatFs/src/ff.o
 .text.fit_lfn  0x000000000800c310       0xe8 Middlewares/Third_Party/FatFs/src/ff.o
 .text.gen_numname
                0x000000000800c3f8      0x120 Middlewares/Third_Party/FatFs/src/ff.o
 .text.sum_sfn  0x000000000800c518       0x40 Middlewares/Third_Party/FatFs/src/ff.o
 .text.dir_find
                0x000000000800c558      0x1aa Middlewares/Third_Party/FatFs/src/ff.o
 *fill*         0x000000000800c702        0x2 
 .text.dir_register
                0x000000000800c704      0x260 Middlewares/Third_Party/FatFs/src/ff.o
 .text.create_name
                0x000000000800c964      0x384 Middlewares/Third_Party/FatFs/src/ff.o
 .text.follow_path
                0x000000000800cce8       0xf2 Middlewares/Third_Party/FatFs/src/ff.o
 .text.get_ldnumber
                0x000000000800cdda       0x86 Middlewares/Third_Party/FatFs/src/ff.o
 .text.check_fs
                0x000000000800ce60       0xdc Middlewares/Third_Party/FatFs/src/ff.o
 .text.find_volume
                0x000000000800cf3c      0x6b8 Middlewares/Third_Party/FatFs/src/ff.o
 .text.validate
                0x000000000800d5f4       0x7c Middlewares/Third_Party/FatFs/src/ff.o
 .text.f_mount  0x000000000800d670       0x94 Middlewares/Third_Party/FatFs/src/ff.o
                0x000000000800d670                f_mount
 .text.f_open   0x000000000800d704      0x674 Middlewares/Third_Party/FatFs/src/ff.o
                0x000000000800d704                f_open
 .text.f_read   0x000000000800dd78      0x42c Middlewares/Third_Party/FatFs/src/ff.o
                0x000000000800dd78                f_read
 .text.f_sync   0x000000000800e1a4      0x1bc Middlewares/Third_Party/FatFs/src/ff.o
                0x000000000800e1a4                f_sync
 .text.f_close  0x000000000800e360       0x56 Middlewares/Third_Party/FatFs/src/ff.o
                0x000000000800e360                f_close
 *fill*         0x000000000800e3b6        0x2 
 .text.FATFS_LinkDriverEx
                0x000000000800e3b8       0x94 Middlewares/Third_Party/FatFs/src/ff_gen_drv.o
                0x000000000800e3b8                FATFS_LinkDriverEx
 .text.FATFS_LinkDriver
                0x000000000800e44c       0x1e Middlewares/Third_Party/FatFs/src/ff_gen_drv.o
                0x000000000800e44c                FATFS_LinkDriver
 *fill*         0x000000000800e46a        0x2 
 .text.ff_convert
                0x000000000800e46c       0x74 Middlewares/Third_Party/FatFs/src/option/ccsbcs.o
                0x000000000800e46c                ff_convert
 .text.ff_wtoupper
                0x000000000800e4e0       0x5c Middlewares/Third_Party/FatFs/src/option/ccsbcs.o
                0x000000000800e4e0                ff_wtoupper
 .text.MX_USB_HOST_Init
                0x000000000800e53c       0x4c USB_HOST/App/usb_host.o
                0x000000000800e53c                MX_USB_HOST_Init
 .text.USBH_UserProcess
                0x000000000800e588       0x58 USB_HOST/App/usb_host.o
 .text.HAL_HCD_MspInit
                0x000000000800e5e0       0x8c USB_HOST/Target/usbh_conf.o
                0x000000000800e5e0                HAL_HCD_MspInit
 .text.HAL_HCD_SOF_Callback
                0x000000000800e66c       0x1c USB_HOST/Target/usbh_conf.o
                0x000000000800e66c                HAL_HCD_SOF_Callback
 .text.HAL_HCD_Connect_Callback
                0x000000000800e688       0x1c USB_HOST/Target/usbh_conf.o
                0x000000000800e688                HAL_HCD_Connect_Callback
 .text.HAL_HCD_Disconnect_Callback
                0x000000000800e6a4       0x1c USB_HOST/Target/usbh_conf.o
                0x000000000800e6a4                HAL_HCD_Disconnect_Callback
 .text.HAL_HCD_HC_NotifyURBChange_Callback
                0x000000000800e6c0       0x1a USB_HOST/Target/usbh_conf.o
                0x000000000800e6c0                HAL_HCD_HC_NotifyURBChange_Callback
 .text.HAL_HCD_PortEnabled_Callback
                0x000000000800e6da       0x1c USB_HOST/Target/usbh_conf.o
                0x000000000800e6da                HAL_HCD_PortEnabled_Callback
 .text.HAL_HCD_PortDisabled_Callback
                0x000000000800e6f6       0x1c USB_HOST/Target/usbh_conf.o
                0x000000000800e6f6                HAL_HCD_PortDisabled_Callback
 *fill*         0x000000000800e712        0x2 
 .text.USBH_LL_Init
                0x000000000800e714       0x70 USB_HOST/Target/usbh_conf.o
                0x000000000800e714                USBH_LL_Init
 .text.USBH_LL_Start
                0x000000000800e784       0x36 USB_HOST/Target/usbh_conf.o
                0x000000000800e784                USBH_LL_Start
 .text.USBH_LL_Stop
                0x000000000800e7ba       0x36 USB_HOST/Target/usbh_conf.o
                0x000000000800e7ba                USBH_LL_Stop
 .text.USBH_LL_GetLastXferSize
                0x000000000800e7f0       0x26 USB_HOST/Target/usbh_conf.o
                0x000000000800e7f0                USBH_LL_GetLastXferSize
 .text.USBH_LL_OpenPipe
                0x000000000800e816       0x5e USB_HOST/Target/usbh_conf.o
                0x000000000800e816                USBH_LL_OpenPipe
 .text.USBH_LL_ClosePipe
                0x000000000800e874       0x3e USB_HOST/Target/usbh_conf.o
                0x000000000800e874                USBH_LL_ClosePipe
 .text.USBH_LL_SubmitURB
                0x000000000800e8b2       0x62 USB_HOST/Target/usbh_conf.o
                0x000000000800e8b2                USBH_LL_SubmitURB
 .text.USBH_LL_GetURBState
                0x000000000800e914       0x26 USB_HOST/Target/usbh_conf.o
                0x000000000800e914                USBH_LL_GetURBState
 .text.USBH_LL_DriverVBUS
                0x000000000800e93a       0x2e USB_HOST/Target/usbh_conf.o
                0x000000000800e93a                USBH_LL_DriverVBUS
 .text.USBH_LL_SetToggle
                0x000000000800e968       0x64 USB_HOST/Target/usbh_conf.o
                0x000000000800e968                USBH_LL_SetToggle
 .text.USBH_Get_USB_Status
                0x000000000800e9cc       0x58 USB_HOST/Target/usbh_conf.o
                0x000000000800e9cc                USBH_Get_USB_Status
 .text.MX_DriverVbusFS
                0x000000000800ea24       0x38 USB_HOST/Target/usbh_platform.o
                0x000000000800ea24                MX_DriverVbusFS
 .text.__errno  0x000000000800ea5c        0xc d:/stm32cubeide/stm32cubeide_1.0.0/stm32cubeide/plugins/com.st.stm32cube.ide.mcu.externaltools.gnu-tools-for-stm32.9-2020-q2-update.win32_1.5.0.202011040924/tools/bin/../lib/gcc/arm-none-eabi/9.3.1/../../../../arm-none-eabi/lib/thumb/v7-m/nofp\libc_nano.a(lib_a-errno.o)
                0x000000000800ea5c                __errno
 .text.__libc_init_array
                0x000000000800ea68       0x48 d:/stm32cubeide/stm32cubeide_1.0.0/stm32cubeide/plugins/com.st.stm32cube.ide.mcu.externaltools.gnu-tools-for-stm32.9-2020-q2-update.win32_1.5.0.202011040924/tools/bin/../lib/gcc/arm-none-eabi/9.3.1/../../../../arm-none-eabi/lib/thumb/v7-m/nofp\libc_nano.a(lib_a-init.o)
                0x000000000800ea68                __libc_init_array
 .text.malloc   0x000000000800eab0       0x10 d:/stm32cubeide/stm32cubeide_1.0.0/stm32cubeide/plugins/com.st.stm32cube.ide.mcu.externaltools.gnu-tools-for-stm32.9-2020-q2-update.win32_1.5.0.202011040924/tools/bin/../lib/gcc/arm-none-eabi/9.3.1/../../../../arm-none-eabi/lib/thumb/v7-m/nofp\libc_nano.a(lib_a-malloc.o)
                0x000000000800eab0                malloc
 .text.free     0x000000000800eac0       0x10 d:/stm32cubeide/stm32cubeide_1.0.0/stm32cubeide/plugins/com.st.stm32cube.ide.mcu.externaltools.gnu-tools-for-stm32.9-2020-q2-update.win32_1.5.0.202011040924/tools/bin/../lib/gcc/arm-none-eabi/9.3.1/../../../../arm-none-eabi/lib/thumb/v7-m/nofp\libc_nano.a(lib_a-malloc.o)
                0x000000000800eac0                free
 .text.memcpy   0x000000000800ead0       0x1c d:/stm32cubeide/stm32cubeide_1.0.0/stm32cubeide/plugins/com.st.stm32cube.ide.mcu.externaltools.gnu-tools-for-stm32.9-2020-q2-update.win32_1.5.0.202011040924/tools/bin/../lib/gcc/arm-none-eabi/9.3.1/../../../../arm-none-eabi/lib/thumb/v7-m/nofp\libc_nano.a(lib_a-memcpy-stub.o)
                0x000000000800ead0                memcpy
 .text.memset   0x000000000800eaec       0x10 d:/stm32cubeide/stm32cubeide_1.0.0/stm32cubeide/plugins/com.st.stm32cube.ide.mcu.externaltools.gnu-tools-for-stm32.9-2020-q2-update.win32_1.5.0.202011040924/tools/bin/../lib/gcc/arm-none-eabi/9.3.1/../../../../arm-none-eabi/lib/thumb/v7-m/nofp\libc_nano.a(lib_a-memset.o)
                0x000000000800eaec                memset
 .text._free_r  0x000000000800eafc       0x98 d:/stm32cubeide/stm32cubeide_1.0.0/stm32cubeide/plugins/com.st.stm32cube.ide.mcu.externaltools.gnu-tools-for-stm32.9-2020-q2-update.win32_1.5.0.202011040924/tools/bin/../lib/gcc/arm-none-eabi/9.3.1/../../../../arm-none-eabi/lib/thumb/v7-m/nofp\libc_nano.a(lib_a-nano-freer.o)
                0x000000000800eafc                _free_r
 .text._malloc_r
                0x000000000800eb94       0xb4 d:/stm32cubeide/stm32cubeide_1.0.0/stm32cubeide/plugins/com.st.stm32cube.ide.mcu.externaltools.gnu-tools-for-stm32.9-2020-q2-update.win32_1.5.0.202011040924/tools/bin/../lib/gcc/arm-none-eabi/9.3.1/../../../../arm-none-eabi/lib/thumb/v7-m/nofp\libc_nano.a(lib_a-nano-mallocr.o)
                0x000000000800eb94                _malloc_r
 .text._sbrk_r  0x000000000800ec48       0x20 d:/stm32cubeide/stm32cubeide_1.0.0/stm32cubeide/plugins/com.st.stm32cube.ide.mcu.externaltools.gnu-tools-for-stm32.9-2020-q2-update.win32_1.5.0.202011040924/tools/bin/../lib/gcc/arm-none-eabi/9.3.1/../../../../arm-none-eabi/lib/thumb/v7-m/nofp\libc_nano.a(lib_a-sbrkr.o)
                0x000000000800ec48                _sbrk_r
 .text.sprintf  0x000000000800ec68       0x40 d:/stm32cubeide/stm32cubeide_1.0.0/stm32cubeide/plugins/com.st.stm32cube.ide.mcu.externaltools.gnu-tools-for-stm32.9-2020-q2-update.win32_1.5.0.202011040924/tools/bin/../lib/gcc/arm-none-eabi/9.3.1/../../../../arm-none-eabi/lib/thumb/v7-m/nofp\libc_nano.a(lib_a-sprintf.o)
                0x000000000800ec68                siprintf
                0x000000000800ec68                sprintf
 .text.__malloc_lock
                0x000000000800eca8        0xc d:/stm32cubeide/stm32cubeide_1.0.0/stm32cubeide/plugins/com.st.stm32cube.ide.mcu.externaltools.gnu-tools-for-stm32.9-2020-q2-update.win32_1.5.0.202011040924/tools/bin/../lib/gcc/arm-none-eabi/9.3.1/../../../../arm-none-eabi/lib/thumb/v7-m/nofp\libc_nano.a(lib_a-mlock.o)
                0x000000000800eca8                __malloc_lock
 .text.__malloc_unlock
                0x000000000800ecb4        0xc d:/stm32cubeide/stm32cubeide_1.0.0/stm32cubeide/plugins/com.st.stm32cube.ide.mcu.externaltools.gnu-tools-for-stm32.9-2020-q2-update.win32_1.5.0.202011040924/tools/bin/../lib/gcc/arm-none-eabi/9.3.1/../../../../arm-none-eabi/lib/thumb/v7-m/nofp\libc_nano.a(lib_a-mlock.o)
                0x000000000800ecb4                __malloc_unlock
 .text.__ssputs_r
                0x000000000800ecc0       0xb6 d:/stm32cubeide/stm32cubeide_1.0.0/stm32cubeide/plugins/com.st.stm32cube.ide.mcu.externaltools.gnu-tools-for-stm32.9-2020-q2-update.win32_1.5.0.202011040924/tools/bin/../lib/gcc/arm-none-eabi/9.3.1/../../../../arm-none-eabi/lib/thumb/v7-m/nofp\libc_nano.a(lib_a-nano-svfprintf.o)
                0x000000000800ecc0                __ssputs_r
 *fill*         0x000000000800ed76        0x2 
 .text._svfprintf_r
                0x000000000800ed78      0x200 d:/stm32cubeide/stm32cubeide_1.0.0/stm32cubeide/plugins/com.st.stm32cube.ide.mcu.externaltools.gnu-tools-for-stm32.9-2020-q2-update.win32_1.5.0.202011040924/tools/bin/../lib/gcc/arm-none-eabi/9.3.1/../../../../arm-none-eabi/lib/thumb/v7-m/nofp\libc_nano.a(lib_a-nano-svfprintf.o)
                0x000000000800ed78                _svfiprintf_r
                0x000000000800ed78                _svfprintf_r
 .text._printf_common
                0x000000000800ef78       0xde d:/stm32cubeide/stm32cubeide_1.0.0/stm32cubeide/plugins/com.st.stm32cube.ide.mcu.externaltools.gnu-tools-for-stm32.9-2020-q2-update.win32_1.5.0.202011040924/tools/bin/../lib/gcc/arm-none-eabi/9.3.1/../../../../arm-none-eabi/lib/thumb/v7-m/nofp\libc_nano.a(lib_a-nano-vfprintf_i.o)
                0x000000000800ef78                _printf_common
 *fill*         0x000000000800f056        0x2 
 .text._printf_i
                0x000000000800f058      0x24c d:/stm32cubeide/stm32cubeide_1.0.0/stm32cubeide/plugins/com.st.stm32cube.ide.mcu.externaltools.gnu-tools-for-stm32.9-2020-q2-update.win32_1.5.0.202011040924/tools/bin/../lib/gcc/arm-none-eabi/9.3.1/../../../../arm-none-eabi/lib/thumb/v7-m/nofp\libc_nano.a(lib_a-nano-vfprintf_i.o)
                0x000000000800f058                _printf_i
 .text.__retarget_lock_acquire_recursive
                0x000000000800f2a4        0x2 d:/stm32cubeide/stm32cubeide_1.0.0/stm32cubeide/plugins/com.st.stm32cube.ide.mcu.externaltools.gnu-tools-for-stm32.9-2020-q2-update.win32_1.5.0.202011040924/tools/bin/../lib/gcc/arm-none-eabi/9.3.1/../../../../arm-none-eabi/lib/thumb/v7-m/nofp\libc_nano.a(lib_a-lock.o)
                0x000000000800f2a4                __retarget_lock_acquire_recursive
 .text.__retarget_lock_release_recursive
                0x000000000800f2a6        0x2 d:/stm32cubeide/stm32cubeide_1.0.0/stm32cubeide/plugins/com.st.stm32cube.ide.mcu.externaltools.gnu-tools-for-stm32.9-2020-q2-update.win32_1.5.0.202011040924/tools/bin/../lib/gcc/arm-none-eabi/9.3.1/../../../../arm-none-eabi/lib/thumb/v7-m/nofp\libc_nano.a(lib_a-lock.o)
                0x000000000800f2a6                __retarget_lock_release_recursive
 .text.memchr   0x000000000800f2a8       0x1c d:/stm32cubeide/stm32cubeide_1.0.0/stm32cubeide/plugins/com.st.stm32cube.ide.mcu.externaltools.gnu-tools-for-stm32.9-2020-q2-update.win32_1.5.0.202011040924/tools/bin/../lib/gcc/arm-none-eabi/9.3.1/../../../../arm-none-eabi/lib/thumb/v7-m/nofp\libc_nano.a(lib_a-memchr-stub.o)
                0x000000000800f2a8                memchr
 .text.memmove  0x000000000800f2c4       0x34 d:/stm32cubeide/stm32cubeide_1.0.0/stm32cubeide/plugins/com.st.stm32cube.ide.mcu.externaltools.gnu-tools-for-stm32.9-2020-q2-update.win32_1.5.0.202011040924/tools/bin/../lib/gcc/arm-none-eabi/9.3.1/../../../../arm-none-eabi/lib/thumb/v7-m/nofp\libc_nano.a(lib_a-memmove.o)
                0x000000000800f2c4                memmove
 .text._realloc_r
                0x000000000800f2f8       0x4c d:/stm32cubeide/stm32cubeide_1.0.0/stm32cubeide/plugins/com.st.stm32cube.ide.mcu.externaltools.gnu-tools-for-stm32.9-2020-q2-update.win32_1.5.0.202011040924/tools/bin/../lib/gcc/arm-none-eabi/9.3.1/../../../../arm-none-eabi/lib/thumb/v7-m/nofp\libc_nano.a(lib_a-nano-reallocr.o)
                0x000000000800f2f8                _realloc_r
 .text._malloc_usable_size_r
                0x000000000800f344       0x10 d:/stm32cubeide/stm32cubeide_1.0.0/stm32cubeide/plugins/com.st.stm32cube.ide.mcu.externaltools.gnu-tools-for-stm32.9-2020-q2-update.win32_1.5.0.202011040924/tools/bin/../lib/gcc/arm-none-eabi/9.3.1/../../../../arm-none-eabi/lib/thumb/v7-m/nofp\libc_nano.a(lib_a-nano-msizer.o)
                0x000000000800f344                _malloc_usable_size_r
 .text.trunc    0x000000000800f354       0x60 d:/stm32cubeide/stm32cubeide_1.0.0/stm32cubeide/plugins/com.st.stm32cube.ide.mcu.externaltools.gnu-tools-for-stm32.9-2020-q2-update.win32_1.5.0.202011040924/tools/bin/../lib/gcc/arm-none-eabi/9.3.1/../../../../arm-none-eabi/lib/thumb/v7-m/nofp\libm.a(lib_a-s_trunc.o)
                0x000000000800f354                trunc
 .text.pow      0x000000000800f3b4      0x158 d:/stm32cubeide/stm32cubeide_1.0.0/stm32cubeide/plugins/com.st.stm32cube.ide.mcu.externaltools.gnu-tools-for-stm32.9-2020-q2-update.win32_1.5.0.202011040924/tools/bin/../lib/gcc/arm-none-eabi/9.3.1/../../../../arm-none-eabi/lib/thumb/v7-m/nofp\libm.a(lib_a-w_pow.o)
                0x000000000800f3b4                pow
 *fill*         0x000000000800f50c        0x4 
 .text.__ieee754_pow
                0x000000000800f510      0xa2c d:/stm32cubeide/stm32cubeide_1.0.0/stm32cubeide/plugins/com.st.stm32cube.ide.mcu.externaltools.gnu-tools-for-stm32.9-2020-q2-update.win32_1.5.0.202011040924/tools/bin/../lib/gcc/arm-none-eabi/9.3.1/../../../../arm-none-eabi/lib/thumb/v7-m/nofp\libm.a(lib_a-e_pow.o)
                0x000000000800f510                __ieee754_pow
 .text.__ieee754_sqrt
                0x000000000800ff3c      0x158 d:/stm32cubeide/stm32cubeide_1.0.0/stm32cubeide/plugins/com.st.stm32cube.ide.mcu.externaltools.gnu-tools-for-stm32.9-2020-q2-update.win32_1.5.0.202011040924/tools/bin/../lib/gcc/arm-none-eabi/9.3.1/../../../../arm-none-eabi/lib/thumb/v7-m/nofp\libm.a(lib_a-e_sqrt.o)
                0x000000000800ff3c                __ieee754_sqrt
 .text.fabs     0x0000000008010094        0x6 d:/stm32cubeide/stm32cubeide_1.0.0/stm32cubeide/plugins/com.st.stm32cube.ide.mcu.externaltools.gnu-tools-for-stm32.9-2020-q2-update.win32_1.5.0.202011040924/tools/bin/../lib/gcc/arm-none-eabi/9.3.1/../../../../arm-none-eabi/lib/thumb/v7-m/nofp\libm.a(lib_a-s_fabs.o)
                0x0000000008010094                fabs
 .text.finite   0x000000000801009a        0xc d:/stm32cubeide/stm32cubeide_1.0.0/stm32cubeide/plugins/com.st.stm32cube.ide.mcu.externaltools.gnu-tools-for-stm32.9-2020-q2-update.win32_1.5.0.202011040924/tools/bin/../lib/gcc/arm-none-eabi/9.3.1/../../../../arm-none-eabi/lib/thumb/v7-m/nofp\libm.a(lib_a-s_finite.o)
                0x000000000801009a                finite
 *fill*         0x00000000080100a6        0x2 
 .text.nan      0x00000000080100a8        0xc d:/stm32cubeide/stm32cubeide_1.0.0/stm32cubeide/plugins/com.st.stm32cube.ide.mcu.externaltools.gnu-tools-for-stm32.9-2020-q2-update.win32_1.5.0.202011040924/tools/bin/../lib/gcc/arm-none-eabi/9.3.1/../../../../arm-none-eabi/lib/thumb/v7-m/nofp\libm.a(lib_a-s_nan.o)
                0x00000000080100a8                nan
 .text.rint     0x00000000080100b4      0x114 d:/stm32cubeide/stm32cubeide_1.0.0/stm32cubeide/plugins/com.st.stm32cube.ide.mcu.externaltools.gnu-tools-for-stm32.9-2020-q2-update.win32_1.5.0.202011040924/tools/bin/../lib/gcc/arm-none-eabi/9.3.1/../../../../arm-none-eabi/lib/thumb/v7-m/nofp\libm.a(lib_a-s_rint.o)
                0x00000000080100b4                rint
 .text.scalbn   0x00000000080101c8      0x10c d:/stm32cubeide/stm32cubeide_1.0.0/stm32cubeide/plugins/com.st.stm32cube.ide.mcu.externaltools.gnu-tools-for-stm32.9-2020-q2-update.win32_1.5.0.202011040924/tools/bin/../lib/gcc/arm-none-eabi/9.3.1/../../../../arm-none-eabi/lib/thumb/v7-m/nofp\libm.a(lib_a-s_scalbn.o)
                0x00000000080101c8                scalbn
 *(.glue_7)
 .glue_7        0x00000000080102d4        0x0 linker stubs
 *(.glue_7t)
 .glue_7t       0x00000000080102d4        0x0 linker stubs
 *(.eh_frame)
 .eh_frame      0x00000000080102d4        0x0 d:/stm32cubeide/stm32cubeide_1.0.0/stm32cubeide/plugins/com.st.stm32cube.ide.mcu.externaltools.gnu-tools-for-stm32.9-2020-q2-update.win32_1.5.0.202011040924/tools/bin/../lib/gcc/arm-none-eabi/9.3.1/thumb/v7-m/nofp/crtbegin.o
 *(.init)
 .init          0x00000000080102d4        0x4 d:/stm32cubeide/stm32cubeide_1.0.0/stm32cubeide/plugins/com.st.stm32cube.ide.mcu.externaltools.gnu-tools-for-stm32.9-2020-q2-update.win32_1.5.0.202011040924/tools/bin/../lib/gcc/arm-none-eabi/9.3.1/thumb/v7-m/nofp/crti.o
                0x00000000080102d4                _init
 .init          0x00000000080102d8        0x8 d:/stm32cubeide/stm32cubeide_1.0.0/stm32cubeide/plugins/com.st.stm32cube.ide.mcu.externaltools.gnu-tools-for-stm32.9-2020-q2-update.win32_1.5.0.202011040924/tools/bin/../lib/gcc/arm-none-eabi/9.3.1/thumb/v7-m/nofp/crtn.o
 *(.fini)
 .fini          0x00000000080102e0        0x4 d:/stm32cubeide/stm32cubeide_1.0.0/stm32cubeide/plugins/com.st.stm32cube.ide.mcu.externaltools.gnu-tools-for-stm32.9-2020-q2-update.win32_1.5.0.202011040924/tools/bin/../lib/gcc/arm-none-eabi/9.3.1/thumb/v7-m/nofp/crti.o
                0x00000000080102e0                _fini
 .fini          0x00000000080102e4        0x8 d:/stm32cubeide/stm32cubeide_1.0.0/stm32cubeide/plugins/com.st.stm32cube.ide.mcu.externaltools.gnu-tools-for-stm32.9-2020-q2-update.win32_1.5.0.202011040924/tools/bin/../lib/gcc/arm-none-eabi/9.3.1/thumb/v7-m/nofp/crtn.o
                0x00000000080102ec                . = ALIGN (0x4)
                0x00000000080102ec                _etext = .

.vfp11_veneer   0x00000000080102ec        0x0
 .vfp11_veneer  0x00000000080102ec        0x0 linker stubs

.v4_bx          0x00000000080102ec        0x0
 .v4_bx         0x00000000080102ec        0x0 linker stubs

.iplt           0x00000000080102ec        0x0
 .iplt          0x00000000080102ec        0x0 d:/stm32cubeide/stm32cubeide_1.0.0/stm32cubeide/plugins/com.st.stm32cube.ide.mcu.externaltools.gnu-tools-for-stm32.9-2020-q2-update.win32_1.5.0.202011040924/tools/bin/../lib/gcc/arm-none-eabi/9.3.1/thumb/v7-m/nofp/crtbegin.o

.rodata         0x00000000080102f0    0x1f220
                0x00000000080102f0                . = ALIGN (0x4)
 *(.rodata)
 .rodata        0x00000000080102f0      0x3c0 Core/Src/gui.o
 .rodata        0x00000000080106b0        0xd Core/Src/main.o
 *fill*         0x00000000080106bd        0x3 
 .rodata        0x00000000080106c0       0x1e Core/Src/mainmenu.o
 *fill*         0x00000000080106de        0x2 
 .rodata        0x00000000080106e0       0x1b Core/Src/numpad.o
 *fill*         0x00000000080106fb        0x1 
 .rodata        0x00000000080106fc       0x2d Core/Src/read_screen_sd.o
 *fill*         0x0000000008010729        0x3 
 .rodata        0x000000000801072c       0x20 Drivers/STM32F1xx_HAL_Driver/Src/stm32f1xx_hal_rcc.o
 .rodata        0x000000000801074c       0x20 Drivers/STM32F1xx_HAL_Driver/Src/stm32f1xx_hal_rcc_ex.o
 .rodata        0x000000000801076c        0x4 Middlewares/ST/STM32_USB_Host_Library/Class/CDC/Src/usbh_cdc.o
 .rodata        0x0000000008010770       0x48 Middlewares/Third_Party/FatFs/src/ff.o
 *(.rodata*)
 .rodata.cmd_read_y.8259
                0x00000000080107b8        0x1 Core/Src/XPT2046_touch.o
 *fill*         0x00000000080107b9        0x3 
 .rodata.zeroes_tx.8260
                0x00000000080107bc        0x2 Core/Src/XPT2046_touch.o
 *fill*         0x00000000080107be        0x2 
 .rodata.cmd_read_x.8258
                0x00000000080107c0        0x1 Core/Src/XPT2046_touch.o
 *fill*         0x00000000080107c1        0x3 
 .rodata.expImage
                0x00000000080107c4    0x14000 Core/Src/expmenu.o
                0x00000000080107c4                expImage
 .rodata.Font7x10
                0x00000000080247c4      0x76c Core/Src/fonts.o
 .rodata.numpadImage
                0x0000000008024f30     0xa000 Core/Src/numpad.o
                0x0000000008024f30                numpadImage
 .rodata.AHBPrescTable
                0x000000000802ef30       0x10 Core/Src/system_stm32f1xx.o
                0x000000000802ef30                AHBPrescTable
 .rodata.APBPrescTable
                0x000000000802ef40        0x8 Core/Src/system_stm32f1xx.o
                0x000000000802ef40                APBPrescTable
 .rodata.ExCvt  0x000000000802ef48       0x80 Middlewares/Third_Party/FatFs/src/ff.o
 .rodata.LfnOfs
                0x000000000802efc8        0xd Middlewares/Third_Party/FatFs/src/ff.o
 *fill*         0x000000000802efd5        0x3 
 .rodata.Tbl    0x000000000802efd8      0x100 Middlewares/Third_Party/FatFs/src/option/ccsbcs.o
 .rodata.tbl_lower.8058
                0x000000000802f0d8      0x1e0 Middlewares/Third_Party/FatFs/src/option/ccsbcs.o
 .rodata.tbl_upper.8059
                0x000000000802f2b8      0x1e0 Middlewares/Third_Party/FatFs/src/option/ccsbcs.o
 .rodata._svfprintf_r.str1.1
                0x000000000802f498       0x11 d:/stm32cubeide/stm32cubeide_1.0.0/stm32cubeide/plugins/com.st.stm32cube.ide.mcu.externaltools.gnu-tools-for-stm32.9-2020-q2-update.win32_1.5.0.202011040924/tools/bin/../lib/gcc/arm-none-eabi/9.3.1/../../../../arm-none-eabi/lib/thumb/v7-m/nofp\libc_nano.a(lib_a-nano-svfprintf.o)
 .rodata._printf_i.str1.1
                0x000000000802f4a9       0x22 d:/stm32cubeide/stm32cubeide_1.0.0/stm32cubeide/plugins/com.st.stm32cube.ide.mcu.externaltools.gnu-tools-for-stm32.9-2020-q2-update.win32_1.5.0.202011040924/tools/bin/../lib/gcc/arm-none-eabi/9.3.1/../../../../arm-none-eabi/lib/thumb/v7-m/nofp\libc_nano.a(lib_a-nano-vfprintf_i.o)
 .rodata.__ieee754_pow.str1.1
                0x000000000802f4cb       0x22 d:/stm32cubeide/stm32cubeide_1.0.0/stm32cubeide/plugins/com.st.stm32cube.ide.mcu.externaltools.gnu-tools-for-stm32.9-2020-q2-update.win32_1.5.0.202011040924/tools/bin/../lib/gcc/arm-none-eabi/9.3.1/../../../../arm-none-eabi/lib/thumb/v7-m/nofp\libm.a(lib_a-e_pow.o)
                                          0x1 (size before relaxing)
 *fill*         0x000000000802f4cb        0x5 
 .rodata.bp     0x000000000802f4d0       0x10 d:/stm32cubeide/stm32cubeide_1.0.0/stm32cubeide/plugins/com.st.stm32cube.ide.mcu.externaltools.gnu-tools-for-stm32.9-2020-q2-update.win32_1.5.0.202011040924/tools/bin/../lib/gcc/arm-none-eabi/9.3.1/../../../../arm-none-eabi/lib/thumb/v7-m/nofp\libm.a(lib_a-e_pow.o)
 .rodata.dp_h   0x000000000802f4e0       0x10 d:/stm32cubeide/stm32cubeide_1.0.0/stm32cubeide/plugins/com.st.stm32cube.ide.mcu.externaltools.gnu-tools-for-stm32.9-2020-q2-update.win32_1.5.0.202011040924/tools/bin/../lib/gcc/arm-none-eabi/9.3.1/../../../../arm-none-eabi/lib/thumb/v7-m/nofp\libm.a(lib_a-e_pow.o)
 .rodata.dp_l   0x000000000802f4f0       0x10 d:/stm32cubeide/stm32cubeide_1.0.0/stm32cubeide/plugins/com.st.stm32cube.ide.mcu.externaltools.gnu-tools-for-stm32.9-2020-q2-update.win32_1.5.0.202011040924/tools/bin/../lib/gcc/arm-none-eabi/9.3.1/../../../../arm-none-eabi/lib/thumb/v7-m/nofp\libm.a(lib_a-e_pow.o)
 .rodata.TWO52  0x000000000802f500       0x10 d:/stm32cubeide/stm32cubeide_1.0.0/stm32cubeide/plugins/com.st.stm32cube.ide.mcu.externaltools.gnu-tools-for-stm32.9-2020-q2-update.win32_1.5.0.202011040924/tools/bin/../lib/gcc/arm-none-eabi/9.3.1/../../../../arm-none-eabi/lib/thumb/v7-m/nofp\libm.a(lib_a-s_rint.o)
                0x000000000802f510                . = ALIGN (0x4)

.ARM.extab      0x000000000802f510        0x0
                0x000000000802f510                . = ALIGN (0x4)
 *(.ARM.extab* .gnu.linkonce.armextab.*)
                0x000000000802f510                . = ALIGN (0x4)

.ARM            0x000000000802f510        0x8
                0x000000000802f510                . = ALIGN (0x4)
                0x000000000802f510                __exidx_start = .
 *(.ARM.exidx*)
 .ARM.exidx     0x000000000802f510        0x8 d:/stm32cubeide/stm32cubeide_1.0.0/stm32cubeide/plugins/com.st.stm32cube.ide.mcu.externaltools.gnu-tools-for-stm32.9-2020-q2-update.win32_1.5.0.202011040924/tools/bin/../lib/gcc/arm-none-eabi/9.3.1/thumb/v7-m/nofp\libgcc.a(_udivmoddi4.o)
                0x000000000802f518                __exidx_end = .
                0x000000000802f518                . = ALIGN (0x4)

.rel.dyn        0x000000000802f518        0x0
 .rel.iplt      0x000000000802f518        0x0 d:/stm32cubeide/stm32cubeide_1.0.0/stm32cubeide/plugins/com.st.stm32cube.ide.mcu.externaltools.gnu-tools-for-stm32.9-2020-q2-update.win32_1.5.0.202011040924/tools/bin/../lib/gcc/arm-none-eabi/9.3.1/thumb/v7-m/nofp/crtbegin.o

.preinit_array  0x000000000802f518        0x0
                0x000000000802f518                . = ALIGN (0x4)
                0x000000000802f518                PROVIDE (__preinit_array_start = .)
 *(.preinit_array*)
                0x000000000802f518                PROVIDE (__preinit_array_end = .)
                0x000000000802f518                . = ALIGN (0x4)

.init_array     0x000000000802f518        0x4
                0x000000000802f518                . = ALIGN (0x4)
                0x000000000802f518                PROVIDE (__init_array_start = .)
 *(SORT_BY_NAME(.init_array.*))
 *(.init_array*)
 .init_array    0x000000000802f518        0x4 d:/stm32cubeide/stm32cubeide_1.0.0/stm32cubeide/plugins/com.st.stm32cube.ide.mcu.externaltools.gnu-tools-for-stm32.9-2020-q2-update.win32_1.5.0.202011040924/tools/bin/../lib/gcc/arm-none-eabi/9.3.1/thumb/v7-m/nofp/crtbegin.o
                0x000000000802f51c                PROVIDE (__init_array_end = .)
                0x000000000802f51c                . = ALIGN (0x4)

.fini_array     0x000000000802f51c        0x4
                0x000000000802f51c                . = ALIGN (0x4)
                [!provide]                        PROVIDE (__fini_array_start = .)
 *(SORT_BY_NAME(.fini_array.*))
 *(.fini_array*)
 .fini_array    0x000000000802f51c        0x4 d:/stm32cubeide/stm32cubeide_1.0.0/stm32cubeide/plugins/com.st.stm32cube.ide.mcu.externaltools.gnu-tools-for-stm32.9-2020-q2-update.win32_1.5.0.202011040924/tools/bin/../lib/gcc/arm-none-eabi/9.3.1/thumb/v7-m/nofp/crtbegin.o
                [!provide]                        PROVIDE (__fini_array_end = .)
                0x000000000802f520                . = ALIGN (0x4)
                0x000000000802f520                _sidata = LOADADDR (.data)

.data           0x0000000020000000      0x1a8 load address 0x000000000802f520
                0x0000000020000000                . = ALIGN (0x4)
                0x0000000020000000                _sdata = .
 *(.data)
 *(.data*)
 .data.Stat     0x0000000020000000        0x1 Core/Src/fatfs_sd.o
 *fill*         0x0000000020000001        0x3 
 .data.Font_7x10
                0x0000000020000004        0x8 Core/Src/fonts.o
                0x0000000020000004                Font_7x10
 .data.SPI_DMA_CNT
                0x000000002000000c        0x4 Core/Src/main.o
                0x000000002000000c                SPI_DMA_CNT
 .data.exp      0x0000000020000010       0x10 Core/Src/mainmenu.o
                0x0000000020000010                exp
 .data.expplot  0x0000000020000020       0x10 Core/Src/mainmenu.o
                0x0000000020000020                expplot
 .data.about    0x0000000020000030       0x10 Core/Src/mainmenu.o
                0x0000000020000030                about
 .data.oneButton
                0x0000000020000040       0x10 Core/Src/numpad.o
                0x0000000020000040                oneButton
 .data.twoButton
                0x0000000020000050       0x10 Core/Src/numpad.o
                0x0000000020000050                twoButton
 .data.threeButton
                0x0000000020000060       0x10 Core/Src/numpad.o
                0x0000000020000060                threeButton
 .data.fourButton
                0x0000000020000070       0x10 Core/Src/numpad.o
                0x0000000020000070                fourButton
 .data.fiveButton
                0x0000000020000080       0x10 Core/Src/numpad.o
                0x0000000020000080                fiveButton
 .data.sixButton
                0x0000000020000090       0x10 Core/Src/numpad.o
                0x0000000020000090                sixButton
 .data.sevenButton
                0x00000000200000a0       0x10 Core/Src/numpad.o
                0x00000000200000a0                sevenButton
 .data.eightButton
                0x00000000200000b0       0x10 Core/Src/numpad.o
                0x00000000200000b0                eightButton
 .data.nineButton
                0x00000000200000c0       0x10 Core/Src/numpad.o
                0x00000000200000c0                nineButton
 .data.dotButton
                0x00000000200000d0       0x10 Core/Src/numpad.o
                0x00000000200000d0                dotButton
 .data.zeroButton
                0x00000000200000e0       0x10 Core/Src/numpad.o
                0x00000000200000e0                zeroButton
 .data.enterButton
                0x00000000200000f0       0x10 Core/Src/numpad.o
                0x00000000200000f0                enterButton
 .data.SystemCoreClock
                0x0000000020000100        0x4 Core/Src/system_stm32f1xx.o
                0x0000000020000100                SystemCoreClock
 .data.uwTickPrio
                0x0000000020000104        0x4 Drivers/STM32F1xx_HAL_Driver/Src/stm32f1xx_hal.o
                0x0000000020000104                uwTickPrio
 .data.uwTickFreq
                0x0000000020000108        0x1 Drivers/STM32F1xx_HAL_Driver/Src/stm32f1xx_hal.o
                0x0000000020000108                uwTickFreq
 *fill*         0x0000000020000109        0x3 
 .data.USER_Driver
                0x000000002000010c       0x14 FATFS/Target/user_diskio.o
                0x000000002000010c                USER_Driver
 .data.CDC_Class
                0x0000000020000120       0x20 Middlewares/ST/STM32_USB_Host_Library/Class/CDC/Src/usbh_cdc.o