Archive member included to satisfy reference by file (symbol)

d:/stm32cubeide/stm32cubeide_1.0.0/stm32cubeide/plugins/com.st.stm32cube.ide.mcu.externaltools.gnu-tools-for-stm32.9-2020-q2-update.win32_1.5.0.202011040924/tools/bin/../lib/gcc/arm-none-eabi/9.3.1/../../../../arm-none-eabi/lib/thumb/v7-m/nofp\libc_nano.a(lib_a-errno.o)
                              Core/Src/syscalls.o (__errno)
d:/stm32cubeide/stm32cubeide_1.0.0/stm32cubeide/plugins/com.st.stm32cube.ide.mcu.externaltools.gnu-tools-for-stm32.9-2020-q2-update.win32_1.5.0.202011040924/tools/bin/../lib/gcc/arm-none-eabi/9.3.1/../../../../arm-none-eabi/lib/thumb/v7-m/nofp\libc_nano.a(lib_a-exit.o)
                              d:/stm32cubeide/stm32cubeide_1.0.0/stm32cubeide/plugins/com.st.stm32cube.ide.mcu.externaltools.gnu-tools-for-stm32.9-2020-q2-update.win32_1.5.0.202011040924/tools/bin/../lib/gcc/arm-none-eabi/9.3.1/../../../../arm-none-eabi/lib/thumb/v7-m/nofp/crt0.o (exit)
d:/stm32cubeide/stm32cubeide_1.0.0/stm32cubeide/plugins/com.st.stm32cube.ide.mcu.externaltools.gnu-tools-for-stm32.9-2020-q2-update.win32_1.5.0.202011040924/tools/bin/../lib/gcc/arm-none-eabi/9.3.1/../../../../arm-none-eabi/lib/thumb/v7-m/nofp\libc_nano.a(lib_a-impure.o)
                              d:/stm32cubeide/stm32cubeide_1.0.0/stm32cubeide/plugins/com.st.stm32cube.ide.mcu.externaltools.gnu-tools-for-stm32.9-2020-q2-update.win32_1.5.0.202011040924/tools/bin/../lib/gcc/arm-none-eabi/9.3.1/../../../../arm-none-eabi/lib/thumb/v7-m/nofp\libc_nano.a(lib_a-exit.o) (_global_impure_ptr)
d:/stm32cubeide/stm32cubeide_1.0.0/stm32cubeide/plugins/com.st.stm32cube.ide.mcu.externaltools.gnu-tools-for-stm32.9-2020-q2-update.win32_1.5.0.202011040924/tools/bin/../lib/gcc/arm-none-eabi/9.3.1/../../../../arm-none-eabi/lib/thumb/v7-m/nofp\libc_nano.a(lib_a-init.o)
                              d:/stm32cubeide/stm32cubeide_1.0.0/stm32cubeide/plugins/com.st.stm32cube.ide.mcu.externaltools.gnu-tools-for-stm32.9-2020-q2-update.win32_1.5.0.202011040924/tools/bin/../lib/gcc/arm-none-eabi/9.3.1/../../../../arm-none-eabi/lib/thumb/v7-m/nofp/crt0.o (__libc_init_array)
d:/stm32cubeide/stm32cubeide_1.0.0/stm32cubeide/plugins/com.st.stm32cube.ide.mcu.externaltools.gnu-tools-for-stm32.9-2020-q2-update.win32_1.5.0.202011040924/tools/bin/../lib/gcc/arm-none-eabi/9.3.1/../../../../arm-none-eabi/lib/thumb/v7-m/nofp\libc_nano.a(lib_a-malloc.o)
                              Core/Src/main.o (malloc)
d:/stm32cubeide/stm32cubeide_1.0.0/stm32cubeide/plugins/com.st.stm32cube.ide.mcu.externaltools.gnu-tools-for-stm32.9-2020-q2-update.win32_1.5.0.202011040924/tools/bin/../lib/gcc/arm-none-eabi/9.3.1/../../../../arm-none-eabi/lib/thumb/v7-m/nofp\libc_nano.a(lib_a-memcpy-stub.o)
                              Core/Src/gui.o (memcpy)
d:/stm32cubeide/stm32cubeide_1.0.0/stm32cubeide/plugins/com.st.stm32cube.ide.mcu.externaltools.gnu-tools-for-stm32.9-2020-q2-update.win32_1.5.0.202011040924/tools/bin/../lib/gcc/arm-none-eabi/9.3.1/../../../../arm-none-eabi/lib/thumb/v7-m/nofp\libc_nano.a(lib_a-memset.o)
                              d:/stm32cubeide/stm32cubeide_1.0.0/stm32cubeide/plugins/com.st.stm32cube.ide.mcu.externaltools.gnu-tools-for-stm32.9-2020-q2-update.win32_1.5.0.202011040924/tools/bin/../lib/gcc/arm-none-eabi/9.3.1/../../../../arm-none-eabi/lib/thumb/v7-m/nofp/crt0.o (memset)
d:/stm32cubeide/stm32cubeide_1.0.0/stm32cubeide/plugins/com.st.stm32cube.ide.mcu.externaltools.gnu-tools-for-stm32.9-2020-q2-update.win32_1.5.0.202011040924/tools/bin/../lib/gcc/arm-none-eabi/9.3.1/../../../../arm-none-eabi/lib/thumb/v7-m/nofp\libc_nano.a(lib_a-nano-freer.o)
                              d:/stm32cubeide/stm32cubeide_1.0.0/stm32cubeide/plugins/com.st.stm32cube.ide.mcu.externaltools.gnu-tools-for-stm32.9-2020-q2-update.win32_1.5.0.202011040924/tools/bin/../lib/gcc/arm-none-eabi/9.3.1/../../../../arm-none-eabi/lib/thumb/v7-m/nofp\libc_nano.a(lib_a-malloc.o) (_free_r)
d:/stm32cubeide/stm32cubeide_1.0.0/stm32cubeide/plugins/com.st.stm32cube.ide.mcu.externaltools.gnu-tools-for-stm32.9-2020-q2-update.win32_1.5.0.202011040924/tools/bin/../lib/gcc/arm-none-eabi/9.3.1/../../../../arm-none-eabi/lib/thumb/v7-m/nofp\libc_nano.a(lib_a-nano-mallocr.o)
                              d:/stm32cubeide/stm32cubeide_1.0.0/stm32cubeide/plugins/com.st.stm32cube.ide.mcu.externaltools.gnu-tools-for-stm32.9-2020-q2-update.win32_1.5.0.202011040924/tools/bin/../lib/gcc/arm-none-eabi/9.3.1/../../../../arm-none-eabi/lib/thumb/v7-m/nofp\libc_nano.a(lib_a-malloc.o) (_malloc_r)
d:/stm32cubeide/stm32cubeide_1.0.0/stm32cubeide/plugins/com.st.stm32cube.ide.mcu.externaltools.gnu-tools-for-stm32.9-2020-q2-update.win32_1.5.0.202011040924/tools/bin/../lib/gcc/arm-none-eabi/9.3.1/../../../../arm-none-eabi/lib/thumb/v7-m/nofp\libc_nano.a(lib_a-sbrkr.o)
[...]
Memory Configuration

Name             Origin             Length             Attributes
RAM              0x0000000020000000 0x0000000000010000 xrw
FLASH            0x0000000008000000 0x0000000000040000 xr
*default*        0x0000000000000000 0xffffffffffffffff

Linker script and memory map

LOAD d:/stm32cubeide/stm32cubeide_1.0.0/stm32cubeide/plugins/com.st.stm32cube.ide.mcu.externaltools.gnu-tools-for-stm32.9-2020-q2-update.win32_1.5.0.202011040924/tools/bin/../lib/gcc/arm-none-eabi/9.3.1/thumb/v7-m/nofp/crti.o
LOAD d:/stm32cubeide/stm32cubeide_1.0.0/stm32cubeide/plugins/com.st.stm32cube.ide.mcu.externaltools.gnu-tools-for-stm32.9-2020-q2-update.win32_1.5.0.202011040924/tools/bin/../lib/gcc/arm-none-eabi/9.3.1/thumb/v7-m/nofp/crtbegin.o
LOAD d:/stm32cubeide/stm32cubeide_1.0.0/stm32cubeide/plugins/com.st.stm32cube.ide.mcu.externaltools.gnu-tools-for-stm32.9-2020-q2-update.win32_1.5.0.202011040924/tools/bin/../lib/gcc/arm-none-eabi/9.3.1/../../../../arm-none-eabi/lib/thumb/v7-m/nofp/crt0.o
LOAD Core/Src/USAGE_EXAMPLE.o
LOAD Core/Src/XPT2046_touch.o
LOAD Core/Src/expmenu.o
LOAD Core/Src/fatfs_sd.o
LOAD Core/Src/fonts.o
LOAD Core/Src/gui.o
LOAD Core/Src/ili9163.o
LOAD Core/Src/main.o
LOAD Core/Src/mainmenu.o
LOAD Core/Src/numpad.o
LOAD Core/Src/read_screen_sd.o
LOAD Core/Src/selection.o
LOAD Core/Src/stm32f1xx_hal_msp.o
LOAD Core/Src/stm32f1xx_it.o
LOAD Core/Src/syscalls.o
LOAD Core/Src/sysmem.o
LOAD Core/Src/system_stm32f1xx.o
LOAD Core/Startup/startup_stm32f107vctx.o
LOAD Drivers/STM32F1xx_HAL_Driver/Src/stm32f1xx_hal.o
LOAD Drivers/STM32F1xx_HAL_Driver/Src/stm32f1xx_hal_adc.o
LOAD Drivers/STM32F1xx_HAL_Driver/Src/stm32f1xx_hal_adc_ex.o
LOAD Drivers/STM32F1xx_HAL_Driver/Src/stm32f1xx_hal_cortex.o
LOAD Drivers/STM32F1xx_HAL_Driver/Src/stm32f1xx_hal_dma.o
LOAD Drivers/STM32F1xx_HAL_Driver/Src/stm32f1xx_hal_exti.o
LOAD Drivers/STM32F1xx_HAL_Driver/Src/stm32f1xx_hal_flash.o
LOAD Drivers/STM32F1xx_HAL_Driver/Src/stm32f1xx_hal_flash_ex.o
LOAD Drivers/STM32F1xx_HAL_Driver/Src/stm32f1xx_hal_gpio.o
LOAD Drivers/STM32F1xx_HAL_Driver/Src/stm32f1xx_hal_gpio_ex.o
LOAD Drivers/STM32F1xx_HAL_Driver/Src/stm32f1xx_hal_hcd.o
LOAD Drivers/STM32F1xx_HAL_Driver/Src/stm32f1xx_hal_pwr.o
LOAD Drivers/STM32F1xx_HAL_Driver/Src/stm32f1xx_hal_rcc.o
LOAD Drivers/STM32F1xx_HAL_Driver/Src/stm32f1xx_hal_rcc_ex.o
LOAD Drivers/STM32F1xx_HAL_Driver/Src/stm32f1xx_hal_rtc.o
LOAD Drivers/STM32F1xx_HAL_Driver/Src/stm32f1xx_hal_rtc_ex.o
LOAD Drivers/STM32F1xx_HAL_Driver/Src/stm32f1xx_hal_spi.o
LOAD Drivers/STM32F1xx_HAL_Driver/Src/stm32f1xx_hal_tim.o
LOAD Drivers/STM32F1xx_HAL_Driver/Src/stm32f1xx_hal_tim_ex.o
LOAD Drivers/STM32F1xx_HAL_Driver/Src/stm32f1xx_hal_uart.o
LOAD Drivers/STM32F1xx_HAL_Driver/Src/stm32f1xx_ll_usb.o
LOAD FATFS/App/fatfs.o
LOAD FATFS/Target/user_diskio.o
LOAD Middlewares/ST/STM32_USB_Host_Library/Class/CDC/Src/usbh_cdc.o
LOAD Middlewares/ST/STM32_USB_Host_Library/Core/Src/usbh_core.o
LOAD Middlewares/ST/STM32_USB_Host_Library/Core/Src/usbh_ctlreq.o
LOAD Middlewares/ST/STM32_USB_Host_Library/Core/Src/usbh_ioreq.o
LOAD Middlewares/ST/STM32_USB_Host_Library/Core/Src/usbh_pipes.o
LOAD Middlewares/Third_Party/FatFs/src/diskio.o
LOAD Middlewares/Third_Party/FatFs/src/ff.o
LOAD Middlewares/Third_Party/FatFs/src/ff_gen_drv.o
LOAD Middlewares/Third_Party/FatFs/src/option/ccsbcs.o
LOAD Middlewares/Third_Party/FatFs/src/option/syscall.o
LOAD USB_HOST/App/usb_host.o
LOAD USB_HOST/Target/usbh_conf.o
LOAD USB_HOST/Target/usbh_platform.o
START GROUP
LOAD d:/stm32cubeide/stm32cubeide_1.0.0/stm32cubeide/plugins/com.st.stm32cube.ide.mcu.externaltools.gnu-tools-for-stm32.9-2020-q2-update.win32_1.5.0.202011040924/tools/bin/../lib/gcc/arm-none-eabi/9.3.1/../../../../arm-none-eabi/lib/thumb/v7-m/nofp\libc_nano.a
LOAD d:/stm32cubeide/stm32cubeide_1.0.0/stm32cubeide/plugins/com.st.stm32cube.ide.mcu.externaltools.gnu-tools-for-stm32.9-2020-q2-update.win32_1.5.0.202011040924/tools/bin/../lib/gcc/arm-none-eabi/9.3.1/../../../../arm-none-eabi/lib/thumb/v7-m/nofp\libm.a
END GROUP
START GROUP
LOAD d:/stm32cubeide/stm32cubeide_1.0.0/stm32cubeide/plugins/com.st.stm32cube.ide.mcu.externaltools.gnu-tools-for-stm32.9-2020-q2-update.win32_1.5.0.202011040924/tools/bin/../lib/gcc/arm-none-eabi/9.3.1/thumb/v7-m/nofp\libgcc.a
LOAD d:/stm32cubeide/stm32cubeide_1.0.0/stm32cubeide/plugins/com.st.stm32cube.ide.mcu.externaltools.gnu-tools-for-stm32.9-2020-q2-update.win32_1.5.0.202011040924/tools/bin/../lib/gcc/arm-none-eabi/9.3.1/../../../../arm-none-eabi/lib/thumb/v7-m/nofp\libc_nano.a
END GROUP
START GROUP
LOAD d:/stm32cubeide/stm32cubeide_1.0.0/stm32cubeide/plugins/com.st.stm32cube.ide.mcu.externaltools.gnu-tools-for-stm32.9-2020-q2-update.win32_1.5.0.202011040924/tools/bin/../lib/gcc/arm-none-eabi/9.3.1/thumb/v7-m/nofp\libgcc.a
LOAD d:/stm32cubeide/stm32cubeide_1.0.0/stm32cubeide/plugins/com.st.stm32cube.ide.mcu.externaltools.gnu-tools-for-stm32.9-2020-q2-update.win32_1.5.0.202011040924/tools/bin/../lib/gcc/arm-none-eabi/9.3.1/../../../../arm-none-eabi/lib/thumb/v7-m/nofp\libc_nano.a
LOAD d:/stm32cubeide/stm32cubeide_1.0.0/stm32cubeide/plugins/com.st.stm32cube.ide.mcu.externaltools.gnu-tools-for-stm32.9-2020-q2-update.win32_1.5.0.202011040924/tools/bin/../lib/gcc/arm-none-eabi/9.3.1/../../../../arm-none-eabi/lib/thumb/v7-m/nofp\libnosys.a
END GROUP
START GROUP
LOAD d:/stm32cubeide/stm32cubeide_1.0.0/stm32cubeide/plugins/com.st.stm32cube.ide.mcu.externaltools.gnu-tools-for-stm32.9-2020-q2-update.win32_1.5.0.202011040924/tools/bin/../lib/gcc/arm-none-eabi/9.3.1/thumb/v7-m/nofp\libgcc.a
LOAD d:/stm32cubeide/stm32cubeide_1.0.0/stm32cubeide/plugins/com.st.stm32cube.ide.mcu.externaltools.gnu-tools-for-stm32.9-2020-q2-update.win32_1.5.0.202011040924/tools/bin/../lib/gcc/arm-none-eabi/9.3.1/../../../../arm-none-eabi/lib/thumb/v7-m/nofp\libc_nano.a
LOAD d:/stm32cubeide/stm32cubeide_1.0.0/stm32cubeide/plugins/com.st.stm32cube.ide.mcu.externaltools.gnu-tools-for-stm32.9-2020-q2-update.win32_1.5.0.202011040924/tools/bin/../lib/gcc/arm-none-eabi/9.3.1/../../../../arm-none-eabi/lib/thumb/v7-m/nofp\libnosys.a
END GROUP
LOAD d:/stm32cubeide/stm32cubeide_1.0.0/stm32cubeide/plugins/com.st.stm32cube.ide.mcu.externaltools.gnu-tools-for-stm32.9-2020-q2-update.win32_1.5.0.202011040924/tools/bin/../lib/gcc/arm-none-eabi/9.3.1/thumb/v7-m/nofp/crtend.o
LOAD d:/stm32cubeide/stm32cubeide_1.0.0/stm32cubeide/plugins/com.st.stm32cube.ide.mcu.externaltools.gnu-tools-for-stm32.9-2020-q2-update.win32_1.5.0.202011040924/tools/bin/../lib/gcc/arm-none-eabi/9.3.1/thumb/v7-m/nofp/crtn.o
                0x0000000020010000                _estack = (ORIGIN (RAM) + LENGTH (RAM))
                0x0000000000000200                _Min_Heap_Size = 0x200
                0x0000000000000400                _Min_Stack_Size = 0x400

.isr_vector     0x0000000008000000      0x1e4
                0x0000000008000000                . = ALIGN (0x4)
 *(.isr_vector)
 .isr_vector    0x0000000008000000      0x1e4 Core/Startup/startup_stm32f107vctx.o
                0x0000000008000000                g_pfnVectors
                0x00000000080001e4                . = ALIGN (0x4)

.text           0x00000000080001e8    0x1079c
                0x00000000080001e8                . = ALIGN (0x4)
 *(.text)
 .text          0x00000000080001e8       0x40 d:/stm32cubeide/stm32cubeide_1.0.0/stm32cubeide/plugins/com.st.stm32cube.ide.mcu.externaltools.gnu-tools-for-stm32.9-2020-q2-update.win32_1.5.0.202011040924/tools/bin/../lib/gcc/arm-none-eabi/9.3.1/thumb/v7-m/nofp/crtbegin.o
 .text          0x0000000008000228       0x10 d:/stm32cubeide/stm32cubeide_1.0.0/stm32cubeide/plugins/com.st.stm32cube.ide.mcu.externaltools.gnu-tools-for-stm32.9-2020-q2-update.win32_1.5.0.202011040924/tools/bin/../lib/gcc/arm-none-eabi/9.3.1/../../../../arm-none-eabi/lib/thumb/v7-m/nofp\libc_nano.a(lib_a-strlen.o)
                0x0000000008000228                strlen
 .text          0x0000000008000238      0x378 d:/stm32cubeide/stm32cubeide_1.0.0/stm32cubeide/plugins/com.st.stm32cube.ide.mcu.externaltools.gnu-tools-for-stm32.9-2020-q2-update.win32_1.5.0.202011040924/tools/bin/../lib/gcc/arm-none-eabi/9.3.1/thumb/v7-m/nofp\libgcc.a(_arm_addsubdf3.o)
                0x0000000008000238                __aeabi_drsub
                0x0000000008000240                __aeabi_dsub
                0x0000000008000240                __subdf3
                0x0000000008000244                __aeabi_dadd
                0x0000000008000244                __adddf3
                0x00000000080004bc                __floatunsidf
                0x00000000080004bc                __aeabi_ui2d
                0x00000000080004dc                __floatsidf
                0x00000000080004dc                __aeabi_i2d
                0x0000000008000500                __aeabi_f2d
                0x0000000008000500                __extendsfdf2
                0x0000000008000544                __floatundidf
                0x0000000008000544                __aeabi_ul2d
                0x0000000008000554                __floatdidf
                0x0000000008000554                __aeabi_l2d
 .text          0x00000000080005b0      0x424 d:/stm32cubeide/stm32cubeide_1.0.0/stm32cubeide/plugins/com.st.stm32cube.ide.mcu.externaltools.gnu-tools-for-stm32.9-2020-q2-update.win32_1.5.0.202011040924/tools/bin/../lib/gcc/arm-none-eabi/9.3.1/thumb/v7-m/nofp\libgcc.a(_arm_muldivdf3.o)
                0x00000000080005b0                __aeabi_dmul
                0x00000000080005b0                __muldf3
                0x0000000008000804                __divdf3
                0x0000000008000804                __aeabi_ddiv
 .text          0x00000000080009d4      0x110 d:/stm32cubeide/stm32cubeide_1.0.0/stm32cubeide/plugins/com.st.stm32cube.ide.mcu.externaltools.gnu-tools-for-stm32.9-2020-q2-update.win32_1.5.0.202011040924/tools/bin/../lib/gcc/arm-none-eabi/9.3.1/thumb/v7-m/nofp\libgcc.a(_arm_cmpdf2.o)
                0x00000000080009d4                __gtdf2
                0x00000000080009d4                __gedf2
                0x00000000080009dc                __ltdf2
                0x00000000080009dc                __ledf2
                0x00000000080009e4                __nedf2
                0x00000000080009e4                __eqdf2
                0x00000000080009e4                __cmpdf2
                0x0000000008000a60                __aeabi_cdrcmple
                0x0000000008000a70                __aeabi_cdcmpeq
                0x0000000008000a70                __aeabi_cdcmple
                0x0000000008000a80                __aeabi_dcmpeq
                0x0000000008000a94                __aeabi_dcmplt
                0x0000000008000aa8                __aeabi_dcmple
                0x0000000008000abc                __aeabi_dcmpge
                0x0000000008000ad0                __aeabi_dcmpgt
 .text          0x0000000008000ae4       0x2c d:/stm32cubeide/stm32cubeide_1.0.0/stm32cubeide/plugins/com.st.stm32cube.ide.mcu.externaltools.gnu-tools-for-stm32.9-2020-q2-update.win32_1.5.0.202011040924/tools/bin/../lib/gcc/arm-none-eabi/9.3.1/thumb/v7-m/nofp\libgcc.a(_arm_unorddf2.o)
                0x0000000008000ae4                __unorddf2
                0x0000000008000ae4                __aeabi_dcmpun
 .text          0x0000000008000b10       0x50 d:/stm32cubeide/stm32cubeide_1.0.0/stm32cubeide/plugins/com.st.stm32cube.ide.mcu.externaltools.gnu-tools-for-stm32.9-2020-q2-update.win32_1.5.0.202011040924/tools/bin/../lib/gcc/arm-none-eabi/9.3.1/thumb/v7-m/nofp\libgcc.a(_arm_fixdfsi.o)
                0x0000000008000b10                __aeabi_d2iz
                0x0000000008000b10                __fixdfsi
 .text          0x0000000008000b60       0xa0 d:/stm32cubeide/stm32cubeide_1.0.0/stm32cubeide/plugins/com.st.stm32cube.ide.mcu.externaltools.gnu-tools-for-stm32.9-2020-q2-update.win32_1.5.0.202011040924/tools/bin/../lib/gcc/arm-none-eabi/9.3.1/thumb/v7-m/nofp\libgcc.a(_arm_truncdfsf2.o)
                0x0000000008000b60                __truncdfsf2
                0x0000000008000b60                __aeabi_d2f
 .text          0x0000000008000c00      0x21c d:/stm32cubeide/stm32cubeide_1.0.0/stm32cubeide/plugins/com.st.stm32cube.ide.mcu.externaltools.gnu-tools-for-stm32.9-2020-q2-update.win32_1.5.0.202011040924/tools/bin/../lib/gcc/arm-none-eabi/9.3.1/thumb/v7-m/nofp\libgcc.a(_arm_addsubsf3.o)
                0x0000000008000c00                __aeabi_frsub
                0x0000000008000c08                __subsf3
                0x0000000008000c08                __aeabi_fsub
                0x0000000008000c0c                __aeabi_fadd
                0x0000000008000c0c                __addsf3
                0x0000000008000d6c                __aeabi_ui2f
                0x0000000008000d6c                __floatunsisf
                0x0000000008000d74                __aeabi_i2f
                0x0000000008000d74                __floatsisf
                0x0000000008000d90                __aeabi_ul2f
                0x0000000008000d90                __floatundisf
                0x0000000008000da0                __aeabi_l2f
                0x0000000008000da0                __floatdisf
 .text          0x0000000008000e1c      0x2a0 d:/stm32cubeide/stm32cubeide_1.0.0/stm32cubeide/plugins/com.st.stm32cube.ide.mcu.externaltools.gnu-tools-for-stm32.9-2020-q2-update.win32_1.5.0.202011040924/tools/bin/../lib/gcc/arm-none-eabi/9.3.1/thumb/v7-m/nofp\libgcc.a(_arm_muldivsf3.o)
                0x0000000008000e1c                __mulsf3
                0x0000000008000e1c                __aeabi_fmul
                0x0000000008000f84                __aeabi_fdiv
                0x0000000008000f84                __divsf3
 .text          0x00000000080010bc       0xec d:/stm32cubeide/stm32cubeide_1.0.0/stm32cubeide/plugins/com.st.stm32cube.ide.mcu.externaltools.gnu-tools-for-stm32.9-2020-q2-update.win32_1.5.0.202011040924/tools/bin/../lib/gcc/arm-none-eabi/9.3.1/thumb/v7-m/nofp\libgcc.a(_arm_cmpsf2.o)
                0x00000000080010bc                __gesf2
                0x00000000080010bc                __gtsf2
                0x00000000080010c4                __lesf2
                0x00000000080010c4                __ltsf2
                0x00000000080010cc                __nesf2
                0x00000000080010cc                __eqsf2
                0x00000000080010cc                __cmpsf2
                0x000000000800112c                __aeabi_cfrcmple
                0x0000000008001134                __aeabi_cfcmpeq
                0x0000000008001134                __aeabi_cfcmple
                0x0000000008001144                __aeabi_fcmpeq
                0x0000000008001158                __aeabi_fcmplt
                0x000000000800116c                __aeabi_fcmple
                0x0000000008001180                __aeabi_fcmpge
                0x0000000008001194                __aeabi_fcmpgt
 .text          0x00000000080011a8       0x4c d:/stm32cubeide/stm32cubeide_1.0.0/stm32cubeide/plugins/com.st.stm32cube.ide.mcu.externaltools.gnu-tools-for-stm32.9-2020-q2-update.win32_1.5.0.202011040924/tools/bin/../lib/gcc/arm-none-eabi/9.3.1/thumb/v7-m/nofp\libgcc.a(_arm_fixsfsi.o)
                0x00000000080011a8                __aeabi_f2iz
                0x00000000080011a8                __fixsfsi
 .text          0x00000000080011f4       0x40 d:/stm32cubeide/stm32cubeide_1.0.0/stm32cubeide/plugins/com.st.stm32cube.ide.mcu.externaltools.gnu-tools-for-stm32.9-2020-q2-update.win32_1.5.0.202011040924/tools/bin/../lib/gcc/arm-none-eabi/9.3.1/thumb/v7-m/nofp\libgcc.a(_arm_fixunssfsi.o)
                0x00000000080011f4                __fixunssfsi
                0x00000000080011f4                __aeabi_f2uiz
 .text          0x0000000008001234       0x30 d:/stm32cubeide/stm32cubeide_1.0.0/stm32cubeide/plugins/com.st.stm32cube.ide.mcu.externaltools.gnu-tools-for-stm32.9-2020-q2-update.win32_1.5.0.202011040924/tools/bin/../lib/gcc/arm-none-eabi/9.3.1/thumb/v7-m/nofp\libgcc.a(_aeabi_uldivmod.o)
                0x0000000008001234                __aeabi_uldivmod
 .text          0x0000000008001264      0x2c4 d:/stm32cubeide/stm32cubeide_1.0.0/stm32cubeide/plugins/com.st.stm32cube.ide.mcu.externaltools.gnu-tools-for-stm32.9-2020-q2-update.win32_1.5.0.202011040924/tools/bin/../lib/gcc/arm-none-eabi/9.3.1/thumb/v7-m/nofp\libgcc.a(_udivmoddi4.o)
                0x0000000008001264                __udivmoddi4
 .text          0x0000000008001528        0x4 d:/stm32cubeide/stm32cubeide_1.0.0/stm32cubeide/plugins/com.st.stm32cube.ide.mcu.externaltools.gnu-tools-for-stm32.9-2020-q2-update.win32_1.5.0.202011040924/tools/bin/../lib/gcc/arm-none-eabi/9.3.1/thumb/v7-m/nofp\libgcc.a(_dvmd_tls.o)
                0x0000000008001528                __aeabi_idiv0
                0x0000000008001528                __aeabi_ldiv0
 *(.text*)
 .text.XPT2046_TouchSelect
                0x000000000800152c       0x18 Core/Src/XPT2046_touch.o
 .text.XPT2046_TouchUnselect
                0x0000000008001544       0x18 Core/Src/XPT2046_touch.o
 .text.XPT2046_TouchGetCoordinates
                0x000000000800155c      0x148 Core/Src/XPT2046_touch.o
                0x000000000800155c                XPT2046_TouchGetCoordinates
 .text.methodHandler
                0x00000000080016a4       0x18 Core/Src/expmenu.o
                0x00000000080016a4                methodHandler
 .text.rangeHandler
                0x00000000080016bc       0x48 Core/Src/expmenu.o
                0x00000000080016bc                rangeHandler
 .text.eiHandler
                0x0000000008001704       0x48 Core/Src/expmenu.o
                0x0000000008001704                eiHandler
 .text.er1Handler
                0x000000000800174c       0x48 Core/Src/expmenu.o
                0x000000000800174c                er1Handler
 .text.er2Handler
                0x0000000008001794       0x48 Core/Src/expmenu.o
                0x0000000008001794                er2Handler
 .text.vHandler
                0x00000000080017dc       0x48 Core/Src/expmenu.o
                0x00000000080017dc                vHandler
 .text.cycleHandler
                0x0000000008001824       0x34 Core/Src/expmenu.o
                0x0000000008001824                cycleHandler
 .text.resHandler
                0x0000000008001858       0x48 Core/Src/expmenu.o
                0x0000000008001858                resHandler
 .text.qtimeHandler
                0x00000000080018a0       0x48 Core/Src/expmenu.o
                0x00000000080018a0                qtimeHandler
 .text.cellHandler
                0x00000000080018e8       0x34 Core/Src/expmenu.o
                0x00000000080018e8                cellHandler
 .text.channelHandler
                0x000000000800191c       0x34 Core/Src/expmenu.o
                0x000000000800191c                channelHandler
 .text.expStartHandler
                0x0000000008001950       0x34 Core/Src/expmenu.o
                0x0000000008001950                expStartHandler
 .text.backHandler
                0x0000000008001984       0x20 Core/Src/expmenu.o
                0x0000000008001984                backHandler
 .text.checkExperimentButtons
                0x00000000080019a4      0x158 Core/Src/expmenu.o
                0x00000000080019a4                checkExperimentButtons
 .text.drawExperimentMenu
                0x0000000008001afc       0x20 Core/Src/expmenu.o
                0x0000000008001afc                drawExperimentMenu
 .text.SELECT   0x0000000008001b1c       0x18 Core/Src/fatfs_sd.o
 .text.DESELECT
                0x0000000008001b34       0x18 Core/Src/fatfs_sd.o
 .text.SPI_TxByte
                0x0000000008001b4c       0x34 Core/Src/fatfs_sd.o
 .text.SPI_RxByte
                0x0000000008001b80       0x3c Core/Src/fatfs_sd.o
 .text.SPI_RxBytePtr
                0x0000000008001bbc       0x1c Core/Src/fatfs_sd.o
 .text.SD_ReadyWait
                0x0000000008001bd8       0x38 Core/Src/fatfs_sd.o
 .text.SD_PowerOn
                0x0000000008001c10       0x98 Core/Src/fatfs_sd.o
 .text.SD_PowerOff
                0x0000000008001ca8       0x18 Core/Src/fatfs_sd.o
 .text.SD_CheckPower
                0x0000000008001cc0       0x14 Core/Src/fatfs_sd.o
 .text.SD_RxDataBlock
                0x0000000008001cd4       0x6c Core/Src/fatfs_sd.o
 .text.SD_TxDataBlock
                0x0000000008001d40       0xa8 Core/Src/fatfs_sd.o
 .text.SD_SendCmd
                0x0000000008001de8       0xa4 Core/Src/fatfs_sd.o
 .text.SD_disk_initialize
                0x0000000008001e8c      0x1d4 Core/Src/fatfs_sd.o
                0x0000000008001e8c                SD_disk_initialize
 .text.SD_disk_status
                0x0000000008002060       0x28 Core/Src/fatfs_sd.o
                0x0000000008002060                SD_disk_status
 .text.SD_disk_read
                0x0000000008002088       0xdc Core/Src/fatfs_sd.o
                0x0000000008002088                SD_disk_read
 .text.SD_disk_write
                0x0000000008002164      0x114 Core/Src/fatfs_sd.o
                0x0000000008002164                SD_disk_write
 .text.SD_disk_ioctl
                0x0000000008002278      0x264 Core/Src/fatfs_sd.o
                0x0000000008002278                SD_disk_ioctl
 .text.GUI_init
                0x00000000080024dc       0x24 Core/Src/gui.o
                0x00000000080024dc                GUI_init
 .text.EXTI15_10_IRQHandler
                0x0000000008002500      0x24c Core/Src/gui.o
                0x0000000008002500                EXTI15_10_IRQHandler
 .text.GUI_drawGUI
                0x000000000800274c       0x18 Core/Src/gui.o
                0x000000000800274c                GUI_drawGUI
 .text.drawGraph
                0x0000000008002764      0x1b8 Core/Src/gui.o
                0x0000000008002764                drawGraph
 .text.isPressed
                0x000000000800291c       0x64 Core/Src/gui.o
                0x000000000800291c                isPressed
 .text.get_buffer
                0x0000000008002980       0x14 Core/Src/ili9163.o
                0x0000000008002980                get_buffer
 .text.drawImage
                0x0000000008002994       0x8c Core/Src/ili9163.o
                0x0000000008002994                drawImage
 .text.ILI9163_writeCommand
                0x0000000008002a20       0x48 Core/Src/ili9163.o
                0x0000000008002a20                ILI9163_writeCommand
 .text.ILI9163_writeData
                0x0000000008002a68       0x48 Core/Src/ili9163.o
                0x0000000008002a68                ILI9163_writeData
 .text.ILI9163_writeData16
                0x0000000008002ab0       0x58 Core/Src/ili9163.o
                0x0000000008002ab0                ILI9163_writeData16
 .text.ILI9163_setAddress
                0x0000000008002b08       0x58 Core/Src/ili9163.o
                0x0000000008002b08                ILI9163_setAddress
 .text.ILI9163_reset
                0x0000000008002b60       0x30 Core/Src/ili9163.o
                0x0000000008002b60                ILI9163_reset
 .text.ILI9163_init
                0x0000000008002b90      0x1d4 Core/Src/ili9163.o
                0x0000000008002b90                ILI9163_init
 .text.ILI9163_render
                0x0000000008002d64       0x4c Core/Src/ili9163.o
                0x0000000008002d64                ILI9163_render
 .text.ILI9163_drawPixel
                0x0000000008002db0       0x40 Core/Src/ili9163.o
                0x0000000008002db0                ILI9163_drawPixel
 .text.ILI9163_fillRect
                0x0000000008002df0       0x5c Core/Src/ili9163.o
                0x0000000008002df0                ILI9163_fillRect
 .text.ILI9163_drawRect
                0x0000000008002e4c       0x86 Core/Src/ili9163.o
                0x0000000008002e4c                ILI9163_drawRect
 .text.ILI9163_drawLine
                0x0000000008002ed2      0x11c Core/Src/ili9163.o
                0x0000000008002ed2                ILI9163_drawLine
 .text.ILI9163_drawChar
                0x0000000008002fee       0x96 Core/Src/ili9163.o
                0x0000000008002fee                ILI9163_drawChar
 .text.ILI9163_drawString
                0x0000000008003084       0x82 Core/Src/ili9163.o
                0x0000000008003084                ILI9163_drawString
 *fill*         0x0000000008003106        0x2 
 .text.ILI9163_drawButton
                0x0000000008003108       0x90 Core/Src/ili9163.o
                0x0000000008003108                ILI9163_drawButton
 .text.main     0x0000000008003198       0xa0 Core/Src/main.o
                0x0000000008003198                main
 .text.SystemClock_Config
                0x0000000008003238       0xf0 Core/Src/main.o
                0x0000000008003238                SystemClock_Config
 .text.MX_ADC1_Init
                0x0000000008003328       0x7c Core/Src/main.o
 .text.MX_RTC_Init
                0x00000000080033a4       0x60 Core/Src/main.o
 .text.MX_SPI1_Init
                0x0000000008003404       0x6c Core/Src/main.o
 .text.MX_SPI3_Init
                0x0000000008003470       0x6c Core/Src/main.o
 .text.MX_USART2_UART_Init
                0x00000000080034dc       0x54 Core/Src/main.o
 .text.MX_DMA_Init
                0x0000000008003530       0x4c Core/Src/main.o
 .text.MX_GPIO_Init
                0x000000000800357c      0x2f0 Core/Src/main.o
 .text.HAL_SPI_TxCpltCallback
                0x000000000800386c       0x40 Core/Src/main.o
                0x000000000800386c                HAL_SPI_TxCpltCallback
 .text.Error_Handler
                0x00000000080038ac        0xc Core/Src/main.o
                0x00000000080038ac                Error_Handler
 .text.expHandler
                0x00000000080038b8       0x18 Core/Src/mainmenu.o
                0x00000000080038b8                expHandler
 .text.expplotHandler
                0x00000000080038d0       0x18 Core/Src/mainmenu.o
                0x00000000080038d0                expplotHandler
 .text.aboutHandler
                0x00000000080038e8        0xc Core/Src/mainmenu.o
                0x00000000080038e8                aboutHandler
 .text.checkMainButtons
                0x00000000080038f4       0x54 Core/Src/mainmenu.o
                0x00000000080038f4                checkMainButtons
 .text.drawMainButtons
                0x0000000008003948       0x28 Core/Src/mainmenu.o
                0x0000000008003948                drawMainButtons
 .text.oneHandler
                0x0000000008003970       0xc4 Core/Src/numpad.o
                0x0000000008003970                oneHandler
 .text.twoHandler
                0x0000000008003a34       0xd0 Core/Src/numpad.o
                0x0000000008003a34                twoHandler
 .text.threeHandler
                0x0000000008003b04       0xd4 Core/Src/numpad.o
                0x0000000008003b04                threeHandler
 .text.fourHandler
                0x0000000008003bd8       0xd4 Core/Src/numpad.o
                0x0000000008003bd8                fourHandler
 .text.fiveHandler
                0x0000000008003cac       0xd4 Core/Src/numpad.o
                0x0000000008003cac                fiveHandler
 .text.sixHandler
                0x0000000008003d80       0xd4 Core/Src/numpad.o
                0x0000000008003d80                sixHandler
 .text.sevenHandler
                0x0000000008003e54       0xd4 Core/Src/numpad.o
                0x0000000008003e54                sevenHandler
 .text.eightHandler
                0x0000000008003f28       0xd4 Core/Src/numpad.o
                0x0000000008003f28                eightHandler
 .text.nineHandler
                0x0000000008003ffc       0xd4 Core/Src/numpad.o
                0x0000000008003ffc                nineHandler
 .text.dotHandler
                0x00000000080040d0       0x38 Core/Src/numpad.o
                0x00000000080040d0                dotHandler
 .text.zeroHandler
                0x0000000008004108       0x6c Core/Src/numpad.o
                0x0000000008004108                zeroHandler
 .text.enterHandler
                0x0000000008004174       0x40 Core/Src/numpad.o
                0x0000000008004174                enterHandler
 .text.checkNumpadButtons
                0x00000000080041b4      0x140 Core/Src/numpad.o
                0x00000000080041b4                checkNumpadButtons
 .text.drawNumpad
                0x00000000080042f4      0x194 Core/Src/numpad.o
                0x00000000080042f4                drawNumpad
 .text.read_numpad
                0x0000000008004488       0x68 Core/Src/read_screen_sd.o
                0x0000000008004488                read_numpad
 .text.read_plot
                0x00000000080044f0       0x4c Core/Src/read_screen_sd.o
                0x00000000080044f0                read_plot
 .text.HAL_MspInit
                0x000000000800453c       0x64 Core/Src/stm32f1xx_hal_msp.o
                0x000000000800453c                HAL_MspInit
 .text.HAL_ADC_MspInit
                0x00000000080045a0       0xa8 Core/Src/stm32f1xx_hal_msp.o
                0x00000000080045a0                HAL_ADC_MspInit
 .text.HAL_RTC_MspInit
                0x0000000008004648       0x48 Core/Src/stm32f1xx_hal_msp.o
                0x0000000008004648                HAL_RTC_MspInit
 .text.HAL_SPI_MspInit
                0x0000000008004690      0x1fc Core/Src/stm32f1xx_hal_msp.o
                0x0000000008004690                HAL_SPI_MspInit
 .text.HAL_UART_MspInit
                0x000000000800488c       0x9c Core/Src/stm32f1xx_hal_msp.o
                0x000000000800488c                HAL_UART_MspInit
 .text.SDTimer_Handler
                0x0000000008004928       0x44 Core/Src/stm32f1xx_it.o
                0x0000000008004928                SDTimer_Handler
 .text.NMI_Handler
                0x000000000800496c        0x6 Core/Src/stm32f1xx_it.o
                0x000000000800496c                NMI_Handler
 .text.HardFault_Handler
                0x0000000008004972        0x6 Core/Src/stm32f1xx_it.o
                0x0000000008004972                HardFault_Handler
 .text.MemManage_Handler
                0x0000000008004978        0x6 Core/Src/stm32f1xx_it.o
                0x0000000008004978                MemManage_Handler
 .text.BusFault_Handler
                0x000000000800497e        0x6 Core/Src/stm32f1xx_it.o
                0x000000000800497e                BusFault_Handler
 .text.UsageFault_Handler
                0x0000000008004984        0x6 Core/Src/stm32f1xx_it.o
                0x0000000008004984                UsageFault_Handler
 .text.SVC_Handler
                0x000000000800498a        0xc Core/Src/stm32f1xx_it.o
                0x000000000800498a                SVC_Handler
 .text.DebugMon_Handler
                0x0000000008004996        0xc Core/Src/stm32f1xx_it.o
                0x0000000008004996                DebugMon_Handler
 .text.PendSV_Handler
                0x00000000080049a2        0xc Core/Src/stm32f1xx_it.o
                0x00000000080049a2                PendSV_Handler
 *fill*         0x00000000080049ae        0x2 
 .text.SysTick_Handler
                0x00000000080049b0       0x34 Core/Src/stm32f1xx_it.o
                0x00000000080049b0                SysTick_Handler
 .text.DMA1_Channel2_IRQHandler
                0x00000000080049e4       0x14 Core/Src/stm32f1xx_it.o
                0x00000000080049e4                DMA1_Channel2_IRQHandler
 .text.DMA1_Channel3_IRQHandler
                0x00000000080049f8       0x14 Core/Src/stm32f1xx_it.o
                0x00000000080049f8                DMA1_Channel3_IRQHandler
 .text.OTG_FS_IRQHandler
                0x0000000008004a0c       0x14 Core/Src/stm32f1xx_it.o
                0x0000000008004a0c                OTG_FS_IRQHandler
 .text._sbrk    0x0000000008004a20       0x6c Core/Src/sysmem.o
                0x0000000008004a20                _sbrk
 .text.SystemInit
                0x0000000008004a8c        0xc Core/Src/system_stm32f1xx.o
                0x0000000008004a8c                SystemInit
 .text.Reset_Handler
                0x0000000008004a98       0x48 Core/Startup/startup_stm32f107vctx.o
                0x0000000008004a98                Reset_Handler
 .text.Default_Handler
                0x0000000008004ae0        0x2 Core/Startup/startup_stm32f107vctx.o
                0x0000000008004ae0                RTC_Alarm_IRQHandler
                0x0000000008004ae0                EXTI2_IRQHandler
                0x0000000008004ae0                TIM1_CC_IRQHandler
                0x0000000008004ae0                TIM6_IRQHandler
                0x0000000008004ae0                PVD_IRQHandler
                0x0000000008004ae0                CAN2_RX1_IRQHandler
                0x0000000008004ae0                EXTI3_IRQHandler
                0x0000000008004ae0                EXTI0_IRQHandler
                0x0000000008004ae0                I2C2_EV_IRQHandler
                0x0000000008004ae0                CAN1_RX0_IRQHandler
                0x0000000008004ae0                CAN2_SCE_IRQHandler
                0x0000000008004ae0                ADC1_2_IRQHandler
                0x0000000008004ae0                SPI1_IRQHandler
                0x0000000008004ae0                TAMPER_IRQHandler
                0x0000000008004ae0                CAN2_RX0_IRQHandler
                0x0000000008004ae0                DMA2_Channel2_IRQHandler
                0x0000000008004ae0                DMA1_Channel4_IRQHandler
                0x0000000008004ae0                USART3_IRQHandler
                0x0000000008004ae0                RTC_IRQHandler
                0x0000000008004ae0                DMA1_Channel7_IRQHandler
                0x0000000008004ae0                CAN1_RX1_IRQHandler
                0x0000000008004ae0                UART5_IRQHandler
                0x0000000008004ae0                TIM4_IRQHandler
                0x0000000008004ae0                DMA2_Channel1_IRQHandler
                0x0000000008004ae0                I2C1_EV_IRQHandler
                0x0000000008004ae0                DMA1_Channel6_IRQHandler
                0x0000000008004ae0                UART4_IRQHandler
                0x0000000008004ae0                DMA2_Channel4_IRQHandler
                0x0000000008004ae0                TIM3_IRQHandler
                0x0000000008004ae0                RCC_IRQHandler
                0x0000000008004ae0                TIM1_TRG_COM_IRQHandler
                0x0000000008004ae0                DMA1_Channel1_IRQHandler
                0x0000000008004ae0                Default_Handler
                0x0000000008004ae0                TIM7_IRQHandler
                0x0000000008004ae0                CAN2_TX_IRQHandler
                0x0000000008004ae0                TIM5_IRQHandler
                0x0000000008004ae0                EXTI9_5_IRQHandler
                0x0000000008004ae0                ETH_WKUP_IRQHandler
                0x0000000008004ae0                SPI2_IRQHandler
                0x0000000008004ae0                CAN1_TX_IRQHandler
                0x0000000008004ae0                DMA2_Channel5_IRQHandler
                0x0000000008004ae0                DMA1_Channel5_IRQHandler
                0x0000000008004ae0                EXTI4_IRQHandler
                0x0000000008004ae0                ETH_IRQHandler
                0x0000000008004ae0                TIM1_UP_IRQHandler
                0x0000000008004ae0                WWDG_IRQHandler
                0x0000000008004ae0                TIM2_IRQHandler
                0x0000000008004ae0                OTG_FS_WKUP_IRQHandler
                0x0000000008004ae0                TIM1_BRK_IRQHandler
                0x0000000008004ae0                EXTI1_IRQHandler
                0x0000000008004ae0                USART2_IRQHandler
                0x0000000008004ae0                I2C2_ER_IRQHandler
                0x0000000008004ae0                CAN1_SCE_IRQHandler
                0x0000000008004ae0                FLASH_IRQHandler
                0x0000000008004ae0                USART1_IRQHandler
                0x0000000008004ae0                SPI3_IRQHandler
                0x0000000008004ae0                I2C1_ER_IRQHandler
                0x0000000008004ae0                DMA2_Channel3_IRQHandler
 *fill*         0x0000000008004ae2        0x2 
 .text.HAL_Init
                0x0000000008004ae4       0x2c Drivers/STM32F1xx_HAL_Driver/Src/stm32f1xx_hal.o
                0x0000000008004ae4                HAL_Init
 .text.HAL_InitTick
                0x0000000008004b10       0x60 Drivers/STM32F1xx_HAL_Driver/Src/stm32f1xx_hal.o
                0x0000000008004b10                HAL_InitTick
 .text.HAL_IncTick
                0x0000000008004b70       0x24 Drivers/STM32F1xx_HAL_Driver/Src/stm32f1xx_hal.o
                0x0000000008004b70                HAL_IncTick
 .text.HAL_GetTick
                0x0000000008004b94       0x14 Drivers/STM32F1xx_HAL_Driver/Src/stm32f1xx_hal.o
                0x0000000008004b94                HAL_GetTick
 .text.HAL_Delay
                0x0000000008004ba8       0x48 Drivers/STM32F1xx_HAL_Driver/Src/stm32f1xx_hal.o
                0x0000000008004ba8                HAL_Delay
 .text.HAL_ADC_Init
                0x0000000008004bf0      0x1b0 Drivers/STM32F1xx_HAL_Driver/Src/stm32f1xx_hal_adc.o
                0x0000000008004bf0                HAL_ADC_Init
 .text.HAL_ADC_ConfigChannel
                0x0000000008004da0      0x1f0 Drivers/STM32F1xx_HAL_Driver/Src/stm32f1xx_hal_adc.o
                0x0000000008004da0                HAL_ADC_ConfigChannel
 .text.ADC_ConversionStop_Disable
                0x0000000008004f90       0x74 Drivers/STM32F1xx_HAL_Driver/Src/stm32f1xx_hal_adc.o
                0x0000000008004f90                ADC_ConversionStop_Disable
 .text.__NVIC_SetPriorityGrouping
                0x0000000008005004       0x48 Drivers/STM32F1xx_HAL_Driver/Src/stm32f1xx_hal_cortex.o
 .text.__NVIC_GetPriorityGrouping
                0x000000000800504c       0x1c Drivers/STM32F1xx_HAL_Driver/Src/stm32f1xx_hal_cortex.o
 .text.__NVIC_EnableIRQ
                0x0000000008005068       0x38 Drivers/STM32F1xx_HAL_Driver/Src/stm32f1xx_hal_cortex.o
 .text.__NVIC_SetPriority
                0x00000000080050a0       0x54 Drivers/STM32F1xx_HAL_Driver/Src/stm32f1xx_hal_cortex.o
 .text.NVIC_EncodePriority
                0x00000000080050f4       0x64 Drivers/STM32F1xx_HAL_Driver/Src/stm32f1xx_hal_cortex.o
 .text.SysTick_Config
                0x0000000008005158       0x44 Drivers/STM32F1xx_HAL_Driver/Src/stm32f1xx_hal_cortex.o
 .text.HAL_NVIC_SetPriorityGrouping
                0x000000000800519c       0x16 Drivers/STM32F1xx_HAL_Driver/Src/stm32f1xx_hal_cortex.o
                0x000000000800519c                HAL_NVIC_SetPriorityGrouping
 .text.HAL_NVIC_SetPriority
                0x00000000080051b2       0x38 Drivers/STM32F1xx_HAL_Driver/Src/stm32f1xx_hal_cortex.o
                0x00000000080051b2                HAL_NVIC_SetPriority
 .text.HAL_NVIC_EnableIRQ
                0x00000000080051ea       0x1c Drivers/STM32F1xx_HAL_Driver/Src/stm32f1xx_hal_cortex.o
                0x00000000080051ea                HAL_NVIC_EnableIRQ
 .text.HAL_SYSTICK_Config
                0x0000000008005206       0x18 Drivers/STM32F1xx_HAL_Driver/Src/stm32f1xx_hal_cortex.o
                0x0000000008005206                HAL_SYSTICK_Config
 *fill*         0x000000000800521e        0x2 
 .text.HAL_DMA_Init
                0x0000000008005220       0xec Drivers/STM32F1xx_HAL_Driver/Src/stm32f1xx_hal_dma.o
                0x0000000008005220                HAL_DMA_Init
 .text.HAL_DMA_Start_IT
                0x000000000800530c       0xbe Drivers/STM32F1xx_HAL_Driver/Src/stm32f1xx_hal_dma.o
                0x000000000800530c                HAL_DMA_Start_IT
 .text.HAL_DMA_Abort
                0x00000000080053ca       0x74 Drivers/STM32F1xx_HAL_Driver/Src/stm32f1xx_hal_dma.o
                0x00000000080053ca                HAL_DMA_Abort
 *fill*         0x000000000800543e        0x2 
 .text.HAL_DMA_IRQHandler
                0x0000000008005440      0x478 Drivers/STM32F1xx_HAL_Driver/Src/stm32f1xx_hal_dma.o
                0x0000000008005440                HAL_DMA_IRQHandler
 .text.DMA_SetConfig
                0x00000000080058b8       0x5a Drivers/STM32F1xx_HAL_Driver/Src/stm32f1xx_hal_dma.o
 *fill*         0x0000000008005912        0x2 
 .text.HAL_GPIO_Init
                0x0000000008005914      0x308 Drivers/STM32F1xx_HAL_Driver/Src/stm32f1xx_hal_gpio.o
                0x0000000008005914                HAL_GPIO_Init
 .text.HAL_GPIO_ReadPin
                0x0000000008005c1c       0x2e Drivers/STM32F1xx_HAL_Driver/Src/stm32f1xx_hal_gpio.o
                0x0000000008005c1c                HAL_GPIO_ReadPin
 .text.HAL_GPIO_WritePin
                0x0000000008005c4a       0x30 Drivers/STM32F1xx_HAL_Driver/Src/stm32f1xx_hal_gpio.o
                0x0000000008005c4a                HAL_GPIO_WritePin
 *fill*         0x0000000008005c7a        0x2 
 .text.HAL_GPIO_EXTI_IRQHandler
                0x0000000008005c7c       0x30 Drivers/STM32F1xx_HAL_Driver/Src/stm32f1xx_hal_gpio.o
                0x0000000008005c7c                HAL_GPIO_EXTI_IRQHandler
 .text.HAL_GPIO_EXTI_Callback
                0x0000000008005cac       0x14 Drivers/STM32F1xx_HAL_Driver/Src/stm32f1xx_hal_gpio.o
                0x0000000008005cac                HAL_GPIO_EXTI_Callback
 .text.HAL_HCD_Init
                0x0000000008005cc0       0xc4 Drivers/STM32F1xx_HAL_Driver/Src/stm32f1xx_hal_hcd.o
                0x0000000008005cc0                HAL_HCD_Init
 .text.HAL_HCD_HC_Init
                0x0000000008005d84      0x130 Drivers/STM32F1xx_HAL_Driver/Src/stm32f1xx_hal_hcd.o
                0x0000000008005d84                HAL_HCD_HC_Init
 .text.HAL_HCD_HC_Halt
                0x0000000008005eb4       0x46 Drivers/STM32F1xx_HAL_Driver/Src/stm32f1xx_hal_hcd.o
                0x0000000008005eb4                HAL_HCD_HC_Halt
 *fill*         0x0000000008005efa        0x2 
 .text.HAL_HCD_HC_SubmitRequest
                0x0000000008005efc      0x2dc Drivers/STM32F1xx_HAL_Driver/Src/stm32f1xx_hal_hcd.o
                0x0000000008005efc                HAL_HCD_HC_SubmitRequest
 .text.HAL_HCD_IRQHandler
                0x00000000080061d8      0x208 Drivers/STM32F1xx_HAL_Driver/Src/stm32f1xx_hal_hcd.o
                0x00000000080061d8                HAL_HCD_IRQHandler
 .text.HAL_HCD_Start
                0x00000000080063e0       0x46 Drivers/STM32F1xx_HAL_Driver/Src/stm32f1xx_hal_hcd.o
                0x00000000080063e0                HAL_HCD_Start
 .text.HAL_HCD_Stop
                0x0000000008006426       0x3a Drivers/STM32F1xx_HAL_Driver/Src/stm32f1xx_hal_hcd.o
                0x0000000008006426                HAL_HCD_Stop
 .text.HAL_HCD_HC_GetURBState
                0x0000000008006460       0x28 Drivers/STM32F1xx_HAL_Driver/Src/stm32f1xx_hal_hcd.o
                0x0000000008006460                HAL_HCD_HC_GetURBState
 .text.HAL_HCD_HC_GetXferCount
                0x0000000008006488       0x28 Drivers/STM32F1xx_HAL_Driver/Src/stm32f1xx_hal_hcd.o
                0x0000000008006488                HAL_HCD_HC_GetXferCount
 .text.HAL_HCD_GetCurrentFrame
                0x00000000080064b0       0x1c Drivers/STM32F1xx_HAL_Driver/Src/stm32f1xx_hal_hcd.o
                0x00000000080064b0                HAL_HCD_GetCurrentFrame
 .text.HCD_HC_IN_IRQHandler
                0x00000000080064cc      0x822 Drivers/STM32F1xx_HAL_Driver/Src/stm32f1xx_hal_hcd.o
 .text.HCD_HC_OUT_IRQHandler
                0x0000000008006cee      0x6aa Drivers/STM32F1xx_HAL_Driver/Src/stm32f1xx_hal_hcd.o
 .text.HCD_RXQLVL_IRQHandler
                0x0000000008007398      0x15c Drivers/STM32F1xx_HAL_Driver/Src/stm32f1xx_hal_hcd.o
 .text.HCD_Port_IRQHandler
                0x00000000080074f4       0xe6 Drivers/STM32F1xx_HAL_Driver/Src/stm32f1xx_hal_hcd.o
 *fill*         0x00000000080075da        0x2 
 .text.HAL_PWR_EnableBkUpAccess
                0x00000000080075dc       0x18 Drivers/STM32F1xx_HAL_Driver/Src/stm32f1xx_hal_pwr.o
                0x00000000080075dc                HAL_PWR_EnableBkUpAccess
 .text.HAL_RCC_OscConfig
                0x00000000080075f4      0x62c Drivers/STM32F1xx_HAL_Driver/Src/stm32f1xx_hal_rcc.o
                0x00000000080075f4                HAL_RCC_OscConfig
 .text.HAL_RCC_ClockConfig
                0x0000000008007c20      0x1d4 Drivers/STM32F1xx_HAL_Driver/Src/stm32f1xx_hal_rcc.o
                0x0000000008007c20                HAL_RCC_ClockConfig
 .text.HAL_RCC_MCOConfig
                0x0000000008007df4       0x70 Drivers/STM32F1xx_HAL_Driver/Src/stm32f1xx_hal_rcc.o
                0x0000000008007df4                HAL_RCC_MCOConfig
 .text.HAL_RCC_GetSysClockFreq
                0x0000000008007e64      0x178 Drivers/STM32F1xx_HAL_Driver/Src/stm32f1xx_hal_rcc.o
                0x0000000008007e64                HAL_RCC_GetSysClockFreq
 .text.HAL_RCC_GetHCLKFreq
                0x0000000008007fdc       0x14 Drivers/STM32F1xx_HAL_Driver/Src/stm32f1xx_hal_rcc.o
                0x0000000008007fdc                HAL_RCC_GetHCLKFreq
 .text.HAL_RCC_GetPCLK1Freq
                0x0000000008007ff0       0x28 Drivers/STM32F1xx_HAL_Driver/Src/stm32f1xx_hal_rcc.o
                0x0000000008007ff0                HAL_RCC_GetPCLK1Freq
 .text.HAL_RCC_GetPCLK2Freq
                0x0000000008008018       0x28 Drivers/STM32F1xx_HAL_Driver/Src/stm32f1xx_hal_rcc.o
                0x0000000008008018                HAL_RCC_GetPCLK2Freq
 .text.RCC_Delay
                0x0000000008008040       0x3c Drivers/STM32F1xx_HAL_Driver/Src/stm32f1xx_hal_rcc.o
 .text.HAL_RCCEx_PeriphCLKConfig
                0x000000000800807c      0x264 Drivers/STM32F1xx_HAL_Driver/Src/stm32f1xx_hal_rcc_ex.o
                0x000000000800807c                HAL_RCCEx_PeriphCLKConfig
 .text.HAL_RCCEx_GetPeriphCLKFreq
                0x00000000080082e0      0x2c8 Drivers/STM32F1xx_HAL_Driver/Src/stm32f1xx_hal_rcc_ex.o
                0x00000000080082e0                HAL_RCCEx_GetPeriphCLKFreq
 .text.HAL_RTC_Init
                0x00000000080085a8      0x12c Drivers/STM32F1xx_HAL_Driver/Src/stm32f1xx_hal_rtc.o
                0x00000000080085a8                HAL_RTC_Init
 .text.HAL_RTC_WaitForSynchro
                0x00000000080086d4       0x5a Drivers/STM32F1xx_HAL_Driver/Src/stm32f1xx_hal_rtc.o
                0x00000000080086d4                HAL_RTC_WaitForSynchro
 .text.RTC_EnterInitMode
                0x000000000800872e       0x50 Drivers/STM32F1xx_HAL_Driver/Src/stm32f1xx_hal_rtc.o
 .text.RTC_ExitInitMode
                0x000000000800877e       0x50 Drivers/STM32F1xx_HAL_Driver/Src/stm32f1xx_hal_rtc.o
 *fill*         0x00000000080087ce        0x2 
 .text.HAL_RTCEx_SetTamper
                0x00000000080087d0       0x84 Drivers/STM32F1xx_HAL_Driver/Src/stm32f1xx_hal_rtc_ex.o
                0x00000000080087d0                HAL_RTCEx_SetTamper
 .text.HAL_SPI_Init
                0x0000000008008854      0x108 Drivers/STM32F1xx_HAL_Driver/Src/stm32f1xx_hal_spi.o
                0x0000000008008854                HAL_SPI_Init
 .text.HAL_SPI_Transmit
                0x000000000800895c      0x278 Drivers/STM32F1xx_HAL_Driver/Src/stm32f1xx_hal_spi.o
                0x000000000800895c                HAL_SPI_Transmit
 .text.HAL_SPI_TransmitReceive
                0x0000000008008bd4      0x344 Drivers/STM32F1xx_HAL_Driver/Src/stm32f1xx_hal_spi.o
                0x0000000008008bd4                HAL_SPI_TransmitReceive
 .text.HAL_SPI_Transmit_DMA
                0x0000000008008f18      0x16c Drivers/STM32F1xx_HAL_Driver/Src/stm32f1xx_hal_spi.o
                0x0000000008008f18                HAL_SPI_Transmit_DMA
 .text.HAL_SPI_DMAStop
                0x0000000008009084       0x7e Drivers/STM32F1xx_HAL_Driver/Src/stm32f1xx_hal_spi.o
                0x0000000008009084                HAL_SPI_DMAStop
 .text.HAL_SPI_TxHalfCpltCallback
                0x0000000008009102       0x12 Drivers/STM32F1xx_HAL_Driver/Src/stm32f1xx_hal_spi.o
                0x0000000008009102                HAL_SPI_TxHalfCpltCallback
 .text.HAL_SPI_ErrorCallback
                0x0000000008009114       0x12 Drivers/STM32F1xx_HAL_Driver/Src/stm32f1xx_hal_spi.o
                0x0000000008009114                HAL_SPI_ErrorCallback
 .text.HAL_SPI_GetState
                0x0000000008009126       0x1a Drivers/STM32F1xx_HAL_Driver/Src/stm32f1xx_hal_spi.o
                0x0000000008009126                HAL_SPI_GetState
 .text.SPI_DMATransmitCplt
                0x0000000008009140       0xa6 Drivers/STM32F1xx_HAL_Driver/Src/stm32f1xx_hal_spi.o
 .text.SPI_DMAHalfTransmitCplt
                0x00000000080091e6       0x1c Drivers/STM32F1xx_HAL_Driver/Src/stm32f1xx_hal_spi.o
 .text.SPI_DMAError
                0x0000000008009202       0x40 Drivers/STM32F1xx_HAL_Driver/Src/stm32f1xx_hal_spi.o
 *fill*         0x0000000008009242        0x2 
 .text.SPI_WaitFlagStateUntilTimeout
                0x0000000008009244      0x110 Drivers/STM32F1xx_HAL_Driver/Src/stm32f1xx_hal_spi.o
 .text.SPI_EndRxTxTransaction
                0x0000000008009354       0x3c Drivers/STM32F1xx_HAL_Driver/Src/stm32f1xx_hal_spi.o
 .text.HAL_UART_Init
                0x0000000008009390       0x9a Drivers/STM32F1xx_HAL_Driver/Src/stm32f1xx_hal_uart.o
                0x0000000008009390                HAL_UART_Init
 *fill*         0x000000000800942a        0x2 
 .text.UART_SetConfig
                0x000000000800942c      0x11c Drivers/STM32F1xx_HAL_Driver/Src/stm32f1xx_hal_uart.o
 .text.USB_CoreInit
                0x0000000008009548       0x90 Drivers/STM32F1xx_HAL_Driver/Src/stm32f1xx_ll_usb.o
                0x0000000008009548                USB_CoreInit
 .text.USB_EnableGlobalInt
                0x00000000080095d8       0x20 Drivers/STM32F1xx_HAL_Driver/Src/stm32f1xx_ll_usb.o
                0x00000000080095d8                USB_EnableGlobalInt
 .text.USB_DisableGlobalInt
                0x00000000080095f8       0x20 Drivers/STM32F1xx_HAL_Driver/Src/stm32f1xx_ll_usb.o
                0x00000000080095f8                USB_DisableGlobalInt
 .text.USB_SetCurrentMode
                0x0000000008009618       0x54 Drivers/STM32F1xx_HAL_Driver/Src/stm32f1xx_ll_usb.o
                0x0000000008009618                USB_SetCurrentMode
 .text.USB_FlushTxFifo
                0x000000000800966c       0x48 Drivers/STM32F1xx_HAL_Driver/Src/stm32f1xx_ll_usb.o
                0x000000000800966c                USB_FlushTxFifo
 .text.USB_FlushRxFifo
                0x00000000080096b4       0x40 Drivers/STM32F1xx_HAL_Driver/Src/stm32f1xx_ll_usb.o
                0x00000000080096b4                USB_FlushRxFifo
 .text.USB_WritePacket
                0x00000000080096f4       0x60 Drivers/STM32F1xx_HAL_Driver/Src/stm32f1xx_ll_usb.o
                0x00000000080096f4                USB_WritePacket
 .text.USB_ReadPacket
                0x0000000008009754       0x50 Drivers/STM32F1xx_HAL_Driver/Src/stm32f1xx_ll_usb.o
                0x0000000008009754                USB_ReadPacket
 .text.USB_ReadInterrupts
                0x00000000080097a4       0x24 Drivers/STM32F1xx_HAL_Driver/Src/stm32f1xx_ll_usb.o
                0x00000000080097a4                USB_ReadInterrupts
 .text.USB_GetMode
                0x00000000080097c8       0x1a Drivers/STM32F1xx_HAL_Driver/Src/stm32f1xx_ll_usb.o
                0x00000000080097c8                USB_GetMode
 *fill*         0x00000000080097e2        0x2 
 .text.USB_CoreReset
                0x00000000080097e4       0x64 Drivers/STM32F1xx_HAL_Driver/Src/stm32f1xx_ll_usb.o
 .text.USB_HostInit
                0x0000000008009848       0xfc Drivers/STM32F1xx_HAL_Driver/Src/stm32f1xx_ll_usb.o
                0x0000000008009848                USB_HostInit
 .text.USB_InitFSLSPClkSel
                0x0000000008009944       0x72 Drivers/STM32F1xx_HAL_Driver/Src/stm32f1xx_ll_usb.o
                0x0000000008009944                USB_InitFSLSPClkSel
 .text.USB_DriveVbus
                0x00000000080099b6       0x70 Drivers/STM32F1xx_HAL_Driver/Src/stm32f1xx_ll_usb.o
                0x00000000080099b6                USB_DriveVbus
 .text.USB_GetCurrentFrame
                0x0000000008009a26       0x20 Drivers/STM32F1xx_HAL_Driver/Src/stm32f1xx_ll_usb.o
                0x0000000008009a26                USB_GetCurrentFrame
 *fill*         0x0000000008009a46        0x2 
 .text.USB_HC_Init
                0x0000000008009a48      0x1e4 Drivers/STM32F1xx_HAL_Driver/Src/stm32f1xx_ll_usb.o
                0x0000000008009a48                USB_HC_Init
 .text.USB_HC_StartXfer
                0x0000000008009c2c      0x200 Drivers/STM32F1xx_HAL_Driver/Src/stm32f1xx_ll_usb.o
                0x0000000008009c2c                USB_HC_StartXfer
 .text.USB_HC_ReadInterrupt
                0x0000000008009e2c       0x20 Drivers/STM32F1xx_HAL_Driver/Src/stm32f1xx_ll_usb.o
                0x0000000008009e2c                USB_HC_ReadInterrupt
 .text.USB_HC_Halt
                0x0000000008009e4c      0x1fc Drivers/STM32F1xx_HAL_Driver/Src/stm32f1xx_ll_usb.o
                0x0000000008009e4c                USB_HC_Halt
 .text.USB_StopHost
                0x000000000800a048      0x10c Drivers/STM32F1xx_HAL_Driver/Src/stm32f1xx_ll_usb.o
                0x000000000800a048                USB_StopHost
 .text.MX_FATFS_Init
                0x000000000800a154       0x24 FATFS/App/fatfs.o
                0x000000000800a154                MX_FATFS_Init
 .text.get_fattime
                0x000000000800a178        0xe FATFS/App/fatfs.o
                0x000000000800a178                get_fattime
 .text.USER_initialize
                0x000000000800a186       0x1e FATFS/Target/user_diskio.o
                0x000000000800a186                USER_initialize
 .text.USER_status
                0x000000000800a1a4       0x1e FATFS/Target/user_diskio.o
                0x000000000800a1a4                USER_status
 .text.USER_read
                0x000000000800a1c2       0x28 FATFS/Target/user_diskio.o
                0x000000000800a1c2                USER_read
 .text.USER_write
                0x000000000800a1ea       0x28 FATFS/Target/user_diskio.o
                0x000000000800a1ea                USER_write
 .text.USER_ioctl
                0x000000000800a212       0x2c FATFS/Target/user_diskio.o
                0x000000000800a212                USER_ioctl
 .text.USBH_CDC_InterfaceInit
                0x000000000800a23e      0x2ac Middlewares/ST/STM32_USB_Host_Library/Class/CDC/Src/usbh_cdc.o
 .text.USBH_CDC_InterfaceDeInit
                0x000000000800a4ea       0xb2 Middlewares/ST/STM32_USB_Host_Library/Class/CDC/Src/usbh_cdc.o
 .text.USBH_CDC_ClassRequest
                0x000000000800a59c       0x42 Middlewares/ST/STM32_USB_Host_Library/Class/CDC/Src/usbh_cdc.o
 *fill*         0x000000000800a5de        0x2 
 .text.USBH_CDC_Process
                0x000000000800a5e0      0x12c Middlewares/ST/STM32_USB_Host_Library/Class/CDC/Src/usbh_cdc.o
 .text.USBH_CDC_SOFProcess
                0x000000000800a70c       0x14 Middlewares/ST/STM32_USB_Host_Library/Class/CDC/Src/usbh_cdc.o
 .text.GetLineCoding
                0x000000000800a720       0x3e Middlewares/ST/STM32_USB_Host_Library/Class/CDC/Src/usbh_cdc.o
 .text.SetLineCoding
                0x000000000800a75e       0x3e Middlewares/ST/STM32_USB_Host_Library/Class/CDC/Src/usbh_cdc.o
 .text.CDC_ProcessTransmission
                0x000000000800a79c       0xec Middlewares/ST/STM32_USB_Host_Library/Class/CDC/Src/usbh_cdc.o
 .text.CDC_ProcessReception
                0x000000000800a888       0xb6 Middlewares/ST/STM32_USB_Host_Library/Class/CDC/Src/usbh_cdc.o
 .text.USBH_CDC_TransmitCallback
                0x000000000800a93e       0x12 Middlewares/ST/STM32_USB_Host_Library/Class/CDC/Src/usbh_cdc.o
                0x000000000800a93e                USBH_CDC_TransmitCallback
 .text.USBH_CDC_ReceiveCallback
                0x000000000800a950       0x12 Middlewares/ST/STM32_USB_Host_Library/Class/CDC/Src/usbh_cdc.o
                0x000000000800a950                USBH_CDC_ReceiveCallback
 .text.USBH_CDC_LineCodingChanged
                0x000000000800a962       0x12 Middlewares/ST/STM32_USB_Host_Library/Class/CDC/Src/usbh_cdc.o
                0x000000000800a962                USBH_CDC_LineCodingChanged
 .text.USBH_Init
                0x000000000800a974       0x74 Middlewares/ST/STM32_USB_Host_Library/Core/Src/usbh_core.o
                0x000000000800a974                USBH_Init
 .text.DeInitStateMachine
                0x000000000800a9e8       0x94 Middlewares/ST/STM32_USB_Host_Library/Core/Src/usbh_core.o
 .text.USBH_RegisterClass
                0x000000000800aa7c       0x54 Middlewares/ST/STM32_USB_Host_Library/Core/Src/usbh_core.o
                0x000000000800aa7c                USBH_RegisterClass
 .text.USBH_SelectInterface
                0x000000000800aad0       0x36 Middlewares/ST/STM32_USB_Host_Library/Core/Src/usbh_core.o
                0x000000000800aad0                USBH_SelectInterface
 .text.USBH_FindInterface
                0x000000000800ab06       0x8a Middlewares/ST/STM32_USB_Host_Library/Core/Src/usbh_core.o
                0x000000000800ab06                USBH_FindInterface
 .text.USBH_Start
                0x000000000800ab90       0x20 Middlewares/ST/STM32_USB_Host_Library/Core/Src/usbh_core.o
                0x000000000800ab90                USBH_Start
 .text.USBH_LL_SetTimer
                0x000000000800abb0       0x1c Middlewares/ST/STM32_USB_Host_Library/Core/Src/usbh_core.o
                0x000000000800abb0                USBH_LL_SetTimer
 .text.USBH_LL_IncTimer
                0x000000000800abcc       0x24 Middlewares/ST/STM32_USB_Host_Library/Core/Src/usbh_core.o
                0x000000000800abcc                USBH_LL_IncTimer
 .text.USBH_HandleSof
                0x000000000800abf0       0x30 Middlewares/ST/STM32_USB_Host_Library/Core/Src/usbh_core.o
 .text.USBH_LL_PortEnabled
                0x000000000800ac20       0x1a Middlewares/ST/STM32_USB_Host_Library/Core/Src/usbh_core.o
                0x000000000800ac20                USBH_LL_PortEnabled
 .text.USBH_LL_PortDisabled
                0x000000000800ac3a       0x1a Middlewares/ST/STM32_USB_Host_Library/Core/Src/usbh_core.o
                0x000000000800ac3a                USBH_LL_PortDisabled
 .text.USBH_LL_Connect
                0x000000000800ac54       0x2c Middlewares/ST/STM32_USB_Host_Library/Core/Src/usbh_core.o
                0x000000000800ac54                USBH_LL_Connect
 .text.USBH_LL_Disconnect
                0x000000000800ac80       0x48 Middlewares/ST/STM32_USB_Host_Library/Core/Src/usbh_core.o
                0x000000000800ac80                USBH_LL_Disconnect
 .text.USBH_ClrFeature
                0x000000000800acc8       0x48 Middlewares/ST/STM32_USB_Host_Library/Core/Src/usbh_ctlreq.o
                0x000000000800acc8                USBH_ClrFeature
 .text.USBH_CtlReq
                0x000000000800ad10       0x94 Middlewares/ST/STM32_USB_Host_Library/Core/Src/usbh_ctlreq.o
                0x000000000800ad10                USBH_CtlReq
 .text.USBH_HandleControl
                0x000000000800ada4      0x2d0 Middlewares/ST/STM32_USB_Host_Library/Core/Src/usbh_ctlreq.o
 .text.USBH_CtlSendSetup
                0x000000000800b074       0x34 Middlewares/ST/STM32_USB_Host_Library/Core/Src/usbh_ioreq.o
                0x000000000800b074                USBH_CtlSendSetup
 .text.USBH_CtlSendData
                0x000000000800b0a8       0x4a Middlewares/ST/STM32_USB_Host_Library/Core/Src/usbh_ioreq.o
                0x000000000800b0a8                USBH_CtlSendData
 .text.USBH_CtlReceiveData
                0x000000000800b0f2       0x3c Middlewares/ST/STM32_USB_Host_Library/Core/Src/usbh_ioreq.o
                0x000000000800b0f2                USBH_CtlReceiveData
 .text.USBH_BulkSendData
                0x000000000800b12e       0x4a Middlewares/ST/STM32_USB_Host_Library/Core/Src/usbh_ioreq.o
                0x000000000800b12e                USBH_BulkSendData
 .text.USBH_BulkReceiveData
                0x000000000800b178       0x3c Middlewares/ST/STM32_USB_Host_Library/Core/Src/usbh_ioreq.o
                0x000000000800b178                USBH_BulkReceiveData
 .text.USBH_OpenPipe
                0x000000000800b1b4       0x3e Middlewares/ST/STM32_USB_Host_Library/Core/Src/usbh_pipes.o
                0x000000000800b1b4                USBH_OpenPipe
 .text.USBH_ClosePipe
                0x000000000800b1f2       0x20 Middlewares/ST/STM32_USB_Host_Library/Core/Src/usbh_pipes.o
                0x000000000800b1f2                USBH_ClosePipe
 .text.USBH_AllocPipe
                0x000000000800b212       0x40 Middlewares/ST/STM32_USB_Host_Library/Core/Src/usbh_pipes.o
                0x000000000800b212                USBH_AllocPipe
 .text.USBH_FreePipe
                0x000000000800b252       0x36 Middlewares/ST/STM32_USB_Host_Library/Core/Src/usbh_pipes.o
                0x000000000800b252                USBH_FreePipe
 .text.USBH_GetFreePipe
                0x000000000800b288       0x44 Middlewares/ST/STM32_USB_Host_Library/Core/Src/usbh_pipes.o
 .text.disk_status
                0x000000000800b2cc       0x34 Middlewares/Third_Party/FatFs/src/diskio.o
                0x000000000800b2cc                disk_status
 .text.disk_initialize
                0x000000000800b300       0x4c Middlewares/Third_Party/FatFs/src/diskio.o
                0x000000000800b300                disk_initialize
 .text.disk_read
                0x000000000800b34c       0x40 Middlewares/Third_Party/FatFs/src/diskio.o
                0x000000000800b34c                disk_read
 .text.disk_write
                0x000000000800b38c       0x40 Middlewares/Third_Party/FatFs/src/diskio.o
                0x000000000800b38c                disk_write
 .text.disk_ioctl
                0x000000000800b3cc       0x3c Middlewares/Third_Party/FatFs/src/diskio.o
                0x000000000800b3cc                disk_ioctl
 .text.mem_cpy  0x000000000800b408       0x3c Middlewares/Third_Party/FatFs/src/ff.o
 .text.mem_set  0x000000000800b444       0x34 Middlewares/Third_Party/FatFs/src/ff.o
 .text.mem_cmp  0x000000000800b478       0x4c Middlewares/Third_Party/FatFs/src/ff.o
 .text.chk_chr  0x000000000800b4c4       0x34 Middlewares/Third_Party/FatFs/src/ff.o
 .text.chk_lock
                0x000000000800b4f8       0xe4 Middlewares/Third_Party/FatFs/src/ff.o
 .text.enq_lock
                0x000000000800b5dc       0x48 Middlewares/Third_Party/FatFs/src/ff.o
 .text.inc_lock
                0x000000000800b624      0x180 Middlewares/Third_Party/FatFs/src/ff.o
 .text.dec_lock
                0x000000000800b7a4       0x88 Middlewares/Third_Party/FatFs/src/ff.o
 .text.clear_lock
                0x000000000800b82c       0x54 Middlewares/Third_Party/FatFs/src/ff.o
 .text.sync_window
                0x000000000800b880       0xb4 Middlewares/Third_Party/FatFs/src/ff.o
 .text.move_window
                0x000000000800b934       0x68 Middlewares/Third_Party/FatFs/src/ff.o
 .text.sync_fs  0x000000000800b99c      0x19e Middlewares/Third_Party/FatFs/src/ff.o
 .text.clust2sect
                0x000000000800bb3a       0x4e Middlewares/Third_Party/FatFs/src/ff.o
                0x000000000800bb3a                clust2sect
 .text.get_fat  0x000000000800bb88      0x20a Middlewares/Third_Party/FatFs/src/ff.o
                0x000000000800bb88                get_fat
 .text.put_fat  0x000000000800bd92      0x2c0 Middlewares/Third_Party/FatFs/src/ff.o
                0x000000000800bd92                put_fat
 .text.remove_chain
                0x000000000800c052       0xd0 Middlewares/Third_Party/FatFs/src/ff.o
 .text.create_chain
                0x000000000800c122      0x162 Middlewares/Third_Party/FatFs/src/ff.o
 .text.clmt_clust
                0x000000000800c284       0x86 Middlewares/Third_Party/FatFs/src/ff.o
 .text.dir_sdi  0x000000000800c30a      0x1b6 Middlewares/Third_Party/FatFs/src/ff.o
 .text.dir_next
                0x000000000800c4c0      0x2c4 Middlewares/Third_Party/FatFs/src/ff.o
 .text.dir_alloc
                0x000000000800c784       0xa2 Middlewares/Third_Party/FatFs/src/ff.o
 .text.ld_clust
                0x000000000800c826       0x5c Middlewares/Third_Party/FatFs/src/ff.o
 .text.st_clust
                0x000000000800c882       0x4c Middlewares/Third_Party/FatFs/src/ff.o
 *fill*         0x000000000800c8ce        0x2 
 .text.cmp_lfn  0x000000000800c8d0       0xdc Middlewares/Third_Party/FatFs/src/ff.o
 .text.fit_lfn  0x000000000800c9ac       0xe8 Middlewares/Third_Party/FatFs/src/ff.o
 .text.gen_numname
                0x000000000800ca94      0x120 Middlewares/Third_Party/FatFs/src/ff.o
 .text.sum_sfn  0x000000000800cbb4       0x40 Middlewares/Third_Party/FatFs/src/ff.o
 .text.dir_find
                0x000000000800cbf4      0x1aa Middlewares/Third_Party/FatFs/src/ff.o
 *fill*         0x000000000800cd9e        0x2 
 .text.dir_register
                0x000000000800cda0      0x260 Middlewares/Third_Party/FatFs/src/ff.o
 .text.create_name
                0x000000000800d000      0x384 Middlewares/Third_Party/FatFs/src/ff.o
 .text.follow_path
                0x000000000800d384       0xf2 Middlewares/Third_Party/FatFs/src/ff.o
 .text.get_ldnumber
                0x000000000800d476       0x86 Middlewares/Third_Party/FatFs/src/ff.o
 .text.check_fs
                0x000000000800d4fc       0xdc Middlewares/Third_Party/FatFs/src/ff.o
 .text.find_volume
                0x000000000800d5d8      0x6b8 Middlewares/Third_Party/FatFs/src/ff.o
 .text.validate
                0x000000000800dc90       0x7c Middlewares/Third_Party/FatFs/src/ff.o
 .text.f_mount  0x000000000800dd0c       0x94 Middlewares/Third_Party/FatFs/src/ff.o
                0x000000000800dd0c                f_mount
 .text.f_open   0x000000000800dda0      0x674 Middlewares/Third_Party/FatFs/src/ff.o
                0x000000000800dda0                f_open
 .text.f_read   0x000000000800e414      0x42c Middlewares/Third_Party/FatFs/src/ff.o
                0x000000000800e414                f_read
 .text.f_sync   0x000000000800e840      0x1bc Middlewares/Third_Party/FatFs/src/ff.o
                0x000000000800e840                f_sync
 .text.f_close  0x000000000800e9fc       0x56 Middlewares/Third_Party/FatFs/src/ff.o
                0x000000000800e9fc                f_close
 *fill*         0x000000000800ea52        0x2 
 .text.FATFS_LinkDriverEx
                0x000000000800ea54       0x94 Middlewares/Third_Party/FatFs/src/ff_gen_drv.o
                0x000000000800ea54                FATFS_LinkDriverEx
 .text.FATFS_LinkDriver
                0x000000000800eae8       0x1e Middlewares/Third_Party/FatFs/src/ff_gen_drv.o
                0x000000000800eae8                FATFS_LinkDriver
 *fill*         0x000000000800eb06        0x2 
 .text.ff_convert
                0x000000000800eb08       0x74 Middlewares/Third_Party/FatFs/src/option/ccsbcs.o
                0x000000000800eb08                ff_convert
 .text.ff_wtoupper
                0x000000000800eb7c       0x5c Middlewares/Third_Party/FatFs/src/option/ccsbcs.o
                0x000000000800eb7c                ff_wtoupper
 .text.MX_USB_HOST_Init
                0x000000000800ebd8       0x4c USB_HOST/App/usb_host.o
                0x000000000800ebd8                MX_USB_HOST_Init
 .text.USBH_UserProcess
                0x000000000800ec24       0x58 USB_HOST/App/usb_host.o
 .text.HAL_HCD_MspInit
                0x000000000800ec7c       0x8c USB_HOST/Target/usbh_conf.o
                0x000000000800ec7c                HAL_HCD_MspInit
 .text.HAL_HCD_SOF_Callback
                0x000000000800ed08       0x1c USB_HOST/Target/usbh_conf.o
                0x000000000800ed08                HAL_HCD_SOF_Callback
 .text.HAL_HCD_Connect_Callback
                0x000000000800ed24       0x1c USB_HOST/Target/usbh_conf.o
                0x000000000800ed24                HAL_HCD_Connect_Callback
 .text.HAL_HCD_Disconnect_Callback
                0x000000000800ed40       0x1c USB_HOST/Target/usbh_conf.o
                0x000000000800ed40                HAL_HCD_Disconnect_Callback
 .text.HAL_HCD_HC_NotifyURBChange_Callback
                0x000000000800ed5c       0x1a USB_HOST/Target/usbh_conf.o
                0x000000000800ed5c                HAL_HCD_HC_NotifyURBChange_Callback
 .text.HAL_HCD_PortEnabled_Callback
                0x000000000800ed76       0x1c USB_HOST/Target/usbh_conf.o
                0x000000000800ed76                HAL_HCD_PortEnabled_Callback
 .text.HAL_HCD_PortDisabled_Callback
                0x000000000800ed92       0x1c USB_HOST/Target/usbh_conf.o
                0x000000000800ed92                HAL_HCD_PortDisabled_Callback
 *fill*         0x000000000800edae        0x2 
 .text.USBH_LL_Init
                0x000000000800edb0       0x70 USB_HOST/Target/usbh_conf.o
                0x000000000800edb0                USBH_LL_Init
 .text.USBH_LL_Start
                0x000000000800ee20       0x36 USB_HOST/Target/usbh_conf.o
                0x000000000800ee20                USBH_LL_Start
 .text.USBH_LL_Stop
                0x000000000800ee56       0x36 USB_HOST/Target/usbh_conf.o
                0x000000000800ee56                USBH_LL_Stop
 .text.USBH_LL_GetLastXferSize
                0x000000000800ee8c       0x26 USB_HOST/Target/usbh_conf.o
                0x000000000800ee8c                USBH_LL_GetLastXferSize
 .text.USBH_LL_OpenPipe
                0x000000000800eeb2       0x5e USB_HOST/Target/usbh_conf.o
                0x000000000800eeb2                USBH_LL_OpenPipe
 .text.USBH_LL_ClosePipe
                0x000000000800ef10       0x3e USB_HOST/Target/usbh_conf.o
                0x000000000800ef10                USBH_LL_ClosePipe
 .text.USBH_LL_SubmitURB
                0x000000000800ef4e       0x62 USB_HOST/Target/usbh_conf.o
                0x000000000800ef4e                USBH_LL_SubmitURB
 .text.USBH_LL_GetURBState
                0x000000000800efb0       0x26 USB_HOST/Target/usbh_conf.o
                0x000000000800efb0                USBH_LL_GetURBState
 .text.USBH_LL_DriverVBUS
                0x000000000800efd6       0x2e USB_HOST/Target/usbh_conf.o
                0x000000000800efd6                USBH_LL_DriverVBUS
 .text.USBH_LL_SetToggle
                0x000000000800f004       0x64 USB_HOST/Target/usbh_conf.o
                0x000000000800f004                USBH_LL_SetToggle
 .text.USBH_Get_USB_Status
                0x000000000800f068       0x58 USB_HOST/Target/usbh_conf.o
                0x000000000800f068                USBH_Get_USB_Status
 .text.MX_DriverVbusFS
                0x000000000800f0c0       0x38 USB_HOST/Target/usbh_platform.o
                0x000000000800f0c0                MX_DriverVbusFS
 .text.__errno  0x000000000800f0f8        0xc d:/stm32cubeide/stm32cubeide_1.0.0/stm32cubeide/plugins/com.st.stm32cube.ide.mcu.externaltools.gnu-tools-for-stm32.9-2020-q2-update.win32_1.5.0.202011040924/tools/bin/../lib/gcc/arm-none-eabi/9.3.1/../../../../arm-none-eabi/lib/thumb/v7-m/nofp\libc_nano.a(lib_a-errno.o)
                0x000000000800f0f8                __errno
 .text.__libc_init_array
                0x000000000800f104       0x48 d:/stm32cubeide/stm32cubeide_1.0.0/stm32cubeide/plugins/com.st.stm32cube.ide.mcu.externaltools.gnu-tools-for-stm32.9-2020-q2-update.win32_1.5.0.202011040924/tools/bin/../lib/gcc/arm-none-eabi/9.3.1/../../../../arm-none-eabi/lib/thumb/v7-m/nofp\libc_nano.a(lib_a-init.o)
                0x000000000800f104                __libc_init_array
 .text.malloc   0x000000000800f14c       0x10 d:/stm32cubeide/stm32cubeide_1.0.0/stm32cubeide/plugins/com.st.stm32cube.ide.mcu.externaltools.gnu-tools-for-stm32.9-2020-q2-update.win32_1.5.0.202011040924/tools/bin/../lib/gcc/arm-none-eabi/9.3.1/../../../../arm-none-eabi/lib/thumb/v7-m/nofp\libc_nano.a(lib_a-malloc.o)
                0x000000000800f14c                malloc
 .text.free     0x000000000800f15c       0x10 d:/stm32cubeide/stm32cubeide_1.0.0/stm32cubeide/plugins/com.st.stm32cube.ide.mcu.externaltools.gnu-tools-for-stm32.9-2020-q2-update.win32_1.5.0.202011040924/tools/bin/../lib/gcc/arm-none-eabi/9.3.1/../../../../arm-none-eabi/lib/thumb/v7-m/nofp\libc_nano.a(lib_a-malloc.o)
                0x000000000800f15c                free
 .text.memcpy   0x000000000800f16c       0x1c d:/stm32cubeide/stm32cubeide_1.0.0/stm32cubeide/plugins/com.st.stm32cube.ide.mcu.externaltools.gnu-tools-for-stm32.9-2020-q2-update.win32_1.5.0.202011040924/tools/bin/../lib/gcc/arm-none-eabi/9.3.1/../../../../arm-none-eabi/lib/thumb/v7-m/nofp\libc_nano.a(lib_a-memcpy-stub.o)
                0x000000000800f16c                memcpy
 .text.memset   0x000000000800f188       0x10 d:/stm32cubeide/stm32cubeide_1.0.0/stm32cubeide/plugins/com.st.stm32cube.ide.mcu.externaltools.gnu-tools-for-stm32.9-2020-q2-update.win32_1.5.0.202011040924/tools/bin/../lib/gcc/arm-none-eabi/9.3.1/../../../../arm-none-eabi/lib/thumb/v7-m/nofp\libc_nano.a(lib_a-memset.o)
                0x000000000800f188                memset
 .text._free_r  0x000000000800f198       0x98 d:/stm32cubeide/stm32cubeide_1.0.0/stm32cubeide/plugins/com.st.stm32cube.ide.mcu.externaltools.gnu-tools-for-stm32.9-2020-q2-update.win32_1.5.0.202011040924/tools/bin/../lib/gcc/arm-none-eabi/9.3.1/../../../../arm-none-eabi/lib/thumb/v7-m/nofp\libc_nano.a(lib_a-nano-freer.o)
                0x000000000800f198                _free_r
 .text._malloc_r
                0x000000000800f230       0xb4 d:/stm32cubeide/stm32cubeide_1.0.0/stm32cubeide/plugins/com.st.stm32cube.ide.mcu.externaltools.gnu-tools-for-stm32.9-2020-q2-update.win32_1.5.0.202011040924/tools/bin/../lib/gcc/arm-none-eabi/9.3.1/../../../../arm-none-eabi/lib/thumb/v7-m/nofp\libc_nano.a(lib_a-nano-mallocr.o)
                0x000000000800f230                _malloc_r
 .text._sbrk_r  0x000000000800f2e4       0x20 d:/stm32cubeide/stm32cubeide_1.0.0/stm32cubeide/plugins/com.st.stm32cube.ide.mcu.externaltools.gnu-tools-for-stm32.9-2020-q2-update.win32_1.5.0.202011040924/tools/bin/../lib/gcc/arm-none-eabi/9.3.1/../../../../arm-none-eabi/lib/thumb/v7-m/nofp\libc_nano.a(lib_a-sbrkr.o)
                0x000000000800f2e4                _sbrk_r
 .text.sprintf  0x000000000800f304       0x40 d:/stm32cubeide/stm32cubeide_1.0.0/stm32cubeide/plugins/com.st.stm32cube.ide.mcu.externaltools.gnu-tools-for-stm32.9-2020-q2-update.win32_1.5.0.202011040924/tools/bin/../lib/gcc/arm-none-eabi/9.3.1/../../../../arm-none-eabi/lib/thumb/v7-m/nofp\libc_nano.a(lib_a-sprintf.o)
                0x000000000800f304                siprintf
                0x000000000800f304                sprintf
 .text.__malloc_lock
                0x000000000800f344        0xc d:/stm32cubeide/stm32cubeide_1.0.0/stm32cubeide/plugins/com.st.stm32cube.ide.mcu.externaltools.gnu-tools-for-stm32.9-2020-q2-update.win32_1.5.0.202011040924/tools/bin/../lib/gcc/arm-none-eabi/9.3.1/../../../../arm-none-eabi/lib/thumb/v7-m/nofp\libc_nano.a(lib_a-mlock.o)
                0x000000000800f344                __malloc_lock
 .text.__malloc_unlock
                0x000000000800f350        0xc d:/stm32cubeide/stm32cubeide_1.0.0/stm32cubeide/plugins/com.st.stm32cube.ide.mcu.externaltools.gnu-tools-for-stm32.9-2020-q2-update.win32_1.5.0.202011040924/tools/bin/../lib/gcc/arm-none-eabi/9.3.1/../../../../arm-none-eabi/lib/thumb/v7-m/nofp\libc_nano.a(lib_a-mlock.o)
                0x000000000800f350                __malloc_unlock
 .text.__ssputs_r
                0x000000000800f35c       0xb6 d:/stm32cubeide/stm32cubeide_1.0.0/stm32cubeide/plugins/com.st.stm32cube.ide.mcu.externaltools.gnu-tools-for-stm32.9-2020-q2-update.win32_1.5.0.202011040924/tools/bin/../lib/gcc/arm-none-eabi/9.3.1/../../../../arm-none-eabi/lib/thumb/v7-m/nofp\libc_nano.a(lib_a-nano-svfprintf.o)
                0x000000000800f35c                __ssputs_r
 *fill*         0x000000000800f412        0x2 
 .text._svfprintf_r
                0x000000000800f414      0x200 d:/stm32cubeide/stm32cubeide_1.0.0/stm32cubeide/plugins/com.st.stm32cube.ide.mcu.externaltools.gnu-tools-for-stm32.9-2020-q2-update.win32_1.5.0.202011040924/tools/bin/../lib/gcc/arm-none-eabi/9.3.1/../../../../arm-none-eabi/lib/thumb/v7-m/nofp\libc_nano.a(lib_a-nano-svfprintf.o)
                0x000000000800f414                _svfiprintf_r
                0x000000000800f414                _svfprintf_r
 .text._printf_common
                0x000000000800f614       0xde d:/stm32cubeide/stm32cubeide_1.0.0/stm32cubeide/plugins/com.st.stm32cube.ide.mcu.externaltools.gnu-tools-for-stm32.9-2020-q2-update.win32_1.5.0.202011040924/tools/bin/../lib/gcc/arm-none-eabi/9.3.1/../../../../arm-none-eabi/lib/thumb/v7-m/nofp\libc_nano.a(lib_a-nano-vfprintf_i.o)
                0x000000000800f614                _printf_common
 *fill*         0x000000000800f6f2        0x2 
 .text._printf_i
                0x000000000800f6f4      0x24c d:/stm32cubeide/stm32cubeide_1.0.0/stm32cubeide/plugins/com.st.stm32cube.ide.mcu.externaltools.gnu-tools-for-stm32.9-2020-q2-update.win32_1.5.0.202011040924/tools/bin/../lib/gcc/arm-none-eabi/9.3.1/../../../../arm-none-eabi/lib/thumb/v7-m/nofp\libc_nano.a(lib_a-nano-vfprintf_i.o)
                0x000000000800f6f4                _printf_i
 .text.__retarget_lock_acquire_recursive
                0x000000000800f940        0x2 d:/stm32cubeide/stm32cubeide_1.0.0/stm32cubeide/plugins/com.st.stm32cube.ide.mcu.externaltools.gnu-tools-for-stm32.9-2020-q2-update.win32_1.5.0.202011040924/tools/bin/../lib/gcc/arm-none-eabi/9.3.1/../../../../arm-none-eabi/lib/thumb/v7-m/nofp\libc_nano.a(lib_a-lock.o)
                0x000000000800f940                __retarget_lock_acquire_recursive
 .text.__retarget_lock_release_recursive
                0x000000000800f942        0x2 d:/stm32cubeide/stm32cubeide_1.0.0/stm32cubeide/plugins/com.st.stm32cube.ide.mcu.externaltools.gnu-tools-for-stm32.9-2020-q2-update.win32_1.5.0.202011040924/tools/bin/../lib/gcc/arm-none-eabi/9.3.1/../../../../arm-none-eabi/lib/thumb/v7-m/nofp\libc_nano.a(lib_a-lock.o)
                0x000000000800f942                __retarget_lock_release_recursive
 .text.memchr   0x000000000800f944       0x1c d:/stm32cubeide/stm32cubeide_1.0.0/stm32cubeide/plugins/com.st.stm32cube.ide.mcu.externaltools.gnu-tools-for-stm32.9-2020-q2-update.win32_1.5.0.202011040924/tools/bin/../lib/gcc/arm-none-eabi/9.3.1/../../../../arm-none-eabi/lib/thumb/v7-m/nofp\libc_nano.a(lib_a-memchr-stub.o)
                0x000000000800f944                memchr
 .text.memmove  0x000000000800f960       0x34 d:/stm32cubeide/stm32cubeide_1.0.0/stm32cubeide/plugins/com.st.stm32cube.ide.mcu.externaltools.gnu-tools-for-stm32.9-2020-q2-update.win32_1.5.0.202011040924/tools/bin/../lib/gcc/arm-none-eabi/9.3.1/../../../../arm-none-eabi/lib/thumb/v7-m/nofp\libc_nano.a(lib_a-memmove.o)
                0x000000000800f960                memmove
 .text._realloc_r
                0x000000000800f994       0x4c d:/stm32cubeide/stm32cubeide_1.0.0/stm32cubeide/plugins/com.st.stm32cube.ide.mcu.externaltools.gnu-tools-for-stm32.9-2020-q2-update.win32_1.5.0.202011040924/tools/bin/../lib/gcc/arm-none-eabi/9.3.1/../../../../arm-none-eabi/lib/thumb/v7-m/nofp\libc_nano.a(lib_a-nano-reallocr.o)
                0x000000000800f994                _realloc_r
 .text._malloc_usable_size_r
                0x000000000800f9e0       0x10 d:/stm32cubeide/stm32cubeide_1.0.0/stm32cubeide/plugins/com.st.stm32cube.ide.mcu.externaltools.gnu-tools-for-stm32.9-2020-q2-update.win32_1.5.0.202011040924/tools/bin/../lib/gcc/arm-none-eabi/9.3.1/../../../../arm-none-eabi/lib/thumb/v7-m/nofp\libc_nano.a(lib_a-nano-msizer.o)
                0x000000000800f9e0                _malloc_usable_size_r
 .text.trunc    0x000000000800f9f0       0x60 d:/stm32cubeide/stm32cubeide_1.0.0/stm32cubeide/plugins/com.st.stm32cube.ide.mcu.externaltools.gnu-tools-for-stm32.9-2020-q2-update.win32_1.5.0.202011040924/tools/bin/../lib/gcc/arm-none-eabi/9.3.1/../../../../arm-none-eabi/lib/thumb/v7-m/nofp\libm.a(lib_a-s_trunc.o)
                0x000000000800f9f0                trunc
 .text.pow      0x000000000800fa50      0x158 d:/stm32cubeide/stm32cubeide_1.0.0/stm32cubeide/plugins/com.st.stm32cube.ide.mcu.externaltools.gnu-tools-for-stm32.9-2020-q2-update.win32_1.5.0.202011040924/tools/bin/../lib/gcc/arm-none-eabi/9.3.1/../../../../arm-none-eabi/lib/thumb/v7-m/nofp\libm.a(lib_a-w_pow.o)
                0x000000000800fa50                pow
 .text.__ieee754_pow
                0x000000000800fba8      0xa2c d:/stm32cubeide/stm32cubeide_1.0.0/stm32cubeide/plugins/com.st.stm32cube.ide.mcu.externaltools.gnu-tools-for-stm32.9-2020-q2-update.win32_1.5.0.202011040924/tools/bin/../lib/gcc/arm-none-eabi/9.3.1/../../../../arm-none-eabi/lib/thumb/v7-m/nofp\libm.a(lib_a-e_pow.o)
                0x000000000800fba8                __ieee754_pow
 .text.__ieee754_sqrt
                0x00000000080105d4      0x158 d:/stm32cubeide/stm32cubeide_1.0.0/stm32cubeide/plugins/com.st.stm32cube.ide.mcu.externaltools.gnu-tools-for-stm32.9-2020-q2-update.win32_1.5.0.202011040924/tools/bin/../lib/gcc/arm-none-eabi/9.3.1/../../../../arm-none-eabi/lib/thumb/v7-m/nofp\libm.a(lib_a-e_sqrt.o)
                0x00000000080105d4                __ieee754_sqrt
 .text.fabs     0x000000000801072c        0x6 d:/stm32cubeide/stm32cubeide_1.0.0/stm32cubeide/plugins/com.st.stm32cube.ide.mcu.externaltools.gnu-tools-for-stm32.9-2020-q2-update.win32_1.5.0.202011040924/tools/bin/../lib/gcc/arm-none-eabi/9.3.1/../../../../arm-none-eabi/lib/thumb/v7-m/nofp\libm.a(lib_a-s_fabs.o)
                0x000000000801072c                fabs
 .text.finite   0x0000000008010732        0xc d:/stm32cubeide/stm32cubeide_1.0.0/stm32cubeide/plugins/com.st.stm32cube.ide.mcu.externaltools.gnu-tools-for-stm32.9-2020-q2-update.win32_1.5.0.202011040924/tools/bin/../lib/gcc/arm-none-eabi/9.3.1/../../../../arm-none-eabi/lib/thumb/v7-m/nofp\libm.a(lib_a-s_finite.o)
                0x0000000008010732                finite
 *fill*         0x000000000801073e        0x2 
 .text.nan      0x0000000008010740        0xc d:/stm32cubeide/stm32cubeide_1.0.0/stm32cubeide/plugins/com.st.stm32cube.ide.mcu.externaltools.gnu-tools-for-stm32.9-2020-q2-update.win32_1.5.0.202011040924/tools/bin/../lib/gcc/arm-none-eabi/9.3.1/../../../../arm-none-eabi/lib/thumb/v7-m/nofp\libm.a(lib_a-s_nan.o)
                0x0000000008010740                nan
 .text.rint     0x000000000801074c      0x114 d:/stm32cubeide/stm32cubeide_1.0.0/stm32cubeide/plugins/com.st.stm32cube.ide.mcu.externaltools.gnu-tools-for-stm32.9-2020-q2-update.win32_1.5.0.202011040924/tools/bin/../lib/gcc/arm-none-eabi/9.3.1/../../../../arm-none-eabi/lib/thumb/v7-m/nofp\libm.a(lib_a-s_rint.o)
                0x000000000801074c                rint
 .text.scalbn   0x0000000008010860      0x10c d:/stm32cubeide/stm32cubeide_1.0.0/stm32cubeide/plugins/com.st.stm32cube.ide.mcu.externaltools.gnu-tools-for-stm32.9-2020-q2-update.win32_1.5.0.202011040924/tools/bin/../lib/gcc/arm-none-eabi/9.3.1/../../../../arm-none-eabi/lib/thumb/v7-m/nofp\libm.a(lib_a-s_scalbn.o)
                0x0000000008010860                scalbn
 *(.glue_7)
 .glue_7        0x000000000801096c        0x0 linker stubs
 *(.glue_7t)
 .glue_7t       0x000000000801096c        0x0 linker stubs
 *(.eh_frame)
 .eh_frame      0x000000000801096c        0x0 d:/stm32cubeide/stm32cubeide_1.0.0/stm32cubeide/plugins/com.st.stm32cube.ide.mcu.externaltools.gnu-tools-for-stm32.9-2020-q2-update.win32_1.5.0.202011040924/tools/bin/../lib/gcc/arm-none-eabi/9.3.1/thumb/v7-m/nofp/crtbegin.o
 *(.init)
 .init          0x000000000801096c        0x4 d:/stm32cubeide/stm32cubeide_1.0.0/stm32cubeide/plugins/com.st.stm32cube.ide.mcu.externaltools.gnu-tools-for-stm32.9-2020-q2-update.win32_1.5.0.202011040924/tools/bin/../lib/gcc/arm-none-eabi/9.3.1/thumb/v7-m/nofp/crti.o
                0x000000000801096c                _init
 .init          0x0000000008010970        0x8 d:/stm32cubeide/stm32cubeide_1.0.0/stm32cubeide/plugins/com.st.stm32cube.ide.mcu.externaltools.gnu-tools-for-stm32.9-2020-q2-update.win32_1.5.0.202011040924/tools/bin/../lib/gcc/arm-none-eabi/9.3.1/thumb/v7-m/nofp/crtn.o
 *(.fini)
 .fini          0x0000000008010978        0x4 d:/stm32cubeide/stm32cubeide_1.0.0/stm32cubeide/plugins/com.st.stm32cube.ide.mcu.externaltools.gnu-tools-for-stm32.9-2020-q2-update.win32_1.5.0.202011040924/tools/bin/../lib/gcc/arm-none-eabi/9.3.1/thumb/v7-m/nofp/crti.o
                0x0000000008010978                _fini
 .fini          0x000000000801097c        0x8 d:/stm32cubeide/stm32cubeide_1.0.0/stm32cubeide/plugins/com.st.stm32cube.ide.mcu.externaltools.gnu-tools-for-stm32.9-2020-q2-update.win32_1.5.0.202011040924/tools/bin/../lib/gcc/arm-none-eabi/9.3.1/thumb/v7-m/nofp/crtn.o
                0x0000000008010984                . = ALIGN (0x4)
                0x0000000008010984                _etext = .

.vfp11_veneer   0x0000000008010984        0x0
 .vfp11_veneer  0x0000000008010984        0x0 linker stubs

.v4_bx          0x0000000008010984        0x0
 .v4_bx         0x0000000008010984        0x0 linker stubs

.iplt           0x0000000008010984        0x0
 .iplt          0x0000000008010984        0x0 d:/stm32cubeide/stm32cubeide_1.0.0/stm32cubeide/plugins/com.st.stm32cube.ide.mcu.externaltools.gnu-tools-for-stm32.9-2020-q2-update.win32_1.5.0.202011040924/tools/bin/../lib/gcc/arm-none-eabi/9.3.1/thumb/v7-m/nofp/crtbegin.o

.rodata         0x0000000008010988    0x15280
                0x0000000008010988                . = ALIGN (0x4)
 *(.rodata)
 .rodata        0x0000000008010988       0x55 Core/Src/expmenu.o
 *fill*         0x00000000080109dd        0x3 
 .rodata        0x00000000080109e0      0x3c0 Core/Src/gui.o
 .rodata        0x0000000008010da0        0xd Core/Src/main.o
 *fill*         0x0000000008010dad        0x3 
 .rodata        0x0000000008010db0       0x1e Core/Src/mainmenu.o
 *fill*         0x0000000008010dce        0x2 
 .rodata        0x0000000008010dd0       0x26 Core/Src/numpad.o
 *fill*         0x0000000008010df6        0x2 
 .rodata        0x0000000008010df8       0x2d Core/Src/read_screen_sd.o
 *fill*         0x0000000008010e25        0x3 
 .rodata        0x0000000008010e28       0x20 Drivers/STM32F1xx_HAL_Driver/Src/stm32f1xx_hal_rcc.o
 .rodata        0x0000000008010e48       0x20 Drivers/STM32F1xx_HAL_Driver/Src/stm32f1xx_hal_rcc_ex.o
 .rodata        0x0000000008010e68        0x4 Middlewares/ST/STM32_USB_Host_Library/Class/CDC/Src/usbh_cdc.o
 .rodata        0x0000000008010e6c       0x48 Middlewares/Third_Party/FatFs/src/ff.o
 *(.rodata*)
 .rodata.cmd_read_y.8260
                0x0000000008010eb4        0x1 Core/Src/XPT2046_touch.o
 *fill*         0x0000000008010eb5        0x3 
 .rodata.zeroes_tx.8261
                0x0000000008010eb8        0x2 Core/Src/XPT2046_touch.o
 *fill*         0x0000000008010eba        0x2 
 .rodata.cmd_read_x.8259
                0x0000000008010ebc        0x1 Core/Src/XPT2046_touch.o
 *fill*         0x0000000008010ebd        0x3 
 .rodata.expImage
                0x0000000008010ec0    0x14000 Core/Src/expmenu.o
                0x0000000008010ec0                expImage
 .rodata.Font7x10
                0x0000000008024ec0      0x76c Core/Src/fonts.o
 .rodata.AHBPrescTable
                0x000000000802562c       0x10 Core/Src/system_stm32f1xx.o
                0x000000000802562c                AHBPrescTable
 .rodata.APBPrescTable
                0x000000000802563c        0x8 Core/Src/system_stm32f1xx.o
                0x000000000802563c                APBPrescTable
 .rodata.ExCvt  0x0000000008025644       0x80 Middlewares/Third_Party/FatFs/src/ff.o
 .rodata.LfnOfs
                0x00000000080256c4        0xd Middlewares/Third_Party/FatFs/src/ff.o
 *fill*         0x00000000080256d1        0x3 
 .rodata.Tbl    0x00000000080256d4      0x100 Middlewares/Third_Party/FatFs/src/option/ccsbcs.o
 .rodata.tbl_lower.8059
                0x00000000080257d4      0x1e0 Middlewares/Third_Party/FatFs/src/option/ccsbcs.o
 .rodata.tbl_upper.8060
                0x00000000080259b4      0x1e0 Middlewares/Third_Party/FatFs/src/option/ccsbcs.o
 .rodata._svfprintf_r.str1.1
                0x0000000008025b94       0x11 d:/stm32cubeide/stm32cubeide_1.0.0/stm32cubeide/plugins/com.st.stm32cube.ide.mcu.externaltools.gnu-tools-for-stm32.9-2020-q2-update.win32_1.5.0.202011040924/tools/bin/../lib/gcc/arm-none-eabi/9.3.1/../../../../arm-none-eabi/lib/thumb/v7-m/nofp\libc_nano.a(lib_a-nano-svfprintf.o)
 .rodata._printf_i.str1.1
                0x0000000008025ba5       0x22 d:/stm32cubeide/stm32cubeide_1.0.0/stm32cubeide/plugins/com.st.stm32cube.ide.mcu.externaltools.gnu-tools-for-stm32.9-2020-q2-update.win32_1.5.0.202011040924/tools/bin/../lib/gcc/arm-none-eabi/9.3.1/../../../../arm-none-eabi/lib/thumb/v7-m/nofp\libc_nano.a(lib_a-nano-vfprintf_i.o)
 .rodata.__ieee754_pow.str1.1
                0x0000000008025bc7       0x22 d:/stm32cubeide/stm32cubeide_1.0.0/stm32cubeide/plugins/com.st.stm32cube.ide.mcu.externaltools.gnu-tools-for-stm32.9-2020-q2-update.win32_1.5.0.202011040924/tools/bin/../lib/gcc/arm-none-eabi/9.3.1/../../../../arm-none-eabi/lib/thumb/v7-m/nofp\libm.a(lib_a-e_pow.o)
                                          0x1 (size before relaxing)
 *fill*         0x0000000008025bc7        0x1 
 .rodata.bp     0x0000000008025bc8       0x10 d:/stm32cubeide/stm32cubeide_1.0.0/stm32cubeide/plugins/com.st.stm32cube.ide.mcu.externaltools.gnu-tools-for-stm32.9-2020-q2-update.win32_1.5.0.202011040924/tools/bin/../lib/gcc/arm-none-eabi/9.3.1/../../../../arm-none-eabi/lib/thumb/v7-m/nofp\libm.a(lib_a-e_pow.o)
 .rodata.dp_h   0x0000000008025bd8       0x10 d:/stm32cubeide/stm32cubeide_1.0.0/stm32cubeide/plugins/com.st.stm32cube.ide.mcu.externaltools.gnu-tools-for-stm32.9-2020-q2-update.win32_1.5.0.202011040924/tools/bin/../lib/gcc/arm-none-eabi/9.3.1/../../../../arm-none-eabi/lib/thumb/v7-m/nofp\libm.a(lib_a-e_pow.o)
 .rodata.dp_l   0x0000000008025be8       0x10 d:/stm32cubeide/stm32cubeide_1.0.0/stm32cubeide/plugins/com.st.stm32cube.ide.mcu.externaltools.gnu-tools-for-stm32.9-2020-q2-update.win32_1.5.0.202011040924/tools/bin/../lib/gcc/arm-none-eabi/9.3.1/../../../../arm-none-eabi/lib/thumb/v7-m/nofp\libm.a(lib_a-e_pow.o)
 .rodata.TWO52  0x0000000008025bf8       0x10 d:/stm32cubeide/stm32cubeide_1.0.0/stm32cubeide/plugins/com.st.stm32cube.ide.mcu.externaltools.gnu-tools-for-stm32.9-2020-q2-update.win32_1.5.0.202011040924/tools/bin/../lib/gcc/arm-none-eabi/9.3.1/../../../../arm-none-eabi/lib/thumb/v7-m/nofp\libm.a(lib_a-s_rint.o)
                0x0000000008025c08                . = ALIGN (0x4)

.ARM.extab      0x0000000008025c08        0x0
                0x0000000008025c08                . = ALIGN (0x4)
 *(.ARM.extab* .gnu.linkonce.armextab.*)
                0x0000000008025c08                . = ALIGN (0x4)

.ARM            0x0000000008025c08        0x8
                0x0000000008025c08                . = ALIGN (0x4)
                0x0000000008025c08                __exidx_start = .
 *(.ARM.exidx*)
 .ARM.exidx     0x0000000008025c08        0x8 d:/stm32cubeide/stm32cubeide_1.0.0/stm32cubeide/plugins/com.st.stm32cube.ide.mcu.externaltools.gnu-tools-for-stm32.9-2020-q2-update.win32_1.5.0.202011040924/tools/bin/../lib/gcc/arm-none-eabi/9.3.1/thumb/v7-m/nofp\libgcc.a(_udivmoddi4.o)
                0x0000000008025c10                __exidx_end = .
                0x0000000008025c10                . = ALIGN (0x4)

.rel.dyn        0x0000000008025c10        0x0
 .rel.iplt      0x0000000008025c10        0x0 d:/stm32cubeide/stm32cubeide_1.0.0/stm32cubeide/plugins/com.st.stm32cube.ide.mcu.externaltools.gnu-tools-for-stm32.9-2020-q2-update.win32_1.5.0.202011040924/tools/bin/../lib/gcc/arm-none-eabi/9.3.1/thumb/v7-m/nofp/crtbegin.o

.preinit_array  0x0000000008025c10        0x0
                0x0000000008025c10                . = ALIGN (0x4)
                0x0000000008025c10                PROVIDE (__preinit_array_start = .)
 *(.preinit_array*)
                0x0000000008025c10                PROVIDE (__preinit_array_end = .)
                0x0000000008025c10                . = ALIGN (0x4)

.init_array     0x0000000008025c10        0x4
                0x0000000008025c10                . = ALIGN (0x4)
                0x0000000008025c10                PROVIDE (__init_array_start = .)
 *(SORT_BY_NAME(.init_array.*))
 *(.init_array*)
 .init_array    0x0000000008025c10        0x4 d:/stm32cubeide/stm32cubeide_1.0.0/stm32cubeide/plugins/com.st.stm32cube.ide.mcu.externaltools.gnu-tools-for-stm32.9-2020-q2-update.win32_1.5.0.202011040924/tools/bin/../lib/gcc/arm-none-eabi/9.3.1/thumb/v7-m/nofp/crtbegin.o
                0x0000000008025c14                PROVIDE (__init_array_end = .)
                0x0000000008025c14                . = ALIGN (0x4)

.fini_array     0x0000000008025c14        0x4
                0x0000000008025c14                . = ALIGN (0x4)
                [!provide]                        PROVIDE (__fini_array_start = .)
 *(SORT_BY_NAME(.fini_array.*))
 *(.fini_array*)
 .fini_array    0x0000000008025c14        0x4 d:/stm32cubeide/stm32cubeide_1.0.0/stm32cubeide/plugins/com.st.stm32cube.ide.mcu.externaltools.gnu-tools-for-stm32.9-2020-q2-update.win32_1.5.0.202011040924/tools/bin/../lib/gcc/arm-none-eabi/9.3.1/thumb/v7-m/nofp/crtbegin.o
                [!provide]                        PROVIDE (__fini_array_end = .)
                0x0000000008025c18                . = ALIGN (0x4)
                0x0000000008025c18                _sidata = LOADADDR (.data)

.data           0x0000000020000000      0x278 load address 0x0000000008025c18
                0x0000000020000000                . = ALIGN (0x4)
                0x0000000020000000                _sdata = .
 *(.data)
 *(.data*)
 .data.methodButton
                0x0000000020000000       0x10 Core/Src/expmenu.o
                0x0000000020000000                methodButton
 .data.backButton
                0x0000000020000010       0x10 Core/Src/expmenu.o
                0x0000000020000010                backButton
 .data.rangeButton
                0x0000000020000020       0x10 Core/Src/expmenu.o
                0x0000000020000020                rangeButton
 .data.eiButton
                0x0000000020000030       0x10 Core/Src/expmenu.o
                0x0000000020000030                eiButton
 .data.er1Button
                0x0000000020000040       0x10 Core/Src/expmenu.o
                0x0000000020000040                er1Button
 .data.er2Button
                0x0000000020000050       0x10 Core/Src/expmenu.o
                0x0000000020000050                er2Button
 .data.vButton  0x0000000020000060       0x10 Core/Src/expmenu.o
                0x0000000020000060                vButton
 .data.cycleButton
                0x0000000020000070       0x10 Core/Src/expmenu.o
                0x0000000020000070                cycleButton
 .data.resButton
                0x0000000020000080       0x10 Core/Src/expmenu.o