expmenu.c:5:6:methodHandler	4	static
expmenu.c:9:6:rangeHandler	16	static
expmenu.c:15:6:eiHandler	16	static
expmenu.c:22:6:er1Handler	16	static
expmenu.c:28:6:er2Handler	16	static
expmenu.c:34:6:vHandler	16	static
expmenu.c:40:6:cycleHandler	16	static
expmenu.c:44:6:resHandler	16	static
expmenu.c:50:6:qtimeHandler	16	static
expmenu.c:57:6:cellHandler	16	static
expmenu.c:61:6:channelHandler	16	static
expmenu.c:65:6:expStartHandler	16	static
expmenu.c:69:6:deltaVHandler	16	static
expmenu.c:75:6:modHandler	16	static
expmenu.c:79:6:backHandler	4	static
expmenu.c:106:6:checkExperimentButtons	8	static
expmenu.c:135:6:drawExperimentMenu	16	static
