ili9163.c:10:11:get_buffer	4	static
ili9163.c:14:6:drawImage	24	static
ili9163.c:29:6:ILI9163_writeCommand	16	static
ili9163.c:38:6:ILI9163_writeData	16	static
ili9163.c:47:6:ILI9163_writeData16	24	static
ili9163.c:57:6:ILI9163_setAddress	24	static
ili9163.c:69:6:ILI9163_reset	8	static
ili9163.c:77:6:ILI9163_init	16	static
ili9163.c:184:6:ILI9163_newFrame	16	static
ili9163.c:189:6:ILI9163_render	8	static
ili9163.c:200:6:ILI9163_drawPixel	16	static
ili9163.c:208:6:ILI9163_fillRect	32	static
ili9163.c:215:6:ILI9163_drawRect	32	static
ili9163.c:224:6:ILI9163_drawLine	48	static
ili9163.c:274:6:ILI9163_fillCircle	32	static
ili9163.c:282:6:ILI9163_drawCircle	40	static
ili9163.c:317:6:ILI9163_fillDisplay	24	static
ili9163.c:321:6:ILI9163_drawChar	24	static
ili9163.c:334:6:ILI9163_drawString	40	static
ili9163.c:357:6:ILI9163_drawStringF	112	static
ili9163.c:368:6:ILI9163_drawButton	40	static
