main.c:102:5:main	72	static
main.c:211:6:SystemClock_Config	120	static
main.c:269:13:MX_ADC1_Init	24	static
main.c:314:13:MX_RTC_Init	16	static
main.c:354:13:MX_SPI1_Init	8	static
main.c:392:13:MX_SPI3_Init	8	static
main.c:430:13:MX_USART2_UART_Init	8	static
main.c:461:13:MX_DMA_Init	16	static
main.c:482:13:MX_GPIO_Init	56	static
main.c:628:6:HAL_SPI_TxCpltCallback	16	static
main.c:640:6:exp_init	8	static
main.c:649:6:exp_isr	16	static
main.c:662:6:exp_end	8	static
main.c:666:6:exp_read	8	static
main.c:677:6:Error_Handler	4	static
