main.c:102:5:main	72	static
main.c:212:6:SystemClock_Config	120	static
main.c:270:13:MX_ADC1_Init	24	static
main.c:315:13:MX_RTC_Init	16	static
main.c:355:13:MX_SPI1_Init	8	static
main.c:393:13:MX_SPI3_Init	8	static
main.c:431:13:MX_USART2_UART_Init	8	static
main.c:462:13:MX_DMA_Init	16	static
main.c:483:13:MX_GPIO_Init	56	static
main.c:629:6:HAL_SPI_TxCpltCallback	16	static
main.c:641:6:exp_init	8	static
main.c:650:6:exp_isr	16	static
main.c:663:6:exp_end	8	static
main.c:667:6:exp_read	8	static
main.c:678:6:Error_Handler	4	static
