numpad.c:3:6:oneHandler	16	static
numpad.c:15:6:twoHandler	16	static
numpad.c:26:6:threeHandler	16	static
numpad.c:37:6:fourHandler	16	static
numpad.c:48:6:fiveHandler	16	static
numpad.c:59:6:sixHandler	16	static
numpad.c:70:6:sevenHandler	16	static
numpad.c:81:6:eightHandler	16	static
numpad.c:92:6:nineHandler	16	static
numpad.c:103:6:dotHandler	4	static
numpad.c:111:6:zeroHandler	8	static
numpad.c:125:6:enterHandler	4	static
numpad.c:132:6:removeHandler	24	static
numpad.c:164:6:checkNumpadButtons	8	static
numpad.c:191:6:drawNumpad	56	static
